05-31 02:46:35.380  1653  1663 D HeatmapThread: !@ Heatmap prevv_dsoh_update_time: 29663625
05-31 02:46:35.381  1653  1663 E HeatmapThread: !@Could not open '/efs/FactoryApp/bsoh', errno = 13
05-31 02:46:35.381  1653  1663 E HeatmapThread: !@ CAM Could not access BSOH EFS
05-31 02:46:35.381  1653  1663 E HeatmapThread: !@ CAM New BSOH: 0
05-31 02:46:36.378  1653  1663 E HeatmapThread: ECT Thread time in milliseconds: 1780184796
05-31 02:46:36.379  1653  1663 D HeatmapThread: !@ batteryplugType : 0
05-31 02:46:36.379  1653  1663 D HeatmapThread: !@ batteryLevel : 0  batteryTemperature : 0 
05-31 02:46:36.379  1653  1663 D HeatmapThread: !@ Heatmap currtime: 29669746
05-31 02:46:36.379  1653  1663 D HeatmapThread: !@ Heatmap prevtime: 29669727
05-31 02:46:36.379  1653  1663 D HeatmapThread: !@ Heatmap plugstarttime: 35791394
05-31 02:46:36.379  1653  1663 D HeatmapThread: !@ Heatmap prevv_dsoh_update_time: 29663625
05-31 02:46:36.380  1653  1663 E HeatmapThread: !@Could not open '/efs/FactoryApp/bsoh', errno = 13
05-31 02:46:36.380  1653  1663 E HeatmapThread: !@ CAM Could not access BSOH EFS
05-31 02:46:36.380  1653  1663 E HeatmapThread: !@ CAM New BSOH: 0
05-31 02:46:36.561  1144  1144 D io_stats: !@   8,0 r 34135566 696909369 w 12382169 248453036 d 4111897 304671036 f 0 1208523 iot 16812056 0 th 0 0 0 pt 0 inp 0 0 213635.838
05-31 02:46:37.053  1555 27692 I HYPER-HAL: [RequestManager.cpp]releaseLocked(): Released ID : 3542791
05-31 02:46:37.379  1653  1663 E HeatmapThread: ECT Thread time in milliseconds: 1780184797
05-31 02:46:37.379  1653  1663 D HeatmapThread: !@ batteryplugType : 0
05-31 02:46:37.379  1653  1663 D HeatmapThread: !@ batteryLevel : 0  batteryTemperature : 0 
05-31 02:46:37.379  1653  1663 D HeatmapThread: !@ Heatmap currtime: 29669746
05-31 02:46:37.379  1653  1663 D HeatmapThread: !@ Heatmap prevtime: 29669727
05-31 02:46:37.379  1653  1663 D HeatmapThread: !@ Heatmap plugstarttime: 35791394
05-31 02:46:37.379  1653  1663 D HeatmapThread: !@ Heatmap prevv_dsoh_update_time: 29663625
05-31 02:46:37.380  1653  1663 E HeatmapThread: !@Could not open '/efs/FactoryApp/bsoh', errno = 13
05-31 02:46:37.380  1653  1663 E HeatmapThread: !@ CAM Could not access BSOH EFS
05-31 02:46:37.380  1653  1663 E HeatmapThread: !@ CAM New BSOH: 0
05-31 02:46:37.744  2407  2993 D WifiStaIfaceHidlImpl: getCachedScanData is not implemented by HIDL
05-31 02:46:37.749  2407 28612 D SemWifiUsabilityStatsMonitor: onWifiUsabilityStats - seqNum 48719, isSameBssidAndFreq true
05-31 02:46:37.752  2407  3097 E SemWifiLinkQualityMonitor: Too old or invalid TMI: currentTime=1780184797752 lastDateWindow=1780032838000
05-31 02:46:37.753 26011 26011 I GWT:SessionWorker: [clockpackage] Clear appWidget-12-worker resource
05-31 02:46:37.755 26011 26011 I GWT:SessionWorker: [clockpackage] SessionWorker appWidget-12 end
05-31 02:46:37.756 26011 26011 I GWT:SessionWorker: [clockpackage] closeSession appWidget-12
05-31 02:46:37.757 26011 26011 I GWT:GlanceSession: [clockpackage] close: this=AppWidgetSession{60d5141 id=12 widget=bh.i1 }
05-31 02:46:37.767 26011 27601 I WM-WorkerWrapper: Worker result SUCCESS for Work [ id=27faca00-dd34-488d-93ee-cacbb95b943a, tags={ androidx.glance.session.SessionWorker, com.sec.android.app.clockpackage, appWidget-12 } ]
05-31 02:46:37.768 26011 26011 I GWT:SessionWorker: [clockpackage] Clear appWidget-11-worker resource
05-31 02:46:37.768 26011 26011 I GWT:SessionWorker: [clockpackage] SessionWorker appWidget-11 end
05-31 02:46:37.768 26011 26011 I GWT:SessionWorker: [clockpackage] closeSession appWidget-11
05-31 02:46:37.769 26011 26011 I GWT:GlanceSession: [clockpackage] close: this=AppWidgetSession{e1cc07d id=11 widget=bh.i1 }
05-31 02:46:37.783 26011 27603 I WM-WorkerWrapper: Worker result SUCCESS for Work [ id=0bee7efd-a247-40ca-be36-555374211c13, tags={ androidx.glance.session.SessionWorker, com.sec.android.app.clockpackage, appWidget-11 } ]
05-31 02:46:37.787  2407  5632 I ActivityManager: Changes in 10165 8 to 10, 128 to 0
05-31 02:46:37.826  1661  1911 I VSyncReactor: Current= 24, Period= 24, hwcPeriod= 24
05-31 02:46:37.854  1548 27270 I sensors-hal: handle_sns_std_sensor_event:311, [SSC_LIGHT] P: 7(7),m:7,c:11,b:53,c0:416,l:7,f(r):67,u(bl):100,j:3
05-31 02:46:38.084  2407  4198 I NSLocationMonitor: getGPSUsingApps() called
05-31 02:46:38.086  4179 32056 I NSLocationManager_FLP: getGPSUsingApps, No change
05-31 02:46:38.100  2407  4198 D FreecessHandler: freeze com.google.android.documentsui(10052) result : 2
05-31 02:46:38.378  1653  1663 E HeatmapThread: ECT Thread time in milliseconds: 1780184798
05-31 02:46:38.379  1653  1663 D HeatmapThread: !@ batteryplugType : 0
05-31 02:46:38.379  1653  1663 D HeatmapThread: !@ batteryLevel : 0  batteryTemperature : 0 
05-31 02:46:38.379  1653  1663 D HeatmapThread: !@ Heatmap currtime: 29669746
05-31 02:46:38.379  1653  1663 D HeatmapThread: !@ Heatmap prevtime: 29669727
05-31 02:46:38.379  1653  1663 D HeatmapThread: !@ Heatmap plugstarttime: 35791394
05-31 02:46:38.379  1653  1663 D HeatmapThread: !@ Heatmap prevv_dsoh_update_time: 29663625
05-31 02:46:38.379  1653  1663 E HeatmapThread: !@Could not open '/efs/FactoryApp/bsoh', errno = 13
05-31 02:46:38.379  1653  1663 E HeatmapThread: !@ CAM Could not access BSOH EFS
05-31 02:46:38.380  1653  1663 E HeatmapThread: !@ CAM New BSOH: 0
05-31 02:46:38.563  1144  1144 D io_stats: !@   8,0 r 34135575 696909921 w 12382169 248453036 d 4111897 304671036 f 0 1208523 iot 16812076 0 th 0 0 0 pt 0 inp 0 0 213637.841
05-31 02:46:38.564  1144  1144 D io_stats: !@ Read_top(KB): pp.clockpackage(26011) 552
05-31 02:46:38.564  1144  1144 D io_stats: !@ Write_top(KB): f2fs_ckpt-254:5(1235) 132 kworker/u16:0(18697) 72 init(1) 28
05-31 02:46:39.299  1548 27289 I sensors-hal: handle_sns_client_event:185, auto_rotation_debug_2 mode,255, type,1,0 acc,0.196,-0.084,9.820, ar,0, ver,14, pedo,1,e,1,i,3
05-31 02:46:39.378  1653  1663 E HeatmapThread: ECT Thread time in milliseconds: 1780184799
05-31 02:46:39.379  1653  1663 D HeatmapThread: !@ batteryplugType : 0
05-31 02:46:39.379  1653  1663 D HeatmapThread: !@ batteryLevel : 0  batteryTemperature : 0 
05-31 02:46:39.379  1653  1663 D HeatmapThread: !@ Heatmap currtime: 29669746
05-31 02:46:39.379  1653  1663 D HeatmapThread: !@ Heatmap prevtime: 29669727
05-31 02:46:39.379  1653  1663 D HeatmapThread: !@ Heatmap plugstarttime: 35791394
05-31 02:46:39.379  1653  1663 D HeatmapThread: !@ Heatmap prevv_dsoh_update_time: 29663625
05-31 02:46:39.379  1653  1663 E HeatmapThread: !@Could not open '/efs/FactoryApp/bsoh', errno = 13
05-31 02:46:39.380  1653  1663 E HeatmapThread: !@ CAM Could not access BSOH EFS
05-31 02:46:39.380  1653  1663 E HeatmapThread: !@ CAM New BSOH: 0
05-31 02:46:39.882 27624 27628 W id.app.reminder: userfaultfd: MOVE ioctl seems unsupported: Connection timed out
05-31 02:46:40.065 10896 10896 I [MCFServer]_CallbackTimer: setTimeout - alarm set : 133020
05-31 02:46:40.066 10896 10896 I [MCFServer]_SubscriberManager: stopPilotAdvertise - bleSID (0x40000)
05-31 02:46:40.066 10896 10896 I [MCFServer]_SubscriberManager: startPilotAdvertise - {AD{id=0x40000, access=0, timeout=7826}, R=false, CB{i=262144, h=128991483}}
05-31 02:46:40.067 10896 10896 I [MCFServer]_CallbackTimer: setTimeout - alarm set : 7825
05-31 02:46:40.067 10896 10896 I [MCFServer]_McfBleAdvertiser(Pilot): stopAdvertiser - unset
05-31 02:46:40.069  2407  2915 D ActivityManager: Received SERVICE intent 0x852403c Key{startService pkg=com.samsung.android.game.gos intent=xflg=0x4 cmp=com.samsung.android.game.gos/.service.MainIntentService flags=0x2000000 u=0} requestCode=1000 from uid 1000
05-31 02:46:40.076  3463  4138 W BtGatt.AdvertiseManager: stopAdvertisingSet() - Enter the mNativeInterface
05-31 02:46:40.076  3463  4138 I bt_shim_advertiser: system/main/shim/le_advertising_manager.cc:80 Unregister: in shim layer
05-31 02:46:40.077  3463  3832 W bluetooth: system/gd/hci/le_advertising_manager.cc:443 remove_advertiser: advertiser_id =1
05-31 02:46:40.077  3463  4138 E BtGatt.AdvertiseManager: [GSIM LOG]: gsimLogHandler, msg: MESSAGE_ADV_SET_STOP, appName: com.samsung.android.mcfserver, id: 1, isLegacy: true
05-31 02:46:40.077  1535  1535 D vendor.qti.bluetooth@1.0-ibs_handler: SerialClockVote: vote for UART CLK ON
05-31 02:46:40.078 10896 10896 I [MCFServer]_CallbackTimer: setTimeout - onAlarm
05-31 02:46:40.078  1535  1535 D vendor.qti.bluetooth@1.0-wake_lock: Acquire wakelock is acquired 
05-31 02:46:40.078  1535  1535 I vendor.qti.bluetooth@1.0-ibs_handler: DeviceWakeUp: Writing IBS_WAKE_IND
05-31 02:46:40.079  3463  4243 I bluetooth_core::gatt::server::isolation_manager: removing server (if any) associated with advertiser AdvertiserId(1)
05-31 02:46:40.081 10896 10896 I [MCFServer]_SubscriberManager: onPilotAdvertisingSetStopped - 
05-31 02:46:40.082 25804 27700 I GOS:MainIntentService: onHandleIntent(). type(ON_ALARM) from 4
05-31 02:46:40.082 25804 27700 I GOS:MainIntentService: received UPDATE_ALARM type alarm: ON_ALARM
05-31 02:46:40.083  2407  3679 D SGM:GameManager: getVersion.
05-31 02:46:40.084  1535  4084 I vendor.qti.bluetooth@1.0-ibs_handler: ProcessIbsCmd: Received IBS_WAKE_ACK: 0xFC
05-31 02:46:40.084  1535  4084 I vendor.qti.bluetooth@1.0-ibs_handler: ProcessIbsCmd: Signal wack_cond_
05-31 02:46:40.084  1535  1535 D vendor.qti.bluetooth@1.0-ibs_handler: DeviceWakeUp: Unblocked from waiting for FC, pthread_cond_timedwait ret = 0
05-31 02:46:40.085  1535  4084 I vendor.qti.bluetooth@1.0-ibs_handler: ProcessIbsCmd: Received IBS_WAKE_IND: 0xFD
05-31 02:46:40.085  1535  4084 I vendor.qti.bluetooth@1.0-ibs_handler: ProcessIbsCmd: Writing IBS_WAKE_ACK
05-31 02:46:40.135  1535  4084 I vendor.qti.bluetooth@1.0-ibs_handler: ProcessIbsCmd: Received IBS_SLEEP_IND: 0xFE
05-31 02:46:40.168 25804 27700 I GOS:AlarmController: onUpdateAlarm(), start!, IntentType: ON_ALARM
05-31 02:46:40.170 25804 27700 I GOS:AlarmController: onUpdateAlarm() - GameLastPlayedTime too old. skip update millisFromLastUpdate: 367205636
05-31 02:46:40.177 25804 27700 I GOS:AlarmController: checkConditionsForPostSync(), result true
05-31 02:46:40.179 10896 10896 I [MCFServer]_McfSubscriberBleBehavior(A3): startAdvertising - Start! combined bleSID = 0x40000
05-31 02:46:40.180 10896 10896 I [MCFServer]_McfBleAdvertiser(Pilot): getAdvData - [ 0x02 0x14 0x10 0x10 0x05 0x01 0x00 0x04 0x00 0x00 0x04 0x02 0xED 0xB3 0xA3 0x02 0x04 0x10 0x00 0x17 0x00 0x55 0x82 0x04 0x64 0x5D 0x00 ]
05-31 02:46:40.180 10896 10896 I [MCFServer]_McfBleAdvertiser(Pilot): startAdvertiser - , 104
05-31 02:46:40.184  3463  4138 I bt_shim_advertiser: system/main/shim/le_advertising_manager.cc:155 StartAdvertisingSet: in shim layer
05-31 02:46:40.184  3463  4138 I bt_shim_advertiser: system/main/shim/le_advertising_manager.cc:174 StartAdvertisingSet: create advertising set, client_id:255, reg_id:-2454
05-31 02:46:40.184  3463  3832 W bluetooth: system/gd/hci/le_advertising_manager.cc:431 allocate_advertiser: advertiser_id=1
05-31 02:46:40.184  3463  3832 W bluetooth: system/gd/hci/le_advertising_manager.cc:643 create_extended_advertiser_with_id: advertiser_id=1
05-31 02:46:40.184  3463  3832 I bluetooth: system/gd/hci/le_advertising_manager.cc:722 create_extended_advertiser_with_id: Scheduling address rotation for advertiser_id=1
05-31 02:46:40.184  3463  3832 I bluetooth: system/gd/hci/le_address_manager.cc:581 GetNextPrivateAddressIntervalRange: client=advertising_set_1, nonwake=7m31s, wake=14m22s
05-31 02:46:40.185  3463  3832 I bluetooth: system/gd/hci/le_advertising_manager.cc:1307 enable_advertiser: advertiser_id=1
05-31 02:46:40.185  1535  4084 I vendor.qti.bluetooth@1.0-ibs_handler: ProcessIbsCmd: Received IBS_WAKE_IND: 0xFD
05-31 02:46:40.185  1535  4084 I vendor.qti.bluetooth@1.0-ibs_handler: ProcessIbsCmd: Writing IBS_WAKE_ACK
05-31 02:46:40.187  3463  3832 I bluetooth: system/gd/hci/le_advertising_manager.cc:1868 on_set_advertising_set_random_address_complete: update random address for advertising set 1 : xx:xx:xx:xx:09:04
05-31 02:46:40.190  3463  4138 E BtGatt.AdvertiseManager: [GSIM LOG]: gsimLogHandler, msg: MESSAGE_ADV_SET_START, appName: com.samsung.android.mcfserver, id: 1, isLegacy: true
05-31 02:46:40.192 10896 10896 I [MCFServer]_SubscriberManager: onPilotAdvertisingSetStarted - 
05-31 02:46:40.197 25804 27700 I GOS:AlarmController: onUpdateAlarm(), User not agreed, remove Ringlog data. successful: true
05-31 02:46:40.198 25804 27700 I GOS:AlarmController: onUpdateAlarm(), end!
05-31 02:46:40.201 25804 25804 I GOS:App : onTrimMemory 40
05-31 02:46:40.229  1535  4084 I vendor.qti.bluetooth@1.0-ibs_handler: ProcessIbsCmd: Received IBS_SLEEP_IND: 0xFE
05-31 02:46:40.380  1653  1663 E HeatmapThread: ECT Thread time in milliseconds: 1780184800
05-31 02:46:40.380  1653  1663 D HeatmapThread: !@ batteryplugType : 0
05-31 02:46:40.380  1653  1663 D HeatmapThread: !@ batteryLevel : 0  batteryTemperature : 0 
05-31 02:46:40.380  1653  1663 D HeatmapThread: !@ Heatmap currtime: 29669746
05-31 02:46:40.380  1653  1663 D HeatmapThread: !@ Heatmap prevtime: 29669727
05-31 02:46:40.380  1653  1663 D HeatmapThread: !@ Heatmap plugstarttime: 35791394
05-31 02:46:40.380  1653  1663 D HeatmapThread: !@ Heatmap prevv_dsoh_update_time: 29663625
05-31 02:46:40.381  1653  1663 E HeatmapThread: !@Could not open '/efs/FactoryApp/bsoh', errno = 13
05-31 02:46:40.381  1653  1663 E HeatmapThread: !@ CAM Could not access BSOH EFS
05-31 02:46:40.381  1653  1663 E HeatmapThread: !@ CAM New BSOH: 0
05-31 02:46:40.451  2407  2926 D InputReader: Btn_touch(3): value=1 when=213639.727712
05-31 02:46:40.451  2407  2926 I InputReader: Touch event's action is 0x0 (id=7, t=0) [pCnt=1, s=0.21332 ] when=213639.727712
05-31 02:46:40.455  2407  2925 I InputDispatcher: Delivering touch to (3211): action: 0x4, f=0x0, d=0, '2e1e847', t=1 
05-31 02:46:40.455  2407  2925 I InputDispatcher: Delivering touch to (7384): action: 0x4, f=0x0, d=0, 'b9ba85d', t=1 
05-31 02:46:40.456  2407  2925 I InputDispatcher: Delivering touch to (3645): action: 0x0, f=0x0, d=0, '75ca107', t=1 
05-31 02:46:40.456  2407  2925 D PowerManagerService: [api] userActivityFromNative : touch displayId=0 eventTime=213639727
05-31 02:46:40.457  2407  2925 D PowerManagerService: UserActivityStateListenerState: 1
05-31 02:46:40.457  1661  1947 D DisplayModeController: setDesiredMode 4630947232161729154 {mode={fps=120.00 Hz, modePtr={id=0, vsyncRate=120.00 Hz, peakRefreshRate=120.00 Hz}}, emitEvent=true, force=false}
05-31 02:46:40.459  1661  1661 I SurfaceFlinger: SFWD update time=213639736548031
05-31 02:46:40.459  3645  3645 I VRI[LauncherActivity]@3363efb: ViewPostIme pointer 0
05-31 02:46:40.460  1661  1911 I VSyncReactor: Current= 24, Period= 120, hwcPeriod= 24
05-31 02:46:40.460  1661  1661 I SurfaceFlinger: Touch Boost - choose 120.00 Hz
05-31 02:46:40.461  3645  3645 I HoneySpace.AppscreenContainerView: findActiveTouchController ev = 0
05-31 02:46:40.461  3645  3645 I HoneySpace.AppscreenHomeTouchController: onControllerInterceptTouchEvent ev = 0
05-31 02:46:40.461  1661  1661 I HWComposer: [4630947232161729154] ActiveConfigToHWC, ID : 0
05-31 02:46:40.462  3645  3645 I HoneySpace.AppscreenHomeTouchController: canIntercept = true
05-31 02:46:40.462  1661  1661 D SurfaceFlinger: GPIS:: requestGPISForClientComposition
05-31 02:46:40.462  3645  3645 I VRI[LauncherActivity]@3363efb: call setFrameRateCategory for touch hint category=high hint, reason=touch, vri=VRI[LauncherActivity]@3363efb
05-31 02:46:40.462  1574  1849 I SDM     : HWCDisplay::SubmitDisplayConfig: [DispConfigs] config 9 => 0, hs_mode 3 => 3
05-31 02:46:40.462  1574  1849 I SDM     : HWDeviceDRM::SetDisplaySwitchMode: [DispConfigs] check hs_mode 3
05-31 02:46:40.463  1574  1849 I SDM     : HWDeviceDRM::SetDisplaySwitchMode: [DispConfigs] Set mode index:0 1080x2340x120xcmdHS, hs_mode(3), found_mode(0)
05-31 02:46:40.463  1574  1849 I SDM     : HWDeviceDRM::UpdateMixerAttributes: Mixer WxH 1080x2340-1 for Peripheral
05-31 02:46:40.463  1574  1849 I SDM     : HWCDisplay::SubmitDisplayConfig: Active configuration changed from config 9 to 0
05-31 02:46:40.463  5770  5770 I SemDvfsHyPerManager: acquire hyper - TABoost/5770@25, type = -999
05-31 02:46:40.464  1555  1586 I HYPER-HAL: [RequestManager.cpp]acquire(): Acquired ID : 16793935  [5770 / 25]    HINT :      list : [TABoost / 1] [TIMEOUT / 1500] 
05-31 02:46:40.461  2407  2487 I GestureDetector: obtain mCurrentDownEvent. id: 173467219 caller: com.android.server.wm.SystemGesturesPointerEventListener.onPointerEvent:17 com.android.server.wm.PointerEventDispatcher.onInputEvent:51 android.view.InputEventReceiver.dispatchInputEvent:392 
05-31 02:46:40.467  1661  4090 D NativeSemDvfsManager: acquire:: timeout = 2000 mIsAcquired = 1  mTagName : SurfaceFlinger 
05-31 02:46:40.467  1661  4090 E NativeCustomFrequencyManager: [NativeCFMS] BpCustomFrequencyManager::acquire()
05-31 02:46:40.468  2407  2487 I GestureDetector: obtain mCurrentDownEvent. id: 173467219 caller: com.android.server.wm.SystemPerformancePointerEventListener.onPointerEvent:13 com.android.server.wm.PointerEventDispatcher.onInputEvent:51 android.view.InputEventReceiver.dispatchInputEvent:392 
05-31 02:46:40.468  1555  1586 I HYPER-HAL: [RequestManager.cpp]acquire(): Acquired ID : 3542791  [1661 / 1000]    HINT : SF_GPU_MINLOCK    list : [TIMEOUT / 2000] 
05-31 02:46:40.468  2407  2487 I GestureDetector: obtain mCurrentMotionEventRaw. action: 2 id: 83903887
05-31 02:46:40.468  2407  2487 I GestureDetector: obtain mCurrentMotionEventRaw. action: 2 id: 83903887
05-31 02:46:40.475  3645  3645 I HoneySpace.AppscreenContainerView: findActiveTouchController ev = 2
05-31 02:46:40.476  3645  3645 I HoneySpace.AppscreenHomeTouchController: onControllerInterceptTouchEvent ev = 2
05-31 02:46:40.477  1661  1911 I VSyncReactor: Current= 24, Period= 120, hwcPeriod= 120
05-31 02:46:40.483  1661  1661 I SurfaceFlinger: finalizeDisplayModeChange 4630947232161729154
05-31 02:46:40.484  1661  1661 I SurfaceFlinger: [com.sec.android.app.launcher/com.sec.android.app.launcher.activities.LauncherActivity$_3645#38948] setFrameRateCategory: HighHint
05-31 02:46:40.485  3645  3645 I HoneySpace.AppscreenContainerView: findActiveTouchController ev = 2
05-31 02:46:40.485  3645  3645 I HoneySpace.AppscreenHomeTouchController: onControllerInterceptTouchEvent ev = 2
05-31 02:46:40.493  3645  3645 I HoneySpace.AppscreenContainerView: findActiveTouchController ev = 2
05-31 02:46:40.493  3645  3645 I HoneySpace.AppscreenHomeTouchController: onControllerInterceptTouchEvent ev = 2
05-31 02:46:40.502  3645  3645 I HoneySpace.AppscreenContainerView: findActiveTouchController ev = 2
05-31 02:46:40.502  3645  3645 I HoneySpace.AppscreenHomeTouchController: onControllerInterceptTouchEvent ev = 2
05-31 02:46:40.505  2407  2926 D InputReader: Btn_touch(3): value=0 when=213639.782158
05-31 02:46:40.505  2407  2926 I InputReader: Touch event's action is 0x1 (id=7, t=0) [pCnt=1, s=] when=213639.782158
05-31 02:46:40.505  2407  2925 I InputDispatcher: Delivering touch to (3645): action: 0x1, f=0x0, d=0, '75ca107', t=1 
05-31 02:46:40.505  3645  3645 I HoneySpace.AppscreenContainerView: findActiveTouchController ev = 2
05-31 02:46:40.505  3645  3645 I HoneySpace.AppscreenHomeTouchController: onControllerInterceptTouchEvent ev = 2
05-31 02:46:40.506  3645  3645 I VRI[LauncherActivity]@3363efb: ViewPostIme pointer 1
05-31 02:46:40.506  3645  3645 I HoneySpace.AppscreenContainerView: findActiveTouchController ev = 1
05-31 02:46:40.506  3645  3645 I HoneySpace.AppscreenHomeTouchController: onControllerInterceptTouchEvent ev = 1
05-31 02:46:40.509  3645  3645 I HoneySpace.AppsSearchBarManager: startSearchActivity by toggle
05-31 02:46:40.509  3645  3645 I HoneySpace.BackgroundManagerImpl: updateProperties[ch=227959805], com.honeyspace.sdk.FinderScreen$Normal@c1e81f0, true
05-31 02:46:40.509  3645  3645 I HoneySpace.BackgroundManagerImpl: updateDimColor[ch=227959805]
05-31 02:46:40.509  3645  3645 I HoneySpace.BackgroundManagerImpl: updated the scrimView's end color : com.honeyspace.sdk.FinderScreen$Normal@c1e81f0
05-31 02:46:40.509  3645  3645 I HoneySpace.BackgroundManagerImpl: updateLastDimAndBlur[ch=227959805]dim[0.0 -> 0.0] ,wBlur[0.0 -> 2.0
05-31 02:46:40.509  3645  3645 I HoneySpace.BackgroundManagerImpl: updateLastState[227959805]: com.honeyspace.sdk.AppScreen$Normal@abf54ae -> com.honeyspace.sdk.FinderScreen$Normal@c1e81f0
05-31 02:46:40.509  3645  3645 I HoneySpace.BlurBackgroundControllerImpl: updateLastState com.honeyspace.sdk.FinderScreen$Normal@c1e81f0 6
05-31 02:46:40.509  3645  3645 I HoneySpace.BlurBackgroundControllerImpl: updateLastState com.honeyspace.sdk.FinderScreen$Normal@c1e81f0 12
05-31 02:46:40.509  3645  3645 I HoneySpace.BlurBackgroundControllerImpl: updateLastState com.honeyspace.sdk.FinderScreen$Normal@c1e81f0 11
05-31 02:46:40.509  3645  3645 I HoneySpace.BlurBackgroundControllerImpl: updateLastState com.honeyspace.sdk.FinderScreen$Normal@c1e81f0 15
05-31 02:46:40.509  3645  3645 I HoneySpace.BlurBackgroundControllerImpl: updateLastState com.honeyspace.sdk.FinderScreen$Normal@c1e81f0 18
05-31 02:46:40.509  3645  3645 I HoneySpace.AppscreenPot: onPlayStarted com.honeyspace.sdk.FinderScreen$Normal@c1e81f0
05-31 02:46:40.509  3645  3645 I HoneySpace.HoneyScreenManagerImpl: stopAppClosing
05-31 02:46:40.509  3645  3645 I HoneySpace.HoneyScreenManagerImpl: start state transition: w2.o@fe783d
05-31 02:46:40.509  3645  3645 I HoneySpace.SearchHoneyPot: show w2.o@fe783d, true
05-31 02:46:40.510  3645  3645 I ContentsUI: setDeviceMode : Normal
05-31 02:46:40.511  3645  3645 I HoneySpace.AppGridManager: finderWidthDp : 360.0 density : 3.0 marginDp : 10 appTrayAreaDp : 320 maxBounds : 360.0
05-31 02:46:40.511  3645  3645 I HoneySpace.SearchHoneyPot: show Normal
05-31 02:46:40.511  3645 21280 I ContentsUI: setDeviceMode : Normal
05-31 02:46:40.511  3645  3645 I HoneySpace.SearchState: EnterState: onSearch
05-31 02:46:40.513  3645 21280 I HoneySpace.AppGridManager: finderWidthDp : 360.0 density : 3.0 marginDp : 10 appTrayAreaDp : 320 maxBounds : 360.0
05-31 02:46:40.513  3645 21280 I HoneySpace.SearchHoneyPot: flow current mode : Normal
05-31 02:46:40.513  3645 25777 I HoneySpace.ContentsViewModel: observe results
05-31 02:46:40.513  3645 25777 I HoneySpace.ContentsViewModel: observed com.honeyspace.search.ui.honeypot.presentation.content.ContentsViewModel@434a369
05-31 02:46:40.514  3645 25777 I ContentsUI: onUpdate: with 150 [z2.a@db3f180, z2.a@9004abe, z2.a@cc403cf, z2.a@d29e6ab]
05-31 02:46:40.514  3645  3645 I SemWallpaperColorsArea: Final area : Rect(72, 21 - 1008, 81)
05-31 02:46:40.514  3645  3645 I SemWallpaperColorsArea: Final area : Rect(36, 162 - 1044, 1875)
05-31 02:46:40.514  3645  3645 I SemWallpaperColorsArea: Final area : Rect(0, 2196 - 1080, 2340)
05-31 02:46:40.514  3645 25777 I ContentsUI: before Latch : Normal
05-31 02:46:40.515  3645  3645 I HoneySpace.LayoutStyle: updateWallpaperBrightness : 1
05-31 02:46:40.515  3645  3645 I PhoneCardStyle: updateWallpaperMode : 1
05-31 02:46:40.515  3645 25777 I ContentsUI: request post
05-31 02:46:40.515  3645 25777 I HoneySpace.ContentsViewModel: handleResults com.honeyspace.search.ui.honeypot.presentation.content.ContentsViewModel@434a369
05-31 02:46:40.537  3645  3645 I HoneySpace.SearchUI: updateInsets Insets{left=0, top=81, right=0, bottom=144}
05-31 02:46:40.537  3645  3645 I HoneySpace.SearchUI: updateInsetsOnBinding: input=Insets{left=0, top=81, right=0, bottom=144} null
05-31 02:46:40.541  3645  3645 I HoneySpace.SearchUI: updateInputUIProperty uiMode : 17
05-31 02:46:40.541  3645  3645 I HoneySpace.SearchUI: bind: editText=androidx.appcompat.widget.SearchView$SearchAutoComplete{f4b8618 VFED..CL. ......ID 0,0-0,0 #7f0a053b app:id/search_src_text aid=1073746773}
05-31 02:46:40.541  3645  3645 I HoneySpace.SearchHoneyPot: preShown Normal
05-31 02:46:40.541  3645  3645 I HoneySpace.SearchHoneyPot: preShown APPS true true
05-31 02:46:40.541  3645  3645 I HoneySpace.SearchUI: resetTransition
05-31 02:46:40.541  3645  3645 I HoneySpace.FinderElementAnimation: startSearchBarAnimation
05-31 02:46:40.542  3645  3645 I HoneySpace.HoneyScreenManagerImpl: show FINDER
05-31 02:46:40.542  3645  3645 I HoneySpace.BackgroundManagerImpl: setProgress: com.honeyspace.sdk.FinderScreen$Normal@c1e81f0, p=0.0, ch=227959805, open=true
05-31 02:46:40.542  3645  3645 I HoneySpace.BackgroundManagerImpl: setProgressToScrimView[ch=227959805]: progress = 0.0, dim = 0.0, currentDimAlpha={177579539=0.0, 227959805=0.0, 258660469=0.0}
05-31 02:46:40.542  3645  3645 I HoneySpace.WallpaperBlurView: apply(): progress = 2.0, radius = 250, preset = PresetConfigure(blurRadius=250, id=132, alphaScaleFactor=765.0)
05-31 02:46:40.542  3645  3645 I HoneySpace.BackgroundManagerImpl: setProgressToBlurView[ch=227959805, st =  com.honeyspace.sdk.FinderScreen$Normal@c1e81f0, progress = 0.0, wb= 2.0]
05-31 02:46:40.542  2407  5632 I ActivityManager: Changes in 10181 7 to 3, 128 to 144
05-31 02:46:40.543  3645  3777 I HoneySpace.SALoggingUtils: SA Logging screenID: 201 eventId: 2007 detail: {} value: -1
05-31 02:46:40.543  3645  3777 I HoneySpace.SALoggingUtils: SA Logging screenID: FD_1002 eventId: FD_101 detail: {det=APPS} value: -1
05-31 02:46:40.543  3645  3645 I HoneySpace.BackgroundManagerImpl: setProgress: com.honeyspace.sdk.FinderScreen$Normal@c1e81f0, p=0.0, ch=227959805, open=true
05-31 02:46:40.543  3645  3645 I HoneySpace.BackgroundManagerImpl: setProgressToScrimView[ch=227959805]: progress = 0.0, dim = 0.0, currentDimAlpha={177579539=0.0, 227959805=0.0, 258660469=0.0}
05-31 02:46:40.543  3645  3645 I HoneySpace.WallpaperBlurView: apply(): progress = 2.0, radius = 250, preset = PresetConfigure(blurRadius=250, id=132, alphaScaleFactor=765.0)
05-31 02:46:40.543  3645  3645 I HoneySpace.BackgroundManagerImpl: setProgressToBlurView[ch=227959805, st =  com.honeyspace.sdk.FinderScreen$Normal@c1e81f0, progress = 0.0, wb= 2.0]
05-31 02:46:40.544 21191 21202 I ekwx    : (REDACTED) HDM. appOpsListener %s %s
05-31 02:46:40.544 21191 21202 I ekwx    : (REDACTED) HDM. Ignoring irrelevant audio permission changes for package %s
05-31 02:46:40.545  5077  5114 V OsAgent : broadcastSystemEvent - 7
05-31 02:46:40.545  1902 11087 I CameraService: onUidStateChanged: uid=10181, procState is changed. (7 -> 3)
05-31 02:46:40.547  2407  3074 D BackgroundInstallControlService: Package event received: 0
05-31 02:46:40.553  5534 23170 I ScsApi@Feature: checkFeature() : FEATURE_SPEECH_RECOGNITION, sdk : 4.0.20
05-31 02:46:40.553  5534  8628 I ScsApi@Feature: checkFeature() : FEATURE_SPEECH_RECOGNITION, sdk : 4.0.20
05-31 02:46:40.554  3645  3645 W BitmapDrawable: BitmapDrawable created with null Bitmap
05-31 02:46:40.554  5534  8628 I ScsApi@FeatureHolder: setStatus() : FEATURE_SPEECH_RECOGNITION : 0
05-31 02:46:40.555  5534 23170 I ScsApi@FeatureHolder: setStatus() : FEATURE_SPEECH_RECOGNITION : 0
05-31 02:46:40.555  5534  8628 I ScsApi@Feature: checkFeature() : FEATURE_AI_LANGUAGE_PACK_CONFIGURATION_PROVIDER, sdk : 4.0.20
05-31 02:46:40.555  5534 23170 I ScsApi@Feature: checkFeature() : FEATURE_AI_LANGUAGE_PACK_CONFIGURATION_PROVIDER, sdk : 4.0.20
05-31 02:46:40.555  5534 23170 I ScsApi@FeatureHolder: setStatus() : FEATURE_AI_LANGUAGE_PACK_CONFIGURATION_PROVIDER : 0
05-31 02:46:40.557  5534  8628 I ScsApi@FeatureHolder: setStatus() : FEATURE_AI_LANGUAGE_PACK_CONFIGURATION_PROVIDER : 0
05-31 02:46:40.559  2407  3074 D BackgroundInstallControlService: Package event received: 0
05-31 02:46:40.564  3645  3645 I HoneySpace.AppLabelTextView: Simple Video Player : letterSpacing -0.06363636 : width 216
05-31 02:46:40.565  3645  3645 I HoneySpace.AppLabelTextView: Dreamehome Uygulaması : letterSpacing -0.06363636 : width 216
05-31 02:46:40.565  3645  3645 I HoneySpace.AppLabelTextView: Gemini : letterSpacing 0.0 : width 216
05-31 02:46:40.565  3645  3645 I HoneySpace.AppLabelTextView: VLC : letterSpacing 0.0 : width 216
05-31 02:46:40.567  1144  1144 D io_stats: !@   8,0 r 34135871 696912393 w 12382187 248453108 d 4111897 304671036 f 0 1208525 iot 16812164 0 th 0 0 0 pt 0 inp 0 0 213639.844
05-31 02:46:40.573  3645  3645 I HoneySpace.AppLabelTextView: Dosyalarım : letterSpacing 0.0 : width 216
05-31 02:46:40.574  3645  3645 I HoneySpace.AppLabelTextView: Fermata Auto : letterSpacing 0.0 : width 216
05-31 02:46:40.574  3645  3645 I HoneySpace.AppLabelTextView: Tapo : letterSpacing 0.0 : width 216
05-31 02:46:40.574  3645  3645 I HoneySpace.AppLabelTextView: Fintables : letterSpacing 0.0 : width 216
05-31 02:46:40.574  1476  1476 D Zygote  : Forked child process 27704
05-31 02:46:40.574  2407  2496 I ActivityManager: Start proc 27704:com.samsung.android.intellivoiceservice/u0a292 for content provider {com.samsung.android.intellivoiceservice/com.samsung.android.intellivoiceservice.common.provider.ConfigSystemProvider}
05-31 02:46:40.574  2407  2496 I ActivityManager: ProcessObserver broadcast disabled
05-31 02:46:40.580  3645  3645 I HoneySpace.ChipCardViewHolder: SUGGESTED_TAG not ItemChanged
05-31 02:46:40.595 27704 27704 I llivoiceservice: Using CollectorTypeCMC GC.
05-31 02:46:40.599  3645  3645 W BitmapDrawable: BitmapDrawable created with null Bitmap
05-31 02:46:40.605  3645  3645 W BitmapDrawable: BitmapDrawable created with null Bitmap
05-31 02:46:40.611  3645  3645 I HoneySpace.ChipCardViewHolder: HISTORY_KEYWORD not ItemChanged
05-31 02:46:40.613  3645  3645 W BitmapDrawable: BitmapDrawable created with null Bitmap
05-31 02:46:40.627  3645  3645 I HoneySpace.WallpaperBlurView: apply(): progress = 2.0, radius = 250, preset = PresetConfigure(blurRadius=250, id=132, alphaScaleFactor=765.0)
05-31 02:46:40.633  3645  3645 I HoneySpace.WallpaperBlurView: apply(): progress = 2.0, radius = 250, preset = PresetConfigure(blurRadius=250, id=132, alphaScaleFactor=765.0)
05-31 02:46:40.636  3645  3645 I HoneySpace.WallpaperBlurView: apply(): progress = 2.0, radius = 250, preset = PresetConfigure(blurRadius=250, id=132, alphaScaleFactor=765.0)
05-31 02:46:40.644  1661  1911 I VSyncReactor: Current= 120, Period= 120, hwcPeriod= 120
05-31 02:46:40.644  3645  3645 I HoneySpace.WallpaperBlurView: apply(): progress = 2.0, radius = 250, preset = PresetConfigure(blurRadius=250, id=132, alphaScaleFactor=765.0)
05-31 02:46:40.652  3645  3645 I HoneySpace.WallpaperBlurView: apply(): progress = 2.0, radius = 250, preset = PresetConfigure(blurRadius=250, id=132, alphaScaleFactor=765.0)
05-31 02:46:40.661  3645  3645 I HoneySpace.WallpaperBlurView: apply(): progress = 2.0, radius = 250, preset = PresetConfigure(blurRadius=250, id=132, alphaScaleFactor=765.0)
05-31 02:46:40.664  3645  3645 I CardAdapter: setCards: SUGGESTED_APPS, SUGGESTED_TAG, SUGGESTED_DIRECTORY, HISTORY_KEYWORD, DUMMY
05-31 02:46:40.669  3645  3645 I HoneySpace.WallpaperBlurView: apply(): progress = 2.0, radius = 250, preset = PresetConfigure(blurRadius=250, id=132, alphaScaleFactor=765.0)
05-31 02:46:40.678  3645  3645 I HoneySpace.WallpaperBlurView: apply(): progress = 2.0, radius = 250, preset = PresetConfigure(blurRadius=250, id=132, alphaScaleFactor=765.0)
05-31 02:46:40.686  3645  3645 I HoneySpace.WallpaperBlurView: apply(): progress = 2.0, radius = 250, preset = PresetConfigure(blurRadius=250, id=132, alphaScaleFactor=765.0)
05-31 02:46:40.691 27704 27704 I ServiceApplication: process:com.samsung.android.intellivoiceservice version:1.2.25.30
05-31 02:46:40.692  3645  3645 I HoneySpace.SipController: showKeyboard androidx.appcompat.widget.SearchView$SearchAutoComplete{f4b8618 VFED..CL. ........ 66,36-870,120 #7f0a053b app:id/search_src_text aid=1073746773} android.view.ViewRootImpl$W@3363efb
05-31 02:46:40.695  2407  5632 W PresentationStatsEventLogger: Shouldn't be logging AutofillPresentationEventReported again for same event
05-31 02:46:40.695  2407  5632 D PresentationStatsEventLogger: Started new PresentationStatsEvent
05-31 02:46:40.695 27704 27714 I ConfigHandler: Ph_[call:: , get_language_pack_configuration] [binder:27704_3] 
05-31 02:46:40.696  3645  3645 I InputMethodManager: startInputInner - IInputMethodManagerGlobalInvoker.startInputOrWindowGainedFocus
05-31 02:46:40.697 27704 27713 I ConfigHandler: Ph_[call:: , get_language_pack_configuration] [binder:27704_2] 
05-31 02:46:40.699  3645  3645 I InputMethodManager_LC: showSoftInput(View,I)
05-31 02:46:40.699 27704 27704 E ashmem  : Pinning is deprecated since Android Q. Please use trim or other methods.
05-31 02:46:40.699 27704 27714 I ConfigHandler: Ph_[destEndpointType, prd] [binder:27704_3] 
05-31 02:46:40.699 27704 27713 I ConfigHandler: Ph_[destEndpointType, prd] [binder:27704_2] 
05-31 02:46:40.700  3645  3645 I ImeTracker: com.sec.android.app.launcher:3312face: onRequestShow at ORIGIN_CLIENT reason SHOW_SOFT_INPUT fromUser false
05-31 02:46:40.700  3645  3645 I InputMethodManager_LC: ssi(): flags=1 view=com.sec.android.app.launcher reason=SHOW_SOFT_INPUT
05-31 02:46:40.701  2407  2941 V InputMethodManagerService: startInputOrWindowGainedFocusInternalLocked: reason=CHECK_FOCUS client=android.os.BinderProxy@1ae97be inputContext=com.android.internal.inputmethod.IRemoteInputConnection$Stub$Proxy@abf0cc9 editorInfo=android.view.inputmethod.EditorInfo@5b3dfce startInputFlags=VIEW_HAS_FOCUS|IS_TEXT_EDITOR|INITIAL_CONNECTION softInputMode=STATE_UNSPECIFIED|ADJUST_NOTHING windowFlags=#81910100 unverifiedTargetSdkVersion=36 bindingController=com.android.server.inputmethod.InputMethodBindingController@dadeaaf imeDispatcher=android.window.ImeOnBackInvokedDispatcher@31b3eef cs=ClientState{d1252a8 mUid=10135 mPid=3645 mSelfReportedDisplayId=0} imeRequestedVisible=false
05-31 02:46:40.702  2407  2941 V InputMethodManagerService: startInputOrWindowGainedFocusInternalLocked: reason=CHECK_FOCUS clientState=d1252a8 editorInfo=android.view.inputmethod.EditorInfo@5b3dfce startInputFlags=VIEW_HAS_FOCUS|IS_TEXT_EDITOR|INITIAL_CONNECTION softInputMode=STATE_UNSPECIFIED|ADJUST_NOTHING windowFlags=#81910100 sameWindowFocused=true
05-31 02:46:40.702  2407  2941 V InputMethodManagerService: setWindowStateInner, windowToken=android.os.BinderProxy@be39b46, state=ImeTargetWindowState{ imeToken null imeFocusChanged false hasEditorFocused true requestedImeVisible false imeDisplayId 0 softInputModeState STATE_UNSPECIFIED|ADJUST_NOTHING isStartInputByGainFocus false}
05-31 02:46:40.703  2407  2941 V InputMethodManagerService: Window already focused, ignoring focus gain of: com.android.internal.inputmethod.IInputMethodClient$Stub$Proxy@ba0cdfc editorInfo=android.view.inputmethod.EditorInfo@5b3dfce, token=android.os.BinderProxy@be39b46, startInputReason=CHECK_FOCUS
05-31 02:46:40.703  2407  2941 D SemInputMethodManagerServiceUtil: restorePreviousUsedInputMethod : failed to return the previous ime becuase the stored info is null or do not need restore
05-31 02:46:40.704  2407  2941 V InputMethodManagerService: semComputeImeDisplayIdForTarget: displayToShowIme=0
05-31 02:46:40.704  3645  3645 I InsetsController: setRequestedVisibleTypes: visible=true, mask=ime, host=com.sec.android.app.launcher/com.sec.android.app.launcher.activities.LauncherActivity, from=android.view.InsetsController.controlAnimationUnchecked:1604 android.view.InsetsController.applyAnimation:2416 android.view.InsetsController.applyAnimation:2343 android.view.InsetsController.show:1422 android.view.inputmethod.InputMethodManager.showSoftInput:2659 android.view.inputmethod.InputMethodManager.showSoftInput:2571 android.view.inputmethod.InputMethodManager.showSoftInput:2563 android.view.inputmethod.InputMethodManager.showSoftInput:2491 A8.a.run:1258 android.os.Handler.handleCallback:995 
05-31 02:46:40.704  2407  2941 V InputMethodManagerService: Creating new accessibility sessions for client ClientState{d1252a8 mUid=10135 mPid=3645 mSelfReportedDisplayId=0}
05-31 02:46:40.704  3645  3645 I SipController: isShowing : true
05-31 02:46:40.705  2407  5632 D WindowManager: updateSystemBarAttributes: displayId=0, focusedCanBeNavColorWin=false, win=Window{75ca107 u0 com.sec.android.app.launcher/com.sec.android.app.launcher.activities.LauncherActivity}, navColorWin=Window{75ca107 u0 com.sec.android.app.launcher/com.sec.android.app.launcher.activities.LauncherActivity}, caller=com.android.server.wm.InsetsStateController.onRequestedVisibleTypesChanged:86 com.android.server.wm.InsetsPolicy.onRequestedVisibleTypesChanged:3 com.android.server.wm.Session.updateRequestedVisibleTypes:37 
05-31 02:46:40.705  2407  5632 D WindowManager: updateSystemBarAttributes, bhv=2, apr=0, statusBarAprRegions=[AppearanceRegion{ bounds=[0,0][1080,2340]}], requestedVisibilities=-1
05-31 02:46:40.705  3645  3645 I HoneySpace.WallpaperBlurView: apply(): progress = 2.0, radius = 250, preset = PresetConfigure(blurRadius=250, id=132, alphaScaleFactor=765.0)
05-31 02:46:40.706  2407  2941 D InputMethodManagerService: isImeSwitcherDisabledPackage : false
05-31 02:46:40.706  2407  2941 D InputMethodManagerService: shouldShowImeSwitcherLocked : checking vis : 3
05-31 02:46:40.706  2407  2490 D SurfaceComposerClient: setCornerRadius ## 75ca107 com.sec.android.app.launcher/com.sec.android.app.launcher.activities.LauncherActivity#127 cornerRadius=0.000000
05-31 02:46:40.706  2407  2941 D InputMethodManagerService: checkDisplayOfStartInputAndUpdateKeyboard: displayId=0, mFocusedDisplayId=0
05-31 02:46:40.706  2407  2941 D InputTransport: Input channel constructed: 'ClientS', fd=1159
05-31 02:46:40.707  2407  2490 D SurfaceComposerClient: setCornerRadius ## 75ca107 com.sec.android.app.launcher/com.sec.android.app.launcher.activities.LauncherActivity#127 cornerRadius=0.000000
05-31 02:46:40.707 27704 27714 I SIS@LanguagePackConfigurationRepo: disable_native_??: false, awesome_intelligence_version: -1
05-31 02:46:40.707  2407  2941 D InputTransport: Input channel destroyed: 'ClientS', fd=1159
05-31 02:46:40.707  2407  2489 V InputMethodManagerService: Client requesting input be shown
05-31 02:46:40.707  2407  2489 D InputMethodManagerService: ACCESS_CONTROL_ENABLED = false, ACCESS_CONTROL_KEYBOARD_BLOCK = true
05-31 02:46:40.707 27704 27714 I LanguagePackConfigurationRepo: Ph_[key: , prd] [binder:27704_3] 
05-31 02:46:40.707  2407  2489 V InputMethodManagerService: setWindowStateInner, windowToken=android.os.BinderProxy@be39b46, state=ImeTargetWindowState{ imeToken android.os.Binder@6322ada imeFocusChanged false hasEditorFocused true requestedImeVisible true imeDisplayId 0 softInputModeState STATE_UNSPECIFIED|ADJUST_NOTHING isStartInputByGainFocus false}
05-31 02:46:40.707  2407  2489 D InputMethodBindingController: bindCurrentInputMethodService: caller=com.android.server.inputmethod.InputMethodBindingController.bindCurrentInputMethodService:17 com.android.server.inputmethod.InputMethodManagerService.showCurrentInputLocked:125 com.android.server.inputmethod.InputMethodManagerService.showCurrentInputInternal:45 com.android.server.wm.ImeInsetsSourceProvider$$ExternalSyntheticLambda0.run:88 android.os.Handler.handleCallback:995 android.os.Handler.dispatchMessage:103 android.os.Looper.loopOnce:273 android.os.Looper.loop:363 android.os.HandlerThread.run:85 com.android.server.ServiceThread.run:49 
05-31 02:46:40.708  3211  3211 I WallpaperService: resized: system, reportDraw=false, forceLayout=false, displayId=0
05-31 02:46:40.708 27704 27713 I LanguagePackConfigurationRepo: Ph_[key: , prd] [binder:27704_2] 
05-31 02:46:40.708  3211  3211 I VRI[StatusBar]@df4cb12: handleResized, frames=ClientWindowFrames{frame=[0,0][1080,81] display=[0,0][1080,2340] parentFrame=[0,0][0,0]} displayId=0 dragResizing=false compatScale=1.0 frameChanged=false attachedFrameChanged=false configChanged=false displayChanged=false compatScaleChanged=false dragResizingChanged=false
05-31 02:46:40.708  3211  3211 I VRI[NavigationBar0]@25c0aee: handleResized, frames=ClientWindowFrames{frame=[0,2196][1080,2340] display=[0,0][1080,2340] parentFrame=[0,0][0,0]} displayId=0 dragResizing=false compatScale=1.0 frameChanged=false attachedFrameChanged=false configChanged=false displayChanged=false compatScaleChanged=false dragResizingChanged=false
05-31 02:46:40.709  3211  3540 I WallpaperService: handleResized: which=5, reportDraw=false
05-31 02:46:40.709  3211  3540 I WallpaperService: updateSurface system forceRelayout=true forceReport=false redrawNeeded=false myWidth=-1 myHeight=-1 fixedSize=false x = 0 y = 0 mWidth=-1 mHeight=-1
05-31 02:46:40.709  3211  3540 I WallpaperService: maxBounds : Rect(0, 0 - 1080, 2340) , mDeviceHeight : 2340, mDeviceWidth : 1080,mDeviceRotation  : 0
05-31 02:46:40.709  3211  3540 I WallpaperService: updateSurface: invoke Session.relayout
05-31 02:46:40.709  2407  3314 I WindowManager: Relayout Window{fb5bb7 u0 com.android.systemui.wallpapers.ImageWallpaper}: viewVisibility=0 req=-1x-1 ty=2013 d0
05-31 02:46:40.709  2407  3314 D SurfaceComposerClient: setCornerRadius ## 75ca107 com.sec.android.app.launcher/com.sec.android.app.launcher.activities.LauncherActivity#127 cornerRadius=0.000000
05-31 02:46:40.709  7384  7384 I InsetsController: onStateChanged: host=GoogleDiscoverWindow, from=android.view.ViewRootImpl.onInsetsStateChanged:3026, state=InsetsState: {mDisplayFrame=Rect(0, 0 - 1080, 2340), mDisplayCutout=DisplayCutout{insets=Rect(0, 81 - 0, 0) waterfall=Insets{left=0, top=0, right=0, bottom=0} boundingRect={Bounds=[Rect(0, 0 - 0, 0), Rect(512, 0 - 568, 81), Rect(0, 0 - 0, 0), Rect(0, 0 - 0, 0)]} cutoutPathParserInfo={CutoutPathParserInfo{displayWidth=1080 displayHeight=2340 physicalDisplayWidth=1080 physicalDisplayHeight=2340 density={3.0} cutoutSpec={M 0,0 H -9.333333333333333 V 27 H 9.333333333333333 V 0 H 0 Z @dp} rotation={0} scale={1.0} physicalPixelDisplaySizeRatio={1.0}}} sideOverrides={}}, mRoundedCorners=RoundedCorners{[RoundedCorner{position=TopLeft, radius=102, center=Point(102, 102)}, RoundedCorner{position=TopRight, radius=102, center=Point(978, 102)}, RoundedCorner{position=BottomRight, radius=102, center=Point(978, 2238)}, RoundedCorner{position=BottomLeft, radius=102, center=Point(102, 2238)}]}  mRoundedCornerFrame=Rect(0, 0 - 1080, 2340), mPrivacyIndicatorBounds=PrivacyIndicatorBounds {static bounds=Rect(948, 0 - 1080, 81) rotation=0}, mDisplayShape=DisplayShape{ spec=-311912193 displayWidth=1080 displayHeight=2340 physicalPixelDisplaySizeRatio=1.0 rotation=0 offsetX=0 offsetY=0 scale=1.0}, mSources= { InsetsSource: {f0970001 mType=navigationBars mFrame=[0,2196][1080,2340] mVisible=true mFlags= mSideHint=BOTTOM mBoundingRects=null}, InsetsSource: {f0970004 mType=systemGestures mFrame=[0,0][0,0] mVisible=true mFlags= mSideHint=NONE mBoundingRects=null}, InsetsSource: {f0970005 mType=mandatorySystemGestures mFrame=[0,2196][1080,2340] mVisible=true mFlags= mSideHint=BOTTOM mBoundingRects=null}, InsetsSource: {f0970006 mType=tappableElement mFrame=[0,2196][1080,2340] mVisible=true mFlags= mSideHint=BOTTOM mBoundingRects=null}, InsetsSource: {f0970024 mType=systemGestures mFrame=[0,0][0,0] mVisible=true mFlags= mSideHint=NONE mBoundingRects=null}, InsetsSource: {27 mType=displayCutout mFrame=[0,0][1080,81] mVisible=true mFlags= mSideHint=TOP mBoundingRects=null}, InsetsSource: {4a9d0000 mType=statusBars mFrame=[0,0][1080,81] mVisible=true mFlags= mSideHint=TOP mBoundingRects=null}, InsetsSource: {4a9d0005 mType=mandatorySystemGestures mFrame=[0,0][1080,117] mVisible=true mFlags= mSideHint=TOP mBoundingRects=null}, InsetsSource: {4a9d0006 mType=tappableElement mFrame=[0,0][1080,81] mVisible=true mFlags= mSideHint=TOP mBoundingRects=null} }
05-31 02:46:40.710  2407  3314 D SurfaceComposerClient: setCornerRadius ## 75ca107 com.sec.android.app.launcher/com.sec.android.app.launcher.activities.LauncherActivity#127 cornerRadius=0.000000
05-31 02:46:40.710  7384  7384 I VRI[GoogleDiscoverWindow]@65813b4: handleResized, frames=ClientWindowFrames{frame=[0,0][1080,2340] display=[0,0][1080,2340] parentFrame=[0,0][0,0]} displayId=0 dragResizing=false compatScale=1.0 frameChanged=false attachedFrameChanged=false configChanged=false displayChanged=false compatScaleChanged=false dragResizingChanged=false
05-31 02:46:40.710  2407  3314 I WindowManager: Relayout hash=fb5bb7, pid=3211, syncId=-1: mAttrs={(0,0)(fillxfill) gr=TOP START CENTER layoutInDisplayCutoutMode=always ty=WALLPAPER fmt=RGBX_8888 wanim=0x1030328
05-31 02:46:40.710  2407  3314 I WindowManager:   fl=10318
05-31 02:46:40.710  2407  3314 I WindowManager:   pfl=14
05-31 02:46:40.710  2407  3314 I WindowManager:   bhv=1
05-31 02:46:40.710  2407  3314 I WindowManager:   frameRateBoostOnTouch=true
05-31 02:46:40.710  2407  3314 I WindowManager:   dvrrWindowFrameRateHint=true naviIconColor=0
05-31 02:46:40.710  2407  3314 I WindowManager:   sfl=8}
05-31 02:46:40.711  2407  2489 I ActivityManager: Changes in 10181 3 to 3, 144 to 255
05-31 02:46:40.711  3211  3540 I BLASTBufferQueue_Java: update, w= 1080 h= 2340 mName = Wallpaper mNativeObject= 0xb400007277992860 sc.mNativeObject= 0xb400007307921450 format= 2 caller= android.service.wallpaper.WallpaperService$Engine.getOrCreateBLASTSurface:2929 android.service.wallpaper.WallpaperService$Engine.updateSurface:1682 android.service.wallpaper.WallpaperService$IWallpaperEngineWrapper.handleResized:3540 android.service.wallpaper.WallpaperService$IWallpaperEngineWrapper.executeMessage:3459 com.android.internal.os.HandlerCaller$MyHandler.handleMessage:44 android.os.Handler.dispatchMessage:110 
05-31 02:46:40.711 27704 27704 I DIAGMON_SDK[605029][9ekpfc2wyf] : generated SR object
05-31 02:46:40.711  3211  3540 I BLASTBufferQueue: [Wallpaper#3](f:0,a:1,s:0) update width=1080 height=2340 format=2 mTransformHint=0
05-31 02:46:40.712  2407  2489 V InputMethodManagerService: Calling com.android.server.inputmethod.IInputMethodInvoker@85ebece.showSoftInput(android.os.BinderProxy@be39b46, 1, null) for reason: SHOW_SOFT_INPUT
05-31 02:46:40.712  5534  5534 I HBD     : HoneyBoardService onFinishInput 
05-31 02:46:40.712  5534  5534 I HBD     : a IC have been unbinding,  RemoteInputConnection{idHash=#d0ff3a3}
05-31 02:46:40.712  5534  5534 I HBD     : HoneyBoardService [PF_CL][onFinishInput]  0 ms 
05-31 02:46:40.712  5534  5534 I HBD     : HoneyBoardService onInlineSuggestionsResponse 
05-31 02:46:40.713 21191 21202 I ekwx    : (REDACTED) HDM. appOpsListener %s %s
05-31 02:46:40.713 21191 21202 I ekwx    : (REDACTED) HDM. Ignoring irrelevant audio permission changes for package %s
05-31 02:46:40.713  5534  5534 I HBD     : HoneyBoardService onCreateInlineSuggestionsRequest 
05-31 02:46:40.723  2407  3074 D BackgroundInstallControlService: Package event received: 0
05-31 02:46:40.724  3645  3645 I AssistStructure: Flattened final assist data: 59428 bytes, containing 1 windows, 452 views
05-31 02:46:40.725 27704 27713 I LanguagePackConfigurationRepo: Ph_[last language pack info time: , 2026-05-30 16:15:36] [binder:27704_2] 
05-31 02:46:40.725 27704 27714 I LanguagePackConfigurationRepo: Ph_[last language pack info time: , 2026-05-30 16:15:36] [binder:27704_3] 
05-31 02:46:40.725 27704 27713 I LanguagePackConfigurationRepo: Ph_[LanguagePackConfiguration:, 65467] [binder:27704_2] 
05-31 02:46:40.725 27704 27714 I LanguagePackConfigurationRepo: Ph_[LanguagePackConfiguration:, 65467] [binder:27704_3] 
05-31 02:46:40.726  5534 23170 I ScsApi@ExpiringData@136991415: langpackConfig has updated with PT24M13.277S, EXPIRED
05-31 02:46:40.726  5534 23170 W ScsApi@ExpiringData@136991415: langpackConfig return current value : PT0S
05-31 02:46:40.728  2407  3314 D AutofillSession: createPendingIntent for request 1098
05-31 02:46:40.731  5534  8628 I ScsApi@ExpiringData@136991415: langpackConfig has updated with PT24M13.277S, EXPIRED
05-31 02:46:40.731  5534  8628 W ScsApi@ExpiringData@136991415: langpackConfig return current value : PT0S
05-31 02:46:40.731  2407  3314 D ContentCapturePerUserService: Notified activity assist data for activity: Token{9a62a9a ActivityRecord{205099958 u0 com.sec.android.app.launcher/.activities.LauncherActivity t43879}} without a session Id
05-31 02:46:40.731  5534  5534 I HBD     : HoneyBoardService [IMI] onStartInput - caller pid : 3645 , caller uid : 10135 
05-31 02:46:40.731  5534 23170 I HBD     : c com.samsung.android.bixby.ondevice.trtr is not installed package. return false 
05-31 02:46:40.731  5534  5534 I HBD     : k updateConfigs 
05-31 02:46:40.731  5534  5534 I HBD     : k isEnabledNightMode : false 
05-31 02:46:40.732  5534  5534 I HBD     : a IC have been binding, RemoteInputConnection{idHash=#b7f9964} 
05-31 02:46:40.732  5534  5534 I HBD     : h [EditorInputType]setPrivateImeOptionsToTable privateImeOptions ( null )
05-31 02:46:40.732  5534  5534 I HBD     : b incognitoMode : false 
05-31 02:46:40.732  3645  3645 I HoneySpace.WallpaperBlurView: apply(): progress = 2.0, radius = 250, preset = PresetConfigure(blurRadius=250, id=132, alphaScaleFactor=765.0)
05-31 02:46:40.733  5534  5534 I HBD     : h getDefaultInputRange : UNKNOWN 
05-31 02:46:40.733  5534  5534 I HBD     : h getDefaultInputRange : UNKNOWN 
05-31 02:46:40.733  5534  5534 I HBD     : h getDefaultInputRange : UNKNOWN 
05-31 02:46:40.733  5534  5534 I HBD     : c update cached prediction status : false 
05-31 02:46:40.733  3645  3645 I VRI[LauncherActivity]@3363efb: handleResized, frames=ClientWindowFrames{frame=[0,0][1080,2340] display=[0,0][1080,2340] parentFrame=[0,0][0,0]} displayId=0 dragResizing=false compatScale=1.0 frameChanged=false attachedFrameChanged=false configChanged=false displayChanged=false compatScaleChanged=false dragResizingChanged=false
05-31 02:46:40.733  5534  8628 I HBD     : c com.samsung.android.bixby.ondevice.trtr is not installed package. return false 
05-31 02:46:40.734  5534  5534 I HBD     : h getDefaultInputRange : UNKNOWN 
05-31 02:46:40.734  5534  5534 I HBD     : a currentState : 0 
05-31 02:46:40.734  5534  5534 I HBD     : a [UpdatePolicy] [post] a: 0 cl: 4325376 kit: [0/0] vt: 0 ir: 1 
05-31 02:46:40.735  5534  5534 I HBD     : a [NRIC] resetNoResponseState 
