05-31 02:46:41.283  5538  5538 I SSS: CustomAssistStructure: Time Test - tree creation time: 5 mS
05-31 02:46:41.283  5538  5538 I SSS:AssistStructureParser: Setting hint '{smsOTPCode}' on 1073741832@1105283405
05-31 02:46:41.284  5538  5538 I SSS:AssistStructureParser: Setting hint '{emailAddress}' on 1073741839@1105283405
05-31 02:46:41.284  3645  5981 I VRI[LauncherActivity]@3363efb: mWNT: t=0xb400007447ad7250 mBlastBufferQueue=0xb400007277b9e900 fn= 130 HdrRenderState mRenderHdrSdrRatio=1.0 caller= android.view.SyncRtSurfaceTransactionApplier.applyTransaction:100 android.view.SyncRtSurfaceTransactionApplier.lambda$scheduleApply$0:73 android.view.SyncRtSurfaceTransactionApplier.$r8$lambda$afI4fXg3U3-nBZQEDQMiNy-B06s:0 
05-31 02:46:41.285  5538  5538 I SSS:AssistStructureParser: Setting hint '{url}' on 1073741862@1105283405
05-31 02:46:41.287  5538  5538 I SSS:AssistStructureParser: Setting hint '{postalAddress}' on 1073743965@1105283405
05-31 02:46:41.287  5538  5538 I SSS:AssistStructureParser: Setting hint '{postalAddress}' on 1073745107@1105283405
05-31 02:46:41.287  5538  5538 I SSS:AssistStructureParser: Setting hint '{postalAddress}' on 1073744465@1105283405
05-31 02:46:41.287  5538  5538 I SSS:AssistStructureParser: Setting hint '{postalAddress}' on 1073745115@1105283405
05-31 02:46:41.288  5538  5538 I SSS:AssistStructureParser: Setting hint '{postalAddress}' on 1073746782@1105283405
05-31 02:46:41.288  5538  5538 I SSS:AssistStructureParser: Setting hint '{postalAddress}' on 1073746790@1105283405
05-31 02:46:41.289  5538  5538 I SSS:AssistStructureParser: Setting hint '{postalAddress}' on 1073746797@1105283405
05-31 02:46:41.289  5538  5538 I SSS:AssistStructureParser: Setting hint '{postalAddress}' on 1073746805@1105283405
05-31 02:46:41.289  5538  5538 I SSS:AssistStructureParser: Setting hint '{postalAddress}' on 1073746813@1105283405
05-31 02:46:41.290  5538  5538 I SSS:AssistStructureParser: Setting hint '{postalAddress}' on 1073746821@1105283405
05-31 02:46:41.290  5538  5538 I SSS:AssistStructureParser: Setting hint '{postalAddress}' on 1073746828@1105283405
05-31 02:46:41.293  3645  5982 I VRI[LauncherActivity]@3363efb: mWNT: t=0xb400007447a9d2d0 mBlastBufferQueue=0xb400007277b9e900 fn= 131 HdrRenderState mRenderHdrSdrRatio=1.0 caller= android.view.SyncRtSurfaceTransactionApplier.applyTransaction:100 android.view.SyncRtSurfaceTransactionApplier.lambda$scheduleApply$0:73 android.view.SyncRtSurfaceTransactionApplier.$r8$lambda$afI4fXg3U3-nBZQEDQMiNy-B06s:0 
05-31 02:46:41.294  5538  5538 I SSS:AssistStructureParser: Setting hint '{smsOTPCode}' on 1073742079@1105283405
05-31 02:46:41.296  5538  5538 I SSS:AssistStructureParser: Setting hint '{smsOTPCode}' on 1073742117@1105283405
05-31 02:46:41.297  5538  5538 I SSS:AssistStructureParser: Setting hint '{smsOTPCode}' on 1073742136@1105283405
05-31 02:46:41.299  5538  5538 I SSS:AssistStructureParser: Setting hint '{phoneNumber}' on 1073742179@1105283405
05-31 02:46:41.299  3645  5981 I VRI[LauncherActivity]@3363efb: mWNT: t=0xb400007447a9d2d0 mBlastBufferQueue=0xb400007277b9e900 fn= 132 HdrRenderState mRenderHdrSdrRatio=1.0 caller= android.view.SyncRtSurfaceTransactionApplier.applyTransaction:100 android.view.SyncRtSurfaceTransactionApplier.lambda$scheduleApply$0:73 android.view.SyncRtSurfaceTransactionApplier.$r8$lambda$afI4fXg3U3-nBZQEDQMiNy-B06s:0 
05-31 02:46:41.300  5538  5538 I SSS:AssistStructureParser: Setting hint '{smsOTPCode}' on 1073742197@1105283405
05-31 02:46:41.309  3645  5982 I VRI[LauncherActivity]@3363efb: mWNT: t=0xb400007447a6a6d0 mBlastBufferQueue=0xb400007277b9e900 fn= 133 HdrRenderState mRenderHdrSdrRatio=1.0 caller= android.view.SyncRtSurfaceTransactionApplier.applyTransaction:100 android.view.SyncRtSurfaceTransactionApplier.lambda$scheduleApply$0:73 android.view.SyncRtSurfaceTransactionApplier.$r8$lambda$afI4fXg3U3-nBZQEDQMiNy-B06s:0 
05-31 02:46:41.316  5538  5538 I SSS:AssistStructureParser: Found Hint by Parent and sibling flow. Hint = [{postalAddress}] for autofillId = [1073746773@1105283405], ViewId = [1073746773]
05-31 02:46:41.316  5538  5538 I SSS:AugmentedAutofillService: AssistStructureParser Hint: [postalAddress]
05-31 02:46:41.316  5538  5538 I SSS:AugmentedAutofillService: onFillRequest hint: {postalAddress}
05-31 02:46:41.317  3645  5981 I VRI[LauncherActivity]@3363efb: mWNT: t=0xb400007447a6a6d0 mBlastBufferQueue=0xb400007277b9e900 fn= 134 HdrRenderState mRenderHdrSdrRatio=1.0 caller= android.view.SyncRtSurfaceTransactionApplier.applyTransaction:100 android.view.SyncRtSurfaceTransactionApplier.lambda$scheduleApply$0:73 android.view.SyncRtSurfaceTransactionApplier.$r8$lambda$afI4fXg3U3-nBZQEDQMiNy-B06s:0 
05-31 02:46:41.325  3645  5982 I VRI[LauncherActivity]@3363efb: mWNT: t=0xb400007447b14f10 mBlastBufferQueue=0xb400007277b9e900 fn= 135 HdrRenderState mRenderHdrSdrRatio=1.0 caller= android.view.SyncRtSurfaceTransactionApplier.applyTransaction:100 android.view.SyncRtSurfaceTransactionApplier.lambda$scheduleApply$0:73 android.view.SyncRtSurfaceTransactionApplier.$r8$lambda$afI4fXg3U3-nBZQEDQMiNy-B06s:0 
05-31 02:46:41.332  3645  5981 I VRI[LauncherActivity]@3363efb: mWNT: t=0xb400007447b14f10 mBlastBufferQueue=0xb400007277b9e900 fn= 136 HdrRenderState mRenderHdrSdrRatio=1.0 caller= android.view.SyncRtSurfaceTransactionApplier.applyTransaction:100 android.view.SyncRtSurfaceTransactionApplier.lambda$scheduleApply$0:73 android.view.SyncRtSurfaceTransactionApplier.$r8$lambda$afI4fXg3U3-nBZQEDQMiNy-B06s:0 
05-31 02:46:41.339  1535  3851 D vendor.qti.bluetooth@1.0-wake_lock: Release wakelock is released 
05-31 02:46:41.339  3645  3645 I InsetsController: cancelAnimation: types=ime, animType=0, host=com.sec.android.app.launcher/com.sec.android.app.launcher.activities.LauncherActivity, from=android.view.InsetsController.notifyFinished:2006 android.view.InsetsAnimationControlImpl.applyChangeInsets:335 android.view.InsetsController.lambda$new$3:957 
05-31 02:46:41.339  3645  3645 I ImeTracker: com.sec.android.app.launcher:3312face: onShown
05-31 02:46:41.340  3645  3645 I HoneySpace.SearchUI: onEnd
05-31 02:46:41.340  3645  3645 I HoneySpace.SearchUI: onEnd - ime task
05-31 02:46:41.340  3645  3645 I HoneySpace.SearchUI: updateInsets Insets{left=0, top=81, right=0, bottom=144}
05-31 02:46:41.344  3645  5982 I VRI[LauncherActivity]@3363efb: mWNT: t=0xb400007447ad7b10 mBlastBufferQueue=0xb400007277b9e900 fn= 137 HdrRenderState mRenderHdrSdrRatio=1.0 caller= android.view.SyncRtSurfaceTransactionApplier.applyTransaction:100 android.view.SyncRtSurfaceTransactionApplier.lambda$scheduleApply$0:73 android.view.SyncRtSurfaceTransactionApplier.$r8$lambda$afI4fXg3U3-nBZQEDQMiNy-B06s:0 
05-31 02:46:41.377  1653  1663 E HeatmapThread: ECT Thread time in milliseconds: 1780184801
05-31 02:46:41.377  1653  1663 D HeatmapThread: !@ batteryplugType : 0
05-31 02:46:41.377  1653  1663 D HeatmapThread: !@ batteryLevel : 0  batteryTemperature : 0 
05-31 02:46:41.377  1653  1663 D HeatmapThread: !@ Heatmap currtime: 29669746
05-31 02:46:41.377  1653  1663 D HeatmapThread: !@ Heatmap prevtime: 29669727
05-31 02:46:41.377  1653  1663 D HeatmapThread: !@ Heatmap plugstarttime: 35791394
05-31 02:46:41.377  1653  1663 D HeatmapThread: !@ Heatmap prevv_dsoh_update_time: 29663625
05-31 02:46:41.378  1653  1663 E HeatmapThread: !@Could not open '/efs/FactoryApp/bsoh', errno = 13
05-31 02:46:41.378  1653  1663 E HeatmapThread: !@ CAM Could not access BSOH EFS
05-31 02:46:41.378  1653  1663 E HeatmapThread: !@ CAM New BSOH: 0
05-31 02:46:41.605  1661  1951 I RefreshRateSelector: Can't find idle refresh rate by policy with the same mode group as the current mode {id=0, hwcId=0, resolution=1080x2340, vsyncRate=120.00 Hz, dpi=428.62x424.54, group=1080, vrrConfig=N/A, supportedHdrTypes=INVALID} (idle : 24 fps)
05-31 02:46:41.606  1661  1951 D DisplayModeController: setDesiredMode 4630947232161729154 {mode={fps=60.00 Hz, modePtr={id=2, vsyncRate=60.00 Hz, peakRefreshRate=60.00 Hz}}, emitEvent=false, force=false}
05-31 02:46:41.608  1661  1661 I LayerHistory: InputMethod$_5534#38956 Max (can't resolve refresh rate)
05-31 02:46:41.608  1661  1661 I LayerHistory: NavigationBar0$_3211#98 Max (can't resolve refresh rate)
05-31 02:46:41.608  1661  1661 I LayerHistory: com.sec.android.app.launcher/com.sec.android.app.launcher.activities.LauncherActivity$_3645#38948 voted ExplicitCategory with category: HighHint
05-31 02:46:41.608  1661  1661 I SurfaceFlinger: Idle - choose 60.00 Hz
05-31 02:46:41.608  1661  1661 I HWComposer: [4630947232161729154] ActiveConfigToHWC, ID : 2
05-31 02:46:41.609  1661  1661 D SurfaceFlinger: GPIS:: requestGPISForClientComposition
05-31 02:46:41.610  1574  1849 I SDM     : HWCDisplay::SubmitDisplayConfig: [DispConfigs] config 0 => 2, hs_mode 3 => 3
05-31 02:46:41.610  1574  1849 I SDM     : HWDeviceDRM::SetDisplaySwitchMode: [DispConfigs] check hs_mode 3
05-31 02:46:41.610  1574  1849 I SDM     : HWDeviceDRM::SetDisplaySwitchMode: [DispConfigs] Set mode index:3 1080x2340x60xcmdPHS, hs_mode(3), found_mode(1)
05-31 02:46:41.610  1574  1849 I SDM     : HWDeviceDRM::UpdateMixerAttributes: Mixer WxH 1080x2340-1 for Peripheral
05-31 02:46:41.610  1574  1849 I SDM     : HWCDisplay::SubmitDisplayConfig: Active configuration changed from config 0 to 2
05-31 02:46:41.615  1661  1661 I SurfaceFlinger: finalizeDisplayModeChange 4630947232161729154
05-31 02:46:41.616  1661  1911 I VSyncReactor: Current= 120, Period= 60, hwcPeriod= 60
05-31 02:46:41.707  1661  1951 D DisplayModeController: setDesiredMode 4630947232161729154 {mode={fps=120.00 Hz, modePtr={id=0, vsyncRate=120.00 Hz, peakRefreshRate=120.00 Hz}}, emitEvent=true, force=false}
05-31 02:46:41.715  1661  1911 I VSyncReactor: Current= 60, Period= 120, hwcPeriod= 60
05-31 02:46:41.724  1661  1661 I LayerHistory: InputMethod$_5534#38956 Max (can't resolve refresh rate)
05-31 02:46:41.724  1661  1661 I LayerHistory: NavigationBar0$_3211#98 Max (can't resolve refresh rate)
05-31 02:46:41.724  1661  1661 I LayerHistory: com.sec.android.app.launcher/com.sec.android.app.launcher.activities.LauncherActivity$_3645#38948 voted ExplicitCategory with category: HighHint
05-31 02:46:41.724  1661  1661 I SurfaceFlinger: HRR ignores InputMethod$_5534#38956 (type=Max, weight=0.97, seamlessness=Default) 0.00 Hz's 120.00 Hz
05-31 02:46:41.724  1661  1661 I SurfaceFlinger: HRR ignores NavigationBar0$_3211#98 (type=Max, weight=0.06, seamlessness=Default) 0.00 Hz's 120.00 Hz
05-31 02:46:41.724  1661  1661 I SurfaceFlinger: Touch Boost [late] - choose 120.00 Hz
05-31 02:46:41.724  1661  1661 I HWComposer: [4630947232161729154] ActiveConfigToHWC, ID : 0
05-31 02:46:41.725  1574  1849 I SDM     : HWCDisplay::SubmitDisplayConfig: [DispConfigs] config 2 => 0, hs_mode 3 => 3
05-31 02:46:41.726  1574  1849 I SDM     : HWDeviceDRM::SetDisplaySwitchMode: [DispConfigs] check hs_mode 3
05-31 02:46:41.726  1574  1849 I SDM     : HWDeviceDRM::SetDisplaySwitchMode: [DispConfigs] Set mode index:0 1080x2340x120xcmdHS, hs_mode(3), found_mode(0)
05-31 02:46:41.726  1574  1849 I SDM     : HWDeviceDRM::UpdateMixerAttributes: Mixer WxH 1080x2340-1 for Peripheral
05-31 02:46:41.726  1574  1849 I SDM     : HWCDisplay::SubmitDisplayConfig: Active configuration changed from config 2 to 0
05-31 02:46:41.732  1661  1911 I VSyncReactor: Current= 60, Period= 120, hwcPeriod= 120
05-31 02:46:41.739  1661  1661 I SurfaceFlinger: finalizeDisplayModeChange 4630947232161729154
05-31 02:46:41.870  2407  2926 D InputReader: Btn_touch(3): value=1 when=213641.147285
05-31 02:46:41.871  2407  2926 I InputReader: Touch event's action is 0x0 (id=7, t=0) [pCnt=1, s=0.21333 ] when=213641.147285
05-31 02:46:41.872  2407  2925 I InputDispatcher: Delivering touch to (3211): action: 0x4, f=0x0, d=0, '2e1e847', t=1 
05-31 02:46:41.872  2407  2925 I InputDispatcher: Delivering touch to (7384): action: 0x4, f=0x0, d=0, 'b9ba85d', t=1 
05-31 02:46:41.873  2407  2925 I InputDispatcher: Delivering touch to (3645): action: 0x0, f=0x0, d=0, '75ca107', t=1 
05-31 02:46:41.874  2407  2925 D PowerManagerService: [api] userActivityFromNative : touch displayId=0 eventTime=213641147
05-31 02:46:41.874  3645  3645 I VRI[LauncherActivity]@3363efb: ViewPostIme pointer 0
05-31 02:46:41.874  2407  2487 I GestureDetector: obtain mCurrentDownEvent. id: 763507741 caller: com.android.server.wm.SystemGesturesPointerEventListener.onPointerEvent:17 com.android.server.wm.PointerEventDispatcher.onInputEvent:51 android.view.InputEventReceiver.dispatchInputEvent:392 
05-31 02:46:41.875  2407  2487 I GestureDetector: obtain mCurrentDownEvent. id: 763507741 caller: com.android.server.wm.SystemPerformancePointerEventListener.onPointerEvent:13 com.android.server.wm.PointerEventDispatcher.onInputEvent:51 android.view.InputEventReceiver.dispatchInputEvent:392 
05-31 02:46:41.875  3645  3645 I ContentsUI: suppressLayout. suppress=true
05-31 02:46:41.875  3645  3645 I GestureController: handleTouchForSwipeGesture: falsetrue D9.l@4e75500
05-31 02:46:41.878  5770  5770 I SemDvfsHyPerManager: acquire hyper - TABoost/5770@25, type = -999
05-31 02:46:41.879  1555  1586 I HYPER-HAL: [RequestManager.cpp]releaseLocked(): Released ID : 16793935
05-31 02:46:41.880  1555  1586 I HYPER-HAL: [RequestManager.cpp]acquire(): Acquired ID : 16793935  [5770 / 25]    HINT :      list : [TABoost / 1] [TIMEOUT / 1500] 
05-31 02:46:41.880  3645  3645 I HoneySpace.AppsCardItemViewHolder: SecondaryLongClick of Simple Video Player
05-31 02:46:41.896  2407  2487 I GestureDetector: obtain mCurrentMotionEventRaw. action: 2 id: 318639244
05-31 02:46:41.896  2407  2487 I GestureDetector: obtain mCurrentMotionEventRaw. action: 2 id: 318639244
05-31 02:46:41.899  1661  1911 I VSyncReactor: Current= 120, Period= 120, hwcPeriod= 120
05-31 02:46:41.907  3645  3645 I GestureController: handleTouchForSwipeGesture: invalid touch
05-31 02:46:41.907  3645  3645 I HoneySpace.AppsCardItemViewHolder: SecondaryLongClick of Simple Video Player
05-31 02:46:41.917  3645  3645 I GestureController: handleTouchForSwipeGesture: invalid touch
05-31 02:46:41.917  3645  3645 I HoneySpace.AppsCardItemViewHolder: SecondaryLongClick of Simple Video Player
05-31 02:46:41.925  3645  3645 I GestureController: handleTouchForSwipeGesture: invalid touch
05-31 02:46:41.925  3645  3645 I HoneySpace.AppsCardItemViewHolder: SecondaryLongClick of Simple Video Player
05-31 02:46:41.927  2407  2926 D InputReader: Btn_touch(3): value=0 when=213641.205052
05-31 02:46:41.928  2407  2926 I InputReader: Touch event's action is 0x1 (id=7, t=0) [pCnt=1, s=] when=213641.205052
05-31 02:46:41.928  2407  2925 I InputDispatcher: Delivering touch to (3645): action: 0x1, f=0x0, d=0, '75ca107', t=1 
05-31 02:46:41.929  3645  3645 I GestureController: handleTouchForSwipeGesture: invalid touch
05-31 02:46:41.929  3645  3645 I HoneySpace.AppsCardItemViewHolder: SecondaryLongClick of Simple Video Player
05-31 02:46:41.929  3645  3645 I VRI[LauncherActivity]@3363efb: ViewPostIme pointer 1
05-31 02:46:41.929  3645  3645 I GestureController: handleMotionEventUp: invalid gesture
05-31 02:46:41.929  3645  3645 I ContentsUI: suppressLayout. suppress=false
05-31 02:46:41.929  3645  3645 I HoneySpace.AppsCardItemViewHolder: SecondaryLongClick of Simple Video Player
05-31 02:46:41.935  3645  3645 I HoneySpace.AppsCardItemViewHolder: click to go SUGGESTED_APPS 0
05-31 02:46:41.936  3645  3645 I HoneySpace.CardFactory: Run to androidx.lifecycle.MutableLiveData@93d4703 ComponentInfo{com.stulluk.simpleplayer/com.stulluk.simpleplayer.PlayerActivity}}
05-31 02:46:41.937  3645  3645 I HoneySpace.ShellTransitionManager: startShellTransition com.honeyspace.sdk.transition.ShellTransition$Info@bf490fe, forceStart: false
05-31 02:46:41.938  3645  3645 I HoneySpace.ShellAnimationRunner: setDelegate, delegate-com.honeyspace.transition.delegate.AppLaunchAnimationDelegate@dc3505f, strong-false
05-31 02:46:41.938  3645  3645 I HoneySpace.ShellTransitionManager: open start
05-31 02:46:41.938  3645 22904 I HoneySpace.FloatingAnimator: playerCount : 1
05-31 02:46:41.938  3645 22904 I HoneySpace.FloatingAnimator: [Player:A(41.938)] create
05-31 02:46:41.939  3645 22904 I HoneySpace.TransitionUtils: getWindowTargetBounds: Rect(0, 0 - 1080, 2340)
05-31 02:46:41.939  3645 22904 I HoneySpace.FloatingAnimator: [Player:A(41.938)] setup. isLandscape:false, isTranslucent:false, screenSize[1080, 2340], isMultiTargets:false, useCurrentDrawable:true
05-31 02:46:41.939  3645 22904 I HoneySpace.FloatingAnimator: remote targets are empty
05-31 02:46:41.940  3645 22904 I HoneySpace.AppLaunchAnimationDelegate: preload Player timer start! com.honeyspace.transition.anim.floating.FloatingAnimator$Player@16f3375
05-31 02:46:41.945  2407  5759 D ActivityTaskManager: startActivityAsUser: callingPid=3645, callingUid=10135, caller=com.android.server.wm.ActivityTaskManagerService.startActivityAsUser:1 android.app.IActivityTaskManager$Stub.onTransact:1549 com.android.server.wm.ActivityTaskManagerService.onTransact:1 android.os.Binder.execTransactInternal:1457 android.os.Binder.execTransact:1401 <bottom of call stack> <bottom of call stack> 
05-31 02:46:41.946  2407  5759 I Pageboost: onAppLaunch : com.stulluk.simpleplayer
05-31 02:46:41.946  2407  3187 I Pageboost: Record App IO : com.stulluk.simpleplayer pid 0
05-31 02:46:41.946  2407  5759 D ActivityTaskManager: DesktopModeLaunchParamsModifier: task=null activity=null task null, skipping
05-31 02:46:41.946  2407  5759 D ActivityTaskManager: TaskLaunchParamsModifier:task=null activity=null display-from-option=0 display-id=0 task-display-area-windowing-mode=1 suggested-display-area=DefaultTaskDisplayArea_d0@23625734
05-31 02:46:41.947  3645 26737 I SearchEngineHistory: History deleted
05-31 02:46:41.947  3645 26737 I ResultDataManager: Results: keys=SUGGESTED_APPS, SUGGESTED_TAG, SUGGESTED_DIRECTORY, HISTORY_KEYWORD
05-31 02:46:41.947  3645 25777 I HoneySpace.ContentsViewModel: observed com.honeyspace.search.ui.honeypot.presentation.content.ContentsViewModel@434a369
05-31 02:46:41.947  3645 26737 I SearchEngine: query: reTriggered: [emit] 10 HISTORY_KEYWORD takes 0 contents=[5]
05-31 02:46:41.947  3645 25777 I HoneySpace.ContentsViewModel: result onUpdated: HISTORY_KEYWORD_
05-31 02:46:41.947  3645 25777 I HoneySpace.ContentsViewModel: result onRemoved: HISTORY_KEYWORD_
05-31 02:46:41.947  3645 25777 I HoneySpace.ContentsViewModel: result onAdded: HISTORY_KEYWORD_
05-31 02:46:41.948  3645 25777 I ContentsUI: onUpdate: with 150 [z2.a@db3f180, z2.a@9004abe, z2.a@cc403cf, z2.a@40c91f1]
05-31 02:46:41.948  3645 25777 I ContentsUI: before Latch : Normal
05-31 02:46:41.948  3645 25777 I ContentsUI: request post
05-31 02:46:41.948  3645 25777 I HoneySpace.ContentsViewModel: handleResults com.honeyspace.search.ui.honeypot.presentation.content.ContentsViewModel@434a369
05-31 02:46:41.949  2407  5759 W OptProp : Cannot read opt property android.window.PROPERTY_COMPAT_ALLOW_RESIZEABLE_ACTIVITY_OVERRIDES
05-31 02:46:41.949  2407  5759 W OptProp : Cannot read opt property android.window.PROPERTY_COMPAT_ALLOW_MIN_ASPECT_RATIO_OVERRIDE
05-31 02:46:41.950  2407  5759 D CompatChangeReporter: Compat change id reported: 306666082; UID 10276; state: ENABLED
05-31 02:46:41.950  2407  5759 D WindowManager: Transition is created, t=TransitionRecord{39337e4 id=-1 type=OPEN flags=0x0}, caller=com.android.server.wm.Transition.<init>:182 com.android.server.wm.TransitionController.createAndStartCollecting:106 com.android.server.wm.ActivityStarter.executeRequest:3515 com.android.server.wm.ActivityStarter.execute:1752 com.android.server.wm.ActivityTaskManagerService.startActivityAsUser:95 
05-31 02:46:41.950  2407  5759 D BLASTSyncEngine: SyncGroup is created, id=3171, name=Transition-OPEN, caller=com.android.server.wm.BLASTSyncEngine$SyncGroup.<init>:52 com.android.server.wm.TransitionController.moveToCollecting:79 com.android.server.wm.TransitionController.createAndStartCollecting:109 com.android.server.wm.ActivityStarter.executeRequest:3515 com.android.server.wm.ActivityStarter.execute:1752 com.android.server.wm.ActivityTaskManagerService.startActivityAsUser:95 com.android.server.wm.ActivityTaskManagerService.startActivityAsUser:1 
05-31 02:46:41.950  2407  5759 W BLASTSyncEngine: setSyncMethod, id=3171, method=0, caller=com.android.server.wm.TransitionController.moveToCollecting:91 com.android.server.wm.TransitionController.createAndStartCollecting:109 com.android.server.wm.ActivityStarter.executeRequest:3515 
05-31 02:46:41.950  2407  5759 V WindowManager: Start collecting in Transition: TransitionRecord{39337e4 id=3171 type=OPEN flags=0x0}, caller=com.android.server.wm.TransitionController.createAndStartCollecting:109 com.android.server.wm.ActivityStarter.executeRequest:3515 com.android.server.wm.ActivityStarter.execute:1752 com.android.server.wm.ActivityTaskManagerService.startActivityAsUser:95 com.android.server.wm.ActivityTaskManagerService.startActivityAsUser:1 
05-31 02:46:41.950  2407  5759 V WindowManager: Collecting in transition 3171: ActivityRecord{252605517 u0 com.stulluk.simpleplayer/.PlayerActivity, caller=com.android.server.wm.TransitionController.collect:7 com.android.server.wm.ActivityStarter.startActivityUnchecked:98 com.android.server.wm.ActivityStarter.executeRequest:3559 com.android.server.wm.ActivityStarter.execute:1752 com.android.server.wm.ActivityTaskManagerService.startActivityAsUser:95 
05-31 02:46:41.950  2407  5759 D ActivityTaskManager: DesktopModeLaunchParamsModifier: task=null activity=ActivityRecord{252605517 u0 com.stulluk.simpleplayer/.PlayerActivity t-1} task null, skipping
05-31 02:46:41.950  2407  5759 D ActivityTaskManager: TaskLaunchParamsModifier:task=null activity=ActivityRecord{252605517 u0 com.stulluk.simpleplayer/.PlayerActivity t-1} display-from-option=0 display-id=0 task-display-area-windowing-mode=1 suggested-display-area=DefaultTaskDisplayArea_d0@23625734
05-31 02:46:41.951  2407  5759 D ActivityTaskManager: DesktopModeLaunchParamsModifier: task=null activity=ActivityRecord{252605517 u0 com.stulluk.simpleplayer/.PlayerActivity t-1} task null, skipping
05-31 02:46:41.951  2407  5759 D ActivityTaskManager: TaskLaunchParamsModifier:task=null activity=ActivityRecord{252605517 u0 com.stulluk.simpleplayer/.PlayerActivity t-1} display-from-option=0 display-id=0 task-display-area-windowing-mode=1 suggested-display-area=DefaultTaskDisplayArea_d0@23625734 inherit-from-source=fullscreen non-freeform-task-display-area display-area=DefaultTaskDisplayArea_d0@23625734 default-portrait freeform-size-mismatch=Rect(81, 553 - 999, 1723)
05-31 02:46:41.951  2407  3708 I SemDvfsHyPerManager: acquire hyper - AMS_APP_SWITCH/2407@32, type = -999
05-31 02:46:41.952  1661  1802 I SurfaceFlinger: id=38958 createSurf, flag=24004, Task=44409#38958
05-31 02:46:41.952  2407  3708 D ActivityManagerPerformance: AMP_acquire() APP_SWITCH
05-31 02:46:41.952  1555  1586 I HYPER-HAL: [RequestManager.cpp]acquire(): Acquired ID : 2975612  [2407 / 32]    HINT : AMS_APP_SWITCH    list : 
05-31 02:46:41.952  5770  5770 I SemDvfsHyPerManager: acquire hyper - APP_START_SHORT/5770@19, type = -999
05-31 02:46:41.953  2407  4198 D FreecessController: restrictJobsByOlaf: restrict=true, uid=10276
05-31 02:46:41.954  2407  5759 D ActivityTaskManager: DesktopModeLaunchParamsModifier: task=Task{1252b02 #44409 type=standard A=10276:com.stulluk.simpleplayer} activity=ActivityRecord{252605517 u0 com.stulluk.simpleplayer/.PlayerActivity t-1} non-desktop, skipping
05-31 02:46:41.954  2407  5759 D ActivityTaskManager: TaskLaunchParamsModifier:task=Task{1252b02 #44409 type=standard A=10276:com.stulluk.simpleplayer} activity=ActivityRecord{252605517 u0 com.stulluk.simpleplayer/.PlayerActivity t-1} display-from-option=0 display-id=0 task-display-area-windowing-mode=1 suggested-display-area=DefaultTaskDisplayArea_d0@23625734 inherit-from-source=fullscreen non-freeform-task-display-area display-area=DefaultTaskDisplayArea_d0@23625734 default-portrait freeform-size-mismatch=Rect(81, 553 - 999, 1723)
05-31 02:46:41.954  2407  5759 V WindowManager: Collecting in transition 3171: Task{1252b02 #44409 type=standard A=10276:com.stulluk.simpleplayer}, caller=com.android.server.wm.Transition.collectExistenceChange:40 com.android.server.wm.ActivityStarter.startActivityInner:293 com.android.server.wm.ActivityStarter.startActivityUnchecked:111 com.android.server.wm.ActivityStarter.executeRequest:3559 com.android.server.wm.ActivityStarter.execute:1752 
05-31 02:46:41.954  2407  5759 W OptProp : Cannot read opt property android.window.PROPERTY_COMPAT_ALLOW_ORIENTATION_OVERRIDE
05-31 02:46:41.955  1661  1802 I SurfaceFlinger: id=38959 createSurf, flag=84004, ActivityRecord{252605517 u0 com.stulluk.simpleplayer/.PlayerActivity t44409}#38959
05-31 02:46:41.956  2407  2407 D OlafRestriction:  olaf state update: state=true
05-31 02:46:41.956  2407  2407 D OlafRestriction:  sending trigger onRestrictionStateChanged msg.
05-31 02:46:41.956  2407  5759 D ActivityTaskManager: scheduleTopResumedActivityChanged, onTop=false, r=ActivityRecord{205099958 u0 com.sec.android.app.launcher/.activities.LauncherActivity t43879}, caller=com.android.server.wm.ActivityTaskSupervisor.scheduleTopResumedActivityStateLossIfNeeded:19 com.android.server.wm.ActivityTaskSupervisor.updateTopResumedActivityIfNeeded:20 com.android.server.wm.TaskDisplayArea.positionChildAt:252 com.android.server.wm.Task.moveToFront:40 com.android.server.wm.ActivityStarter.startActivityInner:315 com.android.server.wm.ActivityStarter.startActivityUnchecked:111 
05-31 02:46:41.956  2407  5759 V WindowManager: Checking theme of starting window: 0x7f11012f
05-31 02:46:41.956  2407  5759 V WindowManager: Translucent=false Floating=false ShowWallpaper=false Disable=false
05-31 02:46:41.956  2407  5759 D ActivityTaskManager: addStartingWindow: type=2 typeParameter=8b
05-31 02:46:41.956  2407  5759 V WindowManager: Creating SplashScreenStartingData
05-31 02:46:41.957  2407  5759 V WindowManager: Add starting ActivityRecord{252605517 u0 com.stulluk.simpleplayer/.PlayerActivity t44409}: startingData=SplashScreenStartingData{83ef54e removeAfterTransaction= 0}
05-31 02:46:41.957  2407  5759 V WindowManager: Added starting ActivityRecord{252605517 u0 com.stulluk.simpleplayer/.PlayerActivity t44409}: startingWindow=null startingView=com.android.server.wm.StartingSurfaceController$StartingSurface@9e0666f
05-31 02:46:41.960  2407  5759 V WindowManager: Collecting in transition 3171: ActivityRecord{252605517 u0 com.stulluk.simpleplayer/.PlayerActivity t44409}, caller=com.android.server.wm.Transition.collectExistenceChange:40 com.android.server.wm.ActivityStarter.handleStartResult:761 com.android.server.wm.ActivityStarter.startActivityUnchecked:124 com.android.server.wm.ActivityStarter.executeRequest:3559 com.android.server.wm.ActivityStarter.execute:1752 
05-31 02:46:41.960  2407  5759 V WindowManager: Requesting StartTransition: TransitionRecord{39337e4 id=3171 type=OPEN flags=0x0 c=[
05-31 02:46:41.960  2407  5759 V WindowManager:    ChangeInfo{ec2e005 container=Task{1252b02 #44409 type=standard A=10276:com.stulluk.simpleplayer} flags=0x0}
05-31 02:46:41.960  2407  5759 V WindowManager:    ChangeInfo{219185a container=DefaultTaskDisplayArea_d0@23625734 flags=0x0}
05-31 02:46:41.960  2407  5759 V WindowManager:    ChangeInfo{9b6fa8b container=Display{#0 state=ON size=1080x2340 ROTATION_0} flags=0x0}
05-31 02:46:41.960  2407  5759 V WindowManager:    ChangeInfo{5c13768 container=ActivityRecord{252605517 u0 com.stulluk.simpleplayer/.PlayerActivity t44409} flags=0x0}
05-31 02:46:41.960  2407  5759 V WindowManager: ]
05-31 02:46:41.960  2407  5759 V WindowManager: }, caller=com.android.server.wm.ActivityStarter.handleStartResult:982 com.android.server.wm.ActivityStarter.startActivityUnchecked:124 com.android.server.wm.ActivityStarter.executeRequest:3559 com.android.server.wm.ActivityStarter.execute:1752 com.android.server.wm.ActivityTaskManagerService.startActivityAsUser:95 
05-31 02:46:41.961  2407  5759 I Pageboost: stop alp
05-31 02:46:41.961  2407  5759 I ActivityTaskManager: START u0 {act=android.intent.action.MAIN cat=[android.intent.category.LAUNCHER] flg=0x10204000 xflg=0x4 cmp=com.stulluk.simpleplayer/.PlayerActivity (has extras)} with LAUNCH_SINGLE_TASK from uid 10135 (sr=205099958) (BAL_ALLOW_VISIBLE_WINDOW) result code=0
05-31 02:46:41.961  2407  5759 I SemDvfsHyPerManager: acquire hyper - AMS_APP_LAUNCH/2407@21, type = -999
05-31 02:46:41.962  3645  3645 I HoneySpace.SipController: hideKeyboard. androidx.appcompat.widget.SearchView$SearchAutoComplete{f4b8618 VFED..CL. .F...... 66,36-762,120 #7f0a053b app:id/search_src_text aid=1073746773} android.view.ViewRootImpl$W@3363efb clearFocus=true
05-31 02:46:41.963  3211  3312 V WindowManagerShell: Transition requested (#3171): android.os.BinderProxy@bbea851 TransitionRequestInfo { type = OPEN, triggerTask = TaskInfo{userId=0 taskId=44409 effectiveUid=10276 displayId=0 isRunning=true baseIntent=Intent { act=android.intent.action.MAIN cat=[android.intent.category.LAUNCHER] flg=0x10204000 cmp=com.stulluk.simpleplayer/.PlayerActivity } baseActivity=ComponentInfo{com.stulluk.simpleplayer/com.stulluk.simpleplayer.PlayerActivity} topActivity=ComponentInfo{com.stulluk.simpleplayer/com.stulluk.simpleplayer.PlayerActivity} origActivity=null realActivity=ComponentInfo{com.stulluk.simpleplayer/com.stulluk.simpleplayer.PlayerActivity} numActivities=1 lastActiveTime=367265467 supportsMultiWindow=true resizeMode=1 isResizeable=true minWidth=-1 minHeight=-1 maxWidth=-1 maxHeight=-1 defaultMinSize=220 desktopDefaultMinSize=304 token=WCT{android.window.IWindowContainerToken$Stub$Proxy@71c88b6} topActivityType=1 pictureInPictureParams=null shouldDockBigOverlays=false launchIntoPipHostTaskId=-1 lastParentTaskIdBeforePip=-1 displayCutoutSafeInsets=Rect(0, 81 - 0, 0) topActivityInfo=ActivityInfo{b91d9b7 com.stulluk.simpleplayer.PlayerActivity} launchCookies=[android.os.BinderProxy@7f9a524] positionInParent=Point(0, 0) parentTaskId=-1 isFocused=false isVisible=false isVisibleRequested=false isTopActivityNoDisplay=false isSleeping=false locusId=null displayAreaFeatureId=1 isTopActivityTransparent=false isActivityStackTransparent=false lastNonFullscreenBounds=Rect(81, 553 - 999, 1723) capturedLink=null capturedLinkTimestamp=0 requestedVisibleTypes=-9 topActivityRequestOpenInBrowserEducationTimestamp=0 appCompatTaskInfo=AppCompatTaskInfo { topActivityInSizeCompat=false eligibleForLetterboxEducation= false isLetterboxEducationEnabled= false isLetterboxDoubleTapEnabled= false eligibleForUserAspectRatioButton= false topActivityBoundsLetterboxed= false isFromLetterboxDoubleTap= false topActivityLetterboxVerticalPosition= -1 topActivityLetterboxHorizontalPosition= -1 topActivityLetterboxWidth=-1 topActivityLetterboxHeight=-1 topActivityAppBounds=Rect(0, 0 - 1080, 2340) isUserFullscreenOverrideEnabled=false isSystemFullscreenOverrideEnabled=false hasMinAspectRatioOverride=false topActivityLetterboxBounds=null cameraCompatTaskInfo=CameraCompatTaskInfo { freeformCameraCompatMode=inactive} topActivityBounds=null topActivityInDisplayCompat=false singleTapFromLetterbox=false} topActivityMainWindowFrame=null originallySupportedMultiWindow=true hasWallpaper=false rootAffinity=10276:com.stulluk.simpleplayer isTopTaskInStage=false CoverLauncherWidgetTask=false LaunchedFromAppsCoverLauncherTask=false LaunchedFromMultistarCoverLauncherTask=false isAllowedSeamlessRotation=false isTopTransparentActivity=false isAliasManaged=false hasConfigChanged=false snappingGuideBounds=null isAiKeyRemoveAppTask=false lastDesktopWindowingBounds=null lastExternalDesktopWindowingBounds=null safeCutoutInsets=null}, pipChange = null, remoteTransition = RemoteTransition { remoteTransition = android.window.IRemoteTransition$Stub$Proxy@374788d, appThread = android.app.IApplicationThread$Stub$Proxy@f607a42, debugName = QuickstepLaunchflags =NONE }, displayChange = null, flags = 0, debugId = 3171 }
05-31 02:46:41.963  3645  3645 I ImeTracker: com.sec.android.app.launcher:c1226283: onRequestHide at ORIGIN_CLIENT reason HIDE_SOFT_INPUT fromUser false
05-31 02:46:41.963  3645  3645 I InputMethodManager_LC: hsifw() - flag : 2
05-31 02:46:41.963  3211  3312 V ShellDesktopMode: DesktopTasksController: isDesktopModeShowing: hasVisibleTasks=false hasTopTransparentFullscreenTask=false
05-31 02:46:41.963  3645  3645 I InputMethodManager_LC: hsifw() - mService.hideSoftInput
05-31 02:46:41.963  3211  3312 D ShellSplitScreen: logExit: no-op, mLoggerSessionId is null
05-31 02:46:41.963  3211  3312 D ShellDesktopMode: handleRequest: TransitionRequestInfo {type=1, tid=44409, remote=true, debugId=3171}
05-31 02:46:41.963  3645  3645 W WindowOnBackDispatcher: sendCancelIfRunning: isInProgress=false callback=android.view.ImeBackAnimationController@bb0bbe7
05-31 02:46:41.964  3211  3312 V ShellDesktopMode: DesktopTasksController: handleFullscreenTaskLaunch
05-31 02:46:41.964  3211  3312 V ShellDesktopMode: DesktopTasksController: isDesktopModeShowing: hasVisibleTasks=false hasTopTransparentFullscreenTask=false
05-31 02:46:41.964  3211  3312 V ShellDesktopMode: DesktopTasksController: handleRequest result=null
05-31 02:46:41.964  3211  3312 V WindowManagerShell: RemoteTransition directly requested for (#3171) android.os.BinderProxy@bbea851: RemoteTransition { remoteTransition = android.window.IRemoteTransition$Stub$Proxy@374788d, appThread = android.app.IApplicationThread$Stub$Proxy@f607a42, debugName = QuickstepLaunchflags =NONE }
05-31 02:46:41.966  3645  3645 I InsetsController: setRequestedVisibleTypes: visible=false, mask=ime, host=com.sec.android.app.launcher/com.sec.android.app.launcher.activities.LauncherActivity, from=android.view.InsetsController.controlAnimationUnchecked:1604 android.view.InsetsController.applyAnimation:2416 android.view.InsetsController.applyAnimation:2343 android.view.InsetsController.hide:1540 android.view.inputmethod.InputMethodManager.hideSoftInputFromWindow:2889 android.view.inputmethod.InputMethodManager.hideSoftInputFromWindow:2812 android.view.inputmethod.InputMethodManager.hideSoftInputFromWindow:2773 E2.e.a:74 x2.c.c:3 x2.p.invoke:465 
05-31 02:46:41.967  3645  3645 I HoneySpace.SearchUI: onPrepare
05-31 02:46:41.967  3645  3645 I HoneySpace.SearchUI: onPrepare - ime task
05-31 02:46:41.968  3211  3312 V WindowManagerShell: Transition (#3171): request handled by DefaultMixedHandler
05-31 02:46:41.968  2407  5759 D CompatChangeReporter: Compat change id reported: 309578419; UID 10276; state: ENABLED
05-31 02:46:41.968  2407  3365 I InputMethodManagerService: isInputMethodShown: isShown=true
05-31 02:46:41.968  3645  3645 I InsetsController: controlAnimationUncheckedInner: Added types=ime, animType=1, host=com.sec.android.app.launcher/com.sec.android.app.launcher.activities.LauncherActivity, from=android.view.InsetsController.controlAnimationUnchecked:1608 android.view.InsetsController.applyAnimation:2416 android.view.InsetsController.applyAnimation:2343 
05-31 02:46:41.968  3211  3350 D ViewRootImpl: desktopMode is false
05-31 02:46:41.968  3211  3350 I ViewRootImpl: dVRR is disabled
05-31 02:46:41.969  3211  3409 D NativeCustomFrequencyManager: [NativeCFMS] BpCustomFrequencyManager::BpCustomFrequencyManager()
05-31 02:46:41.969  2407  5632 V WindowManager: Starting Transition 3171, caller=com.android.server.wm.WindowOrganizerController.startTransition:47 com.android.server.wm.WindowOrganizerController.startTransition:1 android.window.IWindowOrganizerController$Stub.onTransact:259 
05-31 02:46:41.969  2407  5758 D CoreBackPreview: Window{75ca107 u0 com.sec.android.app.launcher/com.sec.android.app.launcher.activities.LauncherActivity}: Setting back callback OnBackInvokedCallbackInfo{mCallback=android.window.IOnBackInvokedCallback$Stub$Proxy@b18b467, mPriority=0, mIsAnimationCallback=false, mOverrideBehavior=0}
05-31 02:46:41.970  5770  5770 I SemDvfsHyPerManager: acquire hyper - APP_START/5770@21, type = -999
05-31 02:46:41.970  1555  1586 I HYPER-HAL: [RequestManager.cpp]acquire(): Acquired ID : 16759174  [5770 / 19]    HINT : APP_START    list : [TIMEOUT / 1500] 
05-31 02:46:41.971  1555  1586 I HYPER-HAL: [RequestManager.cpp]acquire(): Acquired ID : 2948827  [2407 / 21]    HINT : AMS_APP_LAUNCH    list : 
05-31 02:46:41.972  1555  1586 I HYPER-HAL: [RequestManager.cpp]acquire(): Acquired ID : 16770757  [5770 / 21]    HINT : APP_START    list : 
05-31 02:46:41.972  3645  3645 I HoneySpace.FloatingAnimator: add containerView during preload, com.honeyspace.transition.anim.floating.ContainerView{d7fc63b V.E...... ......ID 0,0-1080,2340}
05-31 02:46:41.972  3645  3645 I HoneySpace.FloatingAnimator: add positionListener - com.honeyspace.transition.anim.floating.c@950ec57
05-31 02:46:41.972  2407  5758 D InputTransport: Input channel constructed: 'a4258b2', fd=1173
05-31 02:46:41.972  2407  5758 D InputTransport: Input channel constructed: 'a4258b2', fd=1174
05-31 02:46:41.973  3645  3645 I HoneySpace.HoneySpaceManagerContainer: getWindowBounds, key = (com.sec.android.app.launcher.Launcher, 0)
05-31 02:46:41.973  3645  3645 I HoneySpace.WindowBounds: immersiveNavigation? false
05-31 02:46:41.973  3645  3645 I HoneySpace.WindowBounds: onApplyWindowInsets, Insets{left=0, top=81, right=0, bottom=144} -> Insets{left=0, top=81, right=0, bottom=144}
05-31 02:46:41.973  2407  5758 D InputTransport: Input channel constructed: 'a4258b2', fd=1177
05-31 02:46:41.973  2407  5758 D InputTransport: Input channel destroyed: 'a4258b2', fd=1174
05-31 02:46:41.973  2407  5758 D WindowManager: prepareSync <SYNC_STATE_WAITING_FOR_DRAW>, mPrepareSyncSeqId=0, win=Window{a4258b2 u0 Splash Screen com.stulluk.simpleplayer}
05-31 02:46:41.973  3645  3645 I HoneySpace.WindowBounds: opposite = WindowInsets{
05-31 02:46:41.973  3645  3645 I HoneySpace.WindowBounds:     statusBars=Insets{left=0, top=81, right=0, bottom=0} max=Insets{left=0, top=81, right=0, bottom=0} vis=true boundingRects=[Rect(0, 0 - 1080, 81)] maxBoundingRects=[Rect(0, 0 - 1080, 81)]
05-31 02:46:41.973  3645  3645 I HoneySpace.WindowBounds:     navigationBars=Insets{left=0, top=0, right=0, bottom=144} max=Insets{left=0, top=0, right=0, bottom=144} vis=true boundingRects=[Rect(0, 2196 - 1080, 2340)] maxBoundingRects=[Rect(0, 2196 - 1080, 2340)]
05-31 02:46:41.973  3645  3645 I HoneySpace.WindowBounds:     captionBar=null max=null vis=false boundingRects=null maxBoundingRects=null
05-31 02:46:41.973  3645  3645 I HoneySpace.WindowBounds:     ime=null max=null vis=false boundingRects=null maxBoundingRects=null
05-31 02:46:41.973  3645  3645 I HoneySpace.WindowBounds:     systemGestures=Insets{left=0, top=117, right=0, bottom=144} max=Insets{left=0, top=117, right=0, bottom=144} vis=true boundingRects=[Rect(0, 0 - 1080, 117), Rect(0, 2196 - 1080, 2340)] maxBoundingRects=[Rect(0, 0 - 1080, 117), Rect(0, 2196 - 1080, 2340)]
05-31 02:46:41.973  3645  3645 I HoneySpace.WindowBounds:     mandatorySystemGestures=Insets{left=0, top=117, right=0, bottom=144} max=Insets{left=0, top=117, right=0, bottom=144} vis=true boundingRects=[Rect(0, 0 - 1080, 117), Rect(0, 2196 - 1080, 2340)] maxBoundingRects=[Rect(0, 0 - 1080, 117), Rect(0, 2196 - 1080, 2340)]
05-31 02:46:41.973  3645  3645 I HoneySpace.WindowBounds:     tappableElement=Insets{left=0, top=81, right=0, bottom=144} max=Insets{left=0, top=81, right=0, bottom=144} vis=true boundingRects=[Rect(0, 0 - 1080, 81), Rect(0, 2196 - 1080, 2340)] maxBoundingRects=[Rect(0, 0 - 1080, 81), Rect(0, 2196 - 1080, 2340)]
05-31 02:46:41.973  3645  3645 I HoneySpace.WindowBounds:     displayCutout=Insets{left=0, top=81, right=0, bottom=0} max=Insets{left=0, top=81, right=0, bottom=0} vis=true boundingRects=[Rect(0, 0 - 1080, 81)] maxBoundingRects=[Rect(0, 0 - 1080, 81)]
05-31 02:46:41.973  3645  3645 I HoneySpace.WindowBounds:     windowDecor=null max=null vis=false boundingRects=null maxBoundingRects=null
05-31 02:46:41.973  3645  3645 I HoneySpace.WindowBounds:     systemOverlays=null max=null vis=false boundingRects=null maxBoundingRects=null
05-31 02:46:41.973  3645  3645 I HoneySpace.WindowBounds:     cutout=DisplayCutout{insets=Rect(0, 81 - 0, 0) waterfall=Insets{left=0, top=0, right=0, bottom=0} boundingRect={Bounds=[Rect(0, 0 - 0, 0), Rect(512, 0 - 568, 81), Rect(0, 0 - 0, 0), Rect(0, 0 - 0, 0)]} cutoutPathParserInfo={CutoutPathParserInfo{displayWidth=1080 displayHeight=2340 physicalDisplayWidth=1080 physicalDisplayHeight=2340 density={3.0} cutoutSpec={M 0,0 H -9.333333333333333 V 27 H 9.333333333333333 V 0 H 0 Z @dp} rotation={0} scale={1.0} physicalPixelDisplaySizeRatio={1.0}}} sideOverrides={}}
05-31 02:46:41.973  3645  3645 I HoneySpace.WindowBounds:     
05-31 02:46:41.973  3645  3645 I HoneySpace.WindowBounds:     roundedCorners=RoundedCorners{[RoundedCorner{position=TopLeft, radius=102, center=Point(102, 102)}, RoundedCorner{position=TopRight, radius=102, center=Point(978, 102)}, RoundedCorner{position=BottomRight, radius=102, center=Point(978, 2238)}, RoundedCorner{position=BottomLeft, radius=102, center=Point(102, 2238)}]}
05-31 02:46:41.973  3645  3645 I HoneySpace.WindowBounds:     privacyIndicatorBounds=PrivacyIndicatorBounds {static bounds=Rect(948, 0 - 1080, 81) rotation=0}
05-31 02:46:41.973  3645  3645 I HoneySpace.WindowBounds:     displayShape=DisplayShape{ spec=-311912193 displayWidth=1080 displayHeight=2340 physicalPixelDisplaySizeRatio=1.0 rotation=0 offsetX=0 offsetY=0 scale=1.0}
05-31 02:46:41.973  3645  3645 I HoneySpace.WindowBounds:     forceConsumingTypes=
05-31 02:46:41.973  3645  3645 I HoneySpace.WindowBounds:     forceConsumingOpaqueCaptionBar=false
05-31 02:46:41.973  3645  3645 I HoneySpace.WindowBounds:     suppressScrimTypes=
05-31 02:46:41.973  3645  3645 I HoneySpace.WindowBounds:     compatInsetsTypes=statusBars navigationBars captionBar displayCutout systemOverlays
05-31 02:46:41.973  3645  3645 I HoneySpace.WindowBounds:     compatIgnoreVisibility=false
05-31 02:46:41.973  3645  3645 I HoneySpace.WindowBounds:     systemWindowInsetsConsumed=false
05-31 02:46:41.973  3645  3645 I HoneySpace.WindowBounds:     stableInsetsConsumed=false
05-31 02:46:41.973  3645  3645 I HoneySpace.WindowBounds:     displayCutoutConsumed=false
05-31 02:46:41.973  3645  3645 I HoneySpace.WindowBounds:     
05-31 02:46:41.973  3645  3645 I HoneySpace.WindowBounds:     frameWidth=1080
05-31 02:46:41.973  3645  3645 I HoneySpace.WindowBounds:     frameHeight=2340}
05-31 02:46:41.973  3645  3645 I HoneySpace.WindowBounds: needToUpdate? false
05-31 02:46:41.973  1661  1802 I SurfaceFlinger: id=38960 createSurf, flag=84004, a4258b2 Splash Screen com.stulluk.simpleplayer#38960
05-31 02:46:41.974  1661  1661 I SurfaceFlinger: [Display 0 name="Yerleşik Ekran"#49] setFrameRateCategory: High
05-31 02:46:41.974  1661  1661 I SurfaceFlinger: [Task=44409#38958] attach to parent LayerHierarchy{RequestedLayerState{DefaultTaskDisplayArea_d0#10 parentId=9} 26 children}
05-31 02:46:41.974  1661  1661 I SurfaceFlinger: [ActivityRecord{252605517 u0 com.stulluk.simpleplayer/.PlayerActivity t44409}#38959] attach to parent LayerHierarchy{RequestedLayerState{Task=44409#38958 parentId=10} 1 children}
05-31 02:46:41.974  1661  1661 I SurfaceFlinger: [a4258b2 Splash Screen com.stulluk.simpleplayer#38960] attach to parent LayerHierarchy{RequestedLayerState{ActivityRecord{252605517 u0 com.stulluk.simpleplayer/.PlayerActivity t44409}#38959 parentId=38958} 1 children}
05-31 02:46:41.974  2407  5758 D RestrictionPolicy: isScreenCaptureEnabled : ret=true userId=0
05-31 02:46:41.974  2407  5758 V WindowManager: addWindow: ActivityRecord{252605517 u0 com.stulluk.simpleplayer/.PlayerActivity t44409} startingWindow=Window{a4258b2 u0 Splash Screen com.stulluk.simpleplayer}
05-31 02:46:41.975  2407  5758 D InputTransport: Input channel destroyed: 'a4258b2', fd=1177
05-31 02:46:41.975  3211  3350 D InputTransport: Input channel constructed: 'a4258b2', fd=627
05-31 02:46:41.976  3211  3350 I InsetsController: onStateChanged: host=Splash Screen com.stulluk.simpleplayer, from=android.view.ViewRootImpl.onInsetsStateChanged:3026, state=InsetsState: {mDisplayFrame=Rect(0, 0 - 1080, 2340), mDisplayCutout=DisplayCutout{insets=Rect(0, 81 - 0, 0) waterfall=Insets{left=0, top=0, right=0, bottom=0} boundingRect={Bounds=[Rect(0, 0 - 0, 0), Rect(512, 0 - 568, 81), Rect(0, 0 - 0, 0), Rect(0, 0 - 0, 0)]} cutoutPathParserInfo={CutoutPathParserInfo{displayWidth=1080 displayHeight=2340 physicalDisplayWidth=1080 physicalDisplayHeight=2340 density={3.0} cutoutSpec={M 0,0 H -9.333333333333333 V 27 H 9.333333333333333 V 0 H 0 Z @dp} rotation={0} scale={1.0} physicalPixelDisplaySizeRatio={1.0}}} sideOverrides={}}, mRoundedCorners=RoundedCorners{[RoundedCorner{position=TopLeft, radius=102, center=Point(102, 102)}, RoundedCorner{position=TopRight, radius=102, center=Point(978, 102)}, RoundedCorner{position=BottomRight, radius=102, center=Point(978, 2238)}, RoundedCorner{position=BottomLeft, radius=102, center=Point(102, 2238)}]}  mRoundedCornerFrame=Rect(0, 0 - 1080, 2340), mPrivacyIndicatorBounds=PrivacyIndicatorBounds {static bounds=Rect(948, 0 - 1080, 81) rotation=0}, mDisplayShape=DisplayShape{ spec=-311912193 displayWidth=1080 displayHeight=2340 physicalPixelDisplaySizeRatio=1.0 rotation=0 offsetX=0 offsetY=0 scale=1.0}, mSources= { InsetsSource: {f0970001 mType=navigationBars mFrame=[0,2196][1080,2340] mVisible=true mFlags= mSideHint=BOTTOM mBoundingRects=null}, InsetsSource: {f0970004 mType=systemGestures mFrame=[0,0][0,0] mVisible=true mFlags= mSideHint=NONE mBoundingRects=null}, InsetsSource: {f0970005 mType=mandatorySystemGestures mFrame=[0,2196][1080,2340] mVisible=true mFlags= mSideHint=BOTTOM mBoundingRects=null}, InsetsSource: {f0970006 mType=tappableElement mFrame=[0,2196][1080,2340] mVisible=true mFlags= mSideHint=BOTTOM mBoundingRects=null}, InsetsSource: {f0970024 mType=systemGestures mFrame=[0,0][0,0] mVisible=true mFlags= mSideHint=NONE mBoundingRects=null}, InsetsSource: {27 mType=displayCutout mFrame=[0,0][1080,81] mVisible=true mFlags= mSideHint=TOP mBoundingRects=null}, InsetsSource: {4a9d0000 mType=statusBars mFrame=[0,0][1080,81] mVisible=true mFlags= mSideHint=TOP mBoundingRects=null}, InsetsSource: {4a9d0005 mType=mandatorySystemGestures mFrame=[0,0][1080,117] mVisible=true mFlags= mSideHint=TOP mBoundingRects=null}, InsetsSource: {4a9d0006 mType=tappableElement mFrame=[0,0][1080,81] mVisible=true mFlags= mSideHint=TOP mBoundingRects=null} }
05-31 02:46:41.976  3211  3350 I VRI[simpleplayer]@2605a53: onActiveControlsChanged, removed=false, mAdded=true, caller=android.view.ViewRootImpl.handleInsetsControlChanged:3002 android.view.ViewRootImpl.setView:2014 android.view.WindowManagerGlobal.addView:604 com.android.wm.shell.startingsurface.SplashscreenWindowCreator.addWindow:38 com.android.wm.shell.startingsurface.StartingWindowController$$ExternalSyntheticLambda4.run:1365 
05-31 02:46:41.976  3645  3645 I HoneySpace.SearchUI: updateInsets Insets{left=0, top=81, right=0, bottom=144}
05-31 02:46:41.976  3645  3645 I HoneySpace.SearchUI: insetsListener keyboardHeight : 1 750 0 false Insets{left=0, top=81, right=0, bottom=144}
05-31 02:46:41.976  3211  3350 I VRI[simpleplayer]@2605a53: synced displayState. AttachInfo displayState=2
05-31 02:46:41.976  3211  3350 I VRI[simpleplayer]@2605a53: setView = android.widget.FrameLayout@d368b66 IsHRR=false mFlingFrameRateChange=0 TM=true
05-31 02:46:41.976  3211  3409 D HWUI    : HWUI - treat SMPTE_170M as sRGB
05-31 02:46:41.977  1902 11087 I CameraService: onUidStateChanged: uid=10036, procState is changed. (0 -> 1)
05-31 02:46:41.978  3645  3645 I HoneySpace.SearchUI: updateInsets Insets{left=0, top=81, right=0, bottom=144}
05-31 02:46:41.978  3645  3645 I BLASTBufferQueue_Java: update, w= 1080 h= 2340 mName = VRI[LauncherActivity]@3363efb mNativeObject= 0xb400007277b9e900 sc.mNativeObject= 0xb400007307979410 format= -2 caller= android.view.ViewRootImpl.updateBlastSurfaceIfNeeded:3574 android.view.ViewRootImpl.relayoutWindow:11685 android.view.ViewRootImpl.performTraversals:4804 android.view.ViewRootImpl.doTraversal:3924 android.view.ViewRootImpl$TraversalRunnable.run:12903 android.view.Choreographer$CallbackRecord.run:1901 
05-31 02:46:41.978  1661  4090 D NativeSemDvfsManager: acquire:: timeout = 2000 mIsAcquired = 1  mTagName : SurfaceFlinger 
05-31 02:46:41.979  3645  3645 I VRI[LauncherActivity]@3363efb: Relayout returned: old=(0,0,1080,2340) new=(0,0,1080,2340) relayoutAsync=true req=(1080,2340)0 dur=0 res=0x0 s={true 0xb4000072f7960440} ch=false seqId=0
05-31 02:46:41.979  1661  4090 E NativeCustomFrequencyManager: [NativeCFMS] BpCustomFrequencyManager::acquire()
05-31 02:46:41.979  2407  5759 I WindowManager: Relayout Window{75ca107 u0 com.sec.android.app.launcher/com.sec.android.app.launcher.activities.LauncherActivity}: viewVisibility=0 req=1080x2340 ty=1 d0
05-31 02:46:41.979  2407  5759 D SurfaceComposerClient: setCornerRadius ## a4258b2 Splash Screen com.stulluk.simpleplayer#38960 cornerRadius=0.000000
05-31 02:46:41.979  1555  1586 I HYPER-HAL: [RequestManager.cpp]acquire(): Acquired ID : 3542791  [1661 / 1000]    HINT : SF_GPU_MINLOCK    list : [TIMEOUT / 2000] 
05-31 02:46:41.979  2407  5759 D SurfaceComposerClient: setCornerRadius ## 75ca107 com.sec.android.app.launcher/com.sec.android.app.launcher.activities.LauncherActivity#127 cornerRadius=0.000000
05-31 02:46:41.979  3645  3645 I HoneySpace.SearchUI: onStart
05-31 02:46:41.980  3645  3645 I VRI[LauncherActivity]@3363efb: registerCallbackForPendingTransactions
05-31 02:46:41.980  2407  5759 D SurfaceComposerClient: setCornerRadius ## 75ca107 com.sec.android.app.launcher/com.sec.android.app.launcher.activities.LauncherActivity#127 cornerRadius=0.000000
