05-31 02:46:40.952  2407  2490 D SurfaceComposerClient: setCornerRadius ## 75ca107 com.sec.android.app.launcher/com.sec.android.app.launcher.activities.LauncherActivity#127 cornerRadius=0.000000
05-31 02:46:40.952  2407  2490 V WindowManager: performShowLocked: mDrawState=HAS_DRAWN in Window{f0344b5 u0 InputMethod}
05-31 02:46:40.953  2407  2490 D SurfaceComposerClient: setCornerRadius ## 75ca107 com.sec.android.app.launcher/com.sec.android.app.launcher.activities.LauncherActivity#127 cornerRadius=0.000000
05-31 02:46:40.953  2407  2490 D SurfaceControl: restrictHighRefreshRate, enabled=true
05-31 02:46:40.955  5534  5534 I HBD     : HoneyBoardService [IMI] onStartInput - caller pid : 3645 , caller uid : 10135 
05-31 02:46:40.955  5534  5534 I HBD     : k updateConfigs 
05-31 02:46:40.955  5534  5534 I HBD     : k isEnabledNightMode : false 
05-31 02:46:40.955  5534  5534 I HBD     : a IC have been binding, RemoteInputConnection{idHash=#67a5385} 
05-31 02:46:40.956  5534  5534 I HBD     : h [EditorInputType]setPrivateImeOptionsToTable privateImeOptions ( null )
05-31 02:46:40.956  5534  5534 I HBD     : b incognitoMode : false 
05-31 02:46:40.956  1661  1802 I SurfaceFlinger: HRR : 1
05-31 02:46:40.957  5534  5534 I HBD     : h getDefaultInputRange : UNKNOWN 
05-31 02:46:40.957  5534  5534 I HBD     : h getDefaultInputRange : UNKNOWN 
05-31 02:46:40.957  5534  5534 I HBD     : h getDefaultInputRange : UNKNOWN 
05-31 02:46:40.957  2407  2490 D SurfaceComposerClient: setCornerRadius ## 75ca107 com.sec.android.app.launcher/com.sec.android.app.launcher.activities.LauncherActivity#127 cornerRadius=0.000000
05-31 02:46:40.958  2407  2490 D InsetsSourceProvider: updateVisibility: serverVisible=true, clientVisible=true, source=InsetsSource: {3 mType=ime mFrame=[0,1446][1080,2340] mVisible=true mFlags= mSideHint=BOTTOM mBoundingRects=null}, controlTarget=Window{75ca107 u0 com.sec.android.app.launcher/com.sec.android.app.launcher.activities.LauncherActivity}, from=com.android.server.wm.ImeInsetsSourceProvider.updateVisibility:7 com.android.server.wm.InsetsSourceProvider.setServerVisible:6 com.android.server.wm.ImeInsetsSourceProvider.setServerVisible:75 com.android.server.wm.InsetsSourceProvider.onPostLayout:30 com.android.server.wm.ImeInsetsSourceProvider.onPostLayout:3 com.android.server.wm.InsetsStateController.onPostLayout:26 com.android.server.wm.RootWindowContainer.applySurfaceChangesTransaction$1:203 com.android.server.wm.RootWindowContainer.performSurfacePlacementNoTrace:59 com.android.server.wm.WindowSurfacePlacer.performSurfacePlacement:166 com.android.server.wm.WindowSurfacePlacer$Traverser.run:14 
05-31 02:46:40.958  2407  2490 D SurfaceComposerClient: setCornerRadius ## 75ca107 com.sec.android.app.launcher/com.sec.android.app.launcher.activities.LauncherActivity#127 cornerRadius=0.000000
05-31 02:46:40.959  5534  5534 I HBD     : c update cached prediction status : false 
05-31 02:46:40.959  5534  5534 I HBD     : h getDefaultInputRange : UNKNOWN 
05-31 02:46:40.959  5534  5534 I HBD     : a currentState : 0 
05-31 02:46:40.959  2407  2489 I RefreshRateModeManager: Schedule to change allowedModes=baseModeId=1 allowGroupSwitching=false primary=physical: (60.0 120.0) render:  (60.0 120.0) appRequest=physical: (60.0 120.0) render:  (60.0 120.0) idleScreenRefreshRateConfig=null, mDisplayToken=android.os.BinderProxy@d7562be
05-31 02:46:40.959  2407  2489 I RefreshRateModeManager:     -1:
05-31 02:46:40.959  2407  2489 I RefreshRateModeManager:       PRIORITY_REFRESH_RATE_MODE -> CombinedVote{ mVotes=[PhysicalVote{ RefreshRateVote{  mMinRefreshRate=10.0, mMaxRefreshRate=120.0 } }, DisableRefreshRateSwitchingVote{ mDisableRefreshRateSwitching=false }] }
05-31 02:46:40.959  2407  2489 I RefreshRateModeManager:     0:
05-31 02:46:40.959  2407  2489 I RefreshRateModeManager:       PRIORITY_USER_SETTING_PEAK_RENDER_FRAME_RATE -> RenderVote{ RefreshRateVote{  mMinRefreshRate=0.0, mMaxRefreshRate=120.0 } }
05-31 02:46:40.959  2407  2489 I RefreshRateModeManager:       PRIORITY_USER_SETTING_PEAK_REFRESH_RATE -> CombinedVote{ mVotes=[PhysicalVote{ RefreshRateVote{  mMinRefreshRate=0.0, mMaxRefreshRate=120.0 } }, DisableRefreshRateSwitchingVote{ mDisableRefreshRateSwitching=false }] }
05-31 02:46:40.959  2407  2489 I RefreshRateModeManager:       PRIORITY_APP_REQUEST_RENDER_FRAME_RATE_RANGE -> RenderVote{ RefreshRateVote{  mMinRefreshRate=60.0, mMaxRefreshRate=Infinity } }
05-31 02:46:40.959  2407  2489 I RefreshRateModeManager:       PRIORITY_USER_SETTING_MIN_RENDER_FRAME_RATE -> RenderVote{ RefreshRateVote{  mMinRefreshRate=0.0, mMaxRefreshRate=Infinity } }
05-31 02:46:40.959  2407  2489 I RefreshRateModeManager: 
05-31 02:46:40.959  2407  2489 I RefreshRateModeManager:  mModeSwitchingType: SWITCHING_TYPE_WITHIN_GROUPS mAlwaysRespectAppRequest: false
05-31 02:46:40.959  2407  2489 I RefreshRateModeManager:  Current Mode mReportedRefreshRateMode(toSurfaceFlinger)=REFRESH_RATE_MODE_PASSIVE, mRefreshRateMode(fromSettings)=REFRESH_RATE_MODE_SEAMLESS
05-31 02:46:40.959  2407  2489 I RefreshRateModeManager:  BrightnessState mPassive=true, PassiveModeToken=false, mBrightness=53, mAmbientLux=6.0
05-31 02:46:40.959  5534  5534 I HBD     : a [UpdatePolicy] [post] a: 0 cl: 4325376 kit: [0/0] vt: 0 ir: 1 
05-31 02:46:40.960  3645  3645 W RemoteInputConnectionImpl: getExtractedText on inactive InputConnection
05-31 02:46:40.960  5534  5534 I HBD     : a [NRIC] resetNoResponseState 
05-31 02:46:40.961  2407  2490 D SurfaceComposerClient: setCornerRadius ## 75ca107 com.sec.android.app.launcher/com.sec.android.app.launcher.activities.LauncherActivity#127 cornerRadius=0.000000
05-31 02:46:40.961  7384  7384 I VRI[GoogleDiscoverWindow]@65813b4: handleResized, frames=ClientWindowFrames{frame=[0,0][1080,2340] display=[0,0][1080,2340] parentFrame=[0,0][0,0]} displayId=0 dragResizing=false compatScale=1.0 frameChanged=false attachedFrameChanged=false configChanged=false displayChanged=false compatScaleChanged=false dragResizingChanged=false
05-31 02:46:40.961  2407  2490 D SurfaceComposerClient: setCornerRadius ## 75ca107 com.sec.android.app.launcher/com.sec.android.app.launcher.activities.LauncherActivity#127 cornerRadius=0.000000
05-31 02:46:40.961  3645  3645 I InsetsController: onStateChanged: host=com.sec.android.app.launcher/com.sec.android.app.launcher.activities.LauncherActivity, from=android.view.ViewRootImpl.onInsetsStateChanged:3026, state=InsetsState: {mDisplayFrame=Rect(0, 0 - 1080, 2340), mDisplayCutout=DisplayCutout{insets=Rect(0, 81 - 0, 0) waterfall=Insets{left=0, top=0, right=0, bottom=0} boundingRect={Bounds=[Rect(0, 0 - 0, 0), Rect(512, 0 - 568, 81), Rect(0, 0 - 0, 0), Rect(0, 0 - 0, 0)]} cutoutPathParserInfo={CutoutPathParserInfo{displayWidth=1080 displayHeight=2340 physicalDisplayWidth=1080 physicalDisplayHeight=2340 density={3.0} cutoutSpec={M 0,0 H -9.333333333333333 V 27 H 9.333333333333333 V 0 H 0 Z @dp} rotation={0} scale={1.0} physicalPixelDisplaySizeRatio={1.0}}} sideOverrides={}}, mRoundedCorners=RoundedCorners{[RoundedCorner{position=TopLeft, radius=102, center=Point(102, 102)}, RoundedCorner{position=TopRight, radius=102, center=Point(978, 102)}, RoundedCorner{position=BottomRight, radius=102, center=Point(978, 2238)}, RoundedCorner{position=BottomLeft, radius=102, center=Point(102, 2238)}]}  mRoundedCornerFrame=Rect(0, 0 - 1080, 2340), mPrivacyIndicatorBounds=PrivacyIndicatorBounds {static bounds=Rect(948, 0 - 1080, 81) rotation=0}, mDisplayShape=DisplayShape{ spec=-311912193 displayWidth=1080 displayHeight=2340 physicalPixelDisplaySizeRatio=1.0 rotation=0 offsetX=0 offsetY=0 scale=1.0}, mSources= { InsetsSource: {f0970001 mType=navigationBars mFrame=[0,2196][1080,2340] mVisible=true mFlags= mSideHint=BOTTOM mBoundingRects=null}, InsetsSource: {f0970004 mType=systemGestures mFrame=[0,0][0,0] mVisible=true mFlags= mSideHint=NONE mBoundingRects=null}, InsetsSource: {f0970005 mType=mandatorySystemGestures mFrame=[0,2196][1080,2340] mVisible=true mFlags= mSideHint=BOTTOM mBoundingRects=null}, InsetsSource: {f0970006 mType=tappableElement mFrame=[0,2196][1080,2340] mVisible=true mFlags= mSideHint=BOTTOM mBoundingRects=null}, InsetsSource: {f0970024 mType=systemGestures mFrame=[0,0][0,0] mVisible=true mFlags= mSideHint=NONE mBoundingRects=null}, InsetsSource: {3 mType=ime mFrame=[0,1446][1080,2340] mVisible=true mFlags= mSideHint=BOTTOM mBoundingRects=null}, InsetsSource: {27 mType=displayCutout mFrame=[0,0][1080,81] mVisible=true mFlags= mSideHint=TOP mBoundingRects=null}, InsetsSource: {4a9d0000 mType=statusBars mFrame=[0,0][1080,81] mVisible=true mFlags= mSideHint=TOP mBoundingRects=null}, InsetsSource: {4a9d0005 mType=mandatorySystemGestures mFrame=[0,0][1080,117] mVisible=true mFlags= mSideHint=TOP mBoundingRects=null}, InsetsSource: {4a9d0006 mType=tappableElement mFrame=[0,0][1080,81] mVisible=true mFlags= mSideHint=TOP mBoundingRects=null} }
05-31 02:46:40.961  3645  3645 I VRI[LauncherActivity]@3363efb: handleResized, frames=ClientWindowFrames{frame=[0,0][1080,2340] display=[0,0][1080,2340] parentFrame=[0,0][0,0]} displayId=0 dragResizing=false compatScale=1.0 frameChanged=false attachedFrameChanged=false configChanged=false displayChanged=false compatScaleChanged=false dragResizingChanged=false
05-31 02:46:40.962  3211  3211 I WallpaperService: resized: system, reportDraw=false, forceLayout=false, displayId=0
05-31 02:46:40.962  3211  3540 I WallpaperService: handleResized: which=5, reportDraw=false
05-31 02:46:40.962  3211  3540 I WallpaperService: updateSurface system forceRelayout=true forceReport=false redrawNeeded=false myWidth=-1 myHeight=-1 fixedSize=false x = 0 y = 0 mWidth=-1 mHeight=-1
05-31 02:46:40.962  3211  3540 I WallpaperService: maxBounds : Rect(0, 0 - 1080, 2340) , mDeviceHeight : 2340, mDeviceWidth : 1080,mDeviceRotation  : 0
05-31 02:46:40.962  3211  3540 I WallpaperService: updateSurface: invoke Session.relayout
05-31 02:46:40.962  3211  3211 I VRI[StatusBar]@df4cb12: handleResized, frames=ClientWindowFrames{frame=[0,0][1080,81] display=[0,0][1080,2340] parentFrame=[0,0][0,0]} displayId=0 dragResizing=false compatScale=1.0 frameChanged=false attachedFrameChanged=false configChanged=false displayChanged=false compatScaleChanged=false dragResizingChanged=false
05-31 02:46:40.963  3211  3211 I VRI[NavigationBar0]@25c0aee: handleResized, frames=ClientWindowFrames{frame=[0,2196][1080,2340] display=[0,0][1080,2340] parentFrame=[0,0][0,0]} displayId=0 dragResizing=false compatScale=1.0 frameChanged=false attachedFrameChanged=false configChanged=false displayChanged=false compatScaleChanged=false dragResizingChanged=false
05-31 02:46:40.963  5534  5534 I HBD     : c update cached prediction status : false 
05-31 02:46:40.965  2407  3679 I WindowManager: Relayout Window{fb5bb7 u0 com.android.systemui.wallpapers.ImageWallpaper}: viewVisibility=0 req=-1x-1 ty=2013 d0
05-31 02:46:40.966  2407  3679 D SurfaceComposerClient: setCornerRadius ## 75ca107 com.sec.android.app.launcher/com.sec.android.app.launcher.activities.LauncherActivity#127 cornerRadius=0.000000
05-31 02:46:40.966  2407  3679 D SurfaceComposerClient: setCornerRadius ## 75ca107 com.sec.android.app.launcher/com.sec.android.app.launcher.activities.LauncherActivity#127 cornerRadius=0.000000
05-31 02:46:40.967  2407  3679 I WindowManager: Relayout hash=fb5bb7, pid=3211, syncId=-1: mAttrs={(0,0)(fillxfill) gr=TOP START CENTER layoutInDisplayCutoutMode=always ty=WALLPAPER fmt=RGBX_8888 wanim=0x1030328
05-31 02:46:40.967  2407  3679 I WindowManager:   fl=10318
05-31 02:46:40.967  2407  3679 I WindowManager:   pfl=14
05-31 02:46:40.967  2407  3679 I WindowManager:   bhv=1
05-31 02:46:40.967  2407  3679 I WindowManager:   frameRateBoostOnTouch=true
05-31 02:46:40.967  2407  3679 I WindowManager:   dvrrWindowFrameRateHint=true naviIconColor=0
05-31 02:46:40.967  2407  3679 I WindowManager:   sfl=8}
05-31 02:46:40.968  2407  2490 D SurfaceComposerClient: setCornerRadius ## 75ca107 com.sec.android.app.launcher/com.sec.android.app.launcher.activities.LauncherActivity#127 cornerRadius=0.000000
05-31 02:46:40.968  3211  3540 I BLASTBufferQueue_Java: update, w= 1080 h= 2340 mName = Wallpaper mNativeObject= 0xb400007277992860 sc.mNativeObject= 0xb400007307921450 format= 2 caller= android.service.wallpaper.WallpaperService$Engine.getOrCreateBLASTSurface:2929 android.service.wallpaper.WallpaperService$Engine.updateSurface:1682 android.service.wallpaper.WallpaperService$IWallpaperEngineWrapper.handleResized:3540 android.service.wallpaper.WallpaperService$IWallpaperEngineWrapper.executeMessage:3459 com.android.internal.os.HandlerCaller$MyHandler.handleMessage:44 android.os.Handler.dispatchMessage:110 
05-31 02:46:40.968  3211  3540 I BLASTBufferQueue: [Wallpaper#3](f:0,a:1,s:0) update width=1080 height=2340 format=2 mTransformHint=0
05-31 02:46:40.968  2407  2489 D LocalDisplayAdapter: setDesiredDisplayModeSpecsAsync(4630947232161729154) : defaultMode=0 allowGroupSwitching=false primaryRanges=physical: (60.0 120.0) render:  (60.0 120.0) appRequestRanges=physical: (60.0 120.0) render:  (60.0 120.0) idleScreenRefreshRate=null
05-31 02:46:40.968  2407  2489 I SurfaceComposerClient: setDesiredDisplayModeSpecs DisplayModeSpecs{defaultMode: 0, allowGroupSwitching: false, primaryRanges: RefreshRateRanges{physical: RefreshRateRange{min: 60.000000, max: 120.000000}, render: RefreshRateRange{min: 60.000000, max: 120.000000}}, appRequestRanges: RefreshRateRanges{physical: RefreshRateRange{min: 60.000000, max: 120.000000}, render: RefreshRateRange{min: 60.000000, max: 120.000000}}, idleScreenRefreshRateConfig: (null)}
05-31 02:46:40.969  5534  5534 W HBD     : d switchToDefaultBoard : ai_writing is not bound 
05-31 02:46:40.969  5534  5534 I HBD     : HoneyBoardService [PF_OP][onStartInput]  16 ms 
05-31 02:46:40.969  5534  5534 I HBD     : HoneyBoardService onStartInputView : restarting=true, client=com.sec.android.app.launcher, pid=3645 
05-31 02:46:40.969  5534  5534 I HBD     : h [EditorInputType]setPrivateImeOptionsToTable privateImeOptions ( null )
05-31 02:46:40.969  5534  5534 I HBD     : b incognitoMode : false 
05-31 02:46:40.969  1661  1661 I RefreshRateSelector: Display 4630947232161729154 policy changed
05-31 02:46:40.969  1661  1661 I RefreshRateSelector: Previous: {defaultModeId=0, allowGroupSwitching=false, primaryRanges={physical=[10.00 Hz, 120.00 Hz], render=[0.00 Hz, 120.00 Hz]}, appRequestRanges={physical=[10.00 Hz, 120.00 Hz], render=[0.00 Hz, 120.00 Hz]} idleScreenConfig=nullptr}
05-31 02:46:40.969  1661  1661 I RefreshRateSelector: Current:  DisplayManagerPolicy{defaultModeId=0, allowGroupSwitching=false, primaryRanges={physical=[60.00 Hz, 120.00 Hz], render=[60.00 Hz, 120.00 Hz]}, appRequestRanges={physical=[60.00 Hz, 120.00 Hz], render=[60.00 Hz, 120.00 Hz]} idleScreenConfig=nullptr}
05-31 02:46:40.969  1661  1661 I RefreshRateSelector: 258 mode changes were performed under the previous policy
05-31 02:46:40.970  1661  1661 I SurfaceFlinger: [4630947232161729154] Setting desired display mode specs: {defaultModeId=0, allowGroupSwitching=false, primaryRanges={physical=[60.00 Hz, 120.00 Hz], render=[60.00 Hz, 120.00 Hz]}, appRequestRanges={physical=[60.00 Hz, 120.00 Hz], render=[60.00 Hz, 120.00 Hz]} idleScreenConfig=nullptr}
05-31 02:46:40.970  1661  1661 D DisplayModeController: setDesiredMode 4630947232161729154 {mode={fps=120.00 Hz, modePtr={id=0, vsyncRate=120.00 Hz, peakRefreshRate=120.00 Hz}}, emitEvent=true, force=false}
05-31 02:46:40.970  5534  5534 I HBD     : h getDefaultInputRange : UNKNOWN 
05-31 02:46:40.970  5534  5534 I HBD     : h getDefaultInputRange : UNKNOWN 
05-31 02:46:40.970  5534  5534 I HBD     : h getDefaultInputRange : UNKNOWN 
05-31 02:46:40.970  5534  5534 I HBD     : HoneyBoardService onStartInputViewInternal: inputType=0x1, imeOptions=0x10000003, initialSelStart=0, initialSelEnd=0 
05-31 02:46:40.970  5534  5534 I HBD     : f applyThemesPolicy 
05-31 02:46:40.970  5534  5534 I HBD     : e mIsGalaxyTheme = false mIsDexDesktopDisplay : false IsRequiredDarkTypeTheme = false night mode : false mIsEnabledHighContrast = false mIsOpenThemeForHoneyBoardInstalled = false mIsWallpaperThemeInstalled = false mIsThemeParkTheme = false
05-31 02:46:40.970  5534  5534 I HBD     : f ThemeIndex By PolicyInternal theme index :  285212672 Açık renk
05-31 02:46:40.970  5534  5534 I HBD     : f update KeyboardTheme themeIndex : 0x 11000000  theme :  Açık renk
05-31 02:46:40.970  5534  5534 I HBD     : a set Theme convertedIndex : 2 
05-31 02:46:40.970  5534  5534 I HBD     : a onThemeChanged: currTheme = 2, nextTheme = 2 
05-31 02:46:40.970  5534  5534 I HBD     : e onUpdate: mThemeStyle = 2 
05-31 02:46:40.970  1661  1661 I SurfaceFlinger: RequestedLayer [InputMethod$_5534#38956] hidden!! flag  from(1) --> to(0)
05-31 02:46:40.970  5534  5534 I HBD     : c updatePredictionStatus : 1, editorOpt 
05-31 02:46:40.971  5534  5534 I HBD     : c updateForEditorClass isPredictionOn = false 
05-31 02:46:40.971  1661  1661 D SurfaceFlinger: GPIS:: requestGPISForClientComposition
05-31 02:46:40.972  5534  5534 I HBD     : o0 EBD ssu s 0 
05-31 02:46:40.972  5534  5534 I HBD     : a [UpdatePolicy] [post] a: 1 cl: 4325376 kit: [0/0] vt: 0 ir: 1 
05-31 02:46:40.974  2407  5632 D KNOX_MDM_SettingsProvider: isChangeAllowed() : name = enabled_input_methods
05-31 02:46:40.974  2407  5632 D KNOX_MDM_SettingsProvider: edmUri: content://com.sec.knox.provider/RestrictionPolicy3
05-31 02:46:40.974  2407  5632 D KNOX_MDM_SettingsProvider: projectionArgs: isSettingsChangesAllowed
05-31 02:46:40.974  2407  5632 D KNOX_MDM_SettingsProvider: selectionArgs: false
05-31 02:46:40.974  2407  5632 D KNOX_MDM_SettingsProvider: selectionArgs: 10181
05-31 02:46:40.974  2407  5632 D SecContentProvider: query(), uri = 17 selection = isSettingsChangesAllowed
05-31 02:46:40.974  2407  5632 D SecContentProvider: called from android.uid.honeyboard:10181
05-31 02:46:40.974  2407  5632 D RestrictionPolicy: isSettingsChangesAllowedAsUser, userId 0 : true
05-31 02:46:40.974  2407  5632 D KNOX_MDM_SettingsProvider: ret = 1
05-31 02:46:40.975  2407  3679 D KNOX_MDM_SettingsProvider: isChangeAllowed() : name = default_input_method
05-31 02:46:40.975  2407  3679 D KNOX_MDM_SettingsProvider: edmUri: content://com.sec.knox.provider/RestrictionPolicy3
05-31 02:46:40.975  2407  3679 D KNOX_MDM_SettingsProvider: projectionArgs: isSettingsChangesAllowed
05-31 02:46:40.975  2407  3679 D KNOX_MDM_SettingsProvider: selectionArgs: false
05-31 02:46:40.975  2407  3679 D KNOX_MDM_SettingsProvider: selectionArgs: 10181
05-31 02:46:40.976  2407  3679 D SecContentProvider: query(), uri = 17 selection = isSettingsChangesAllowed
05-31 02:46:40.976  2407  3679 D SecContentProvider: called from android.uid.honeyboard:10181
05-31 02:46:40.976  2407  3679 D RestrictionPolicy: isSettingsChangesAllowedAsUser, userId 0 : true
05-31 02:46:40.976  2407  3679 D KNOX_MDM_SettingsProvider: ret = 1
05-31 02:46:40.976  3645  3645 I InsetsController: onStateChanged: host=com.sec.android.app.launcher/com.sec.android.app.launcher.activities.LauncherActivity, from=android.view.ViewRootImpl.onInsetsStateChanged:3026, state=InsetsState: {mDisplayFrame=Rect(0, 0 - 1080, 2340), mDisplayCutout=DisplayCutout{insets=Rect(0, 81 - 0, 0) waterfall=Insets{left=0, top=0, right=0, bottom=0} boundingRect={Bounds=[Rect(0, 0 - 0, 0), Rect(512, 0 - 568, 81), Rect(0, 0 - 0, 0), Rect(0, 0 - 0, 0)]} cutoutPathParserInfo={CutoutPathParserInfo{displayWidth=1080 displayHeight=2340 physicalDisplayWidth=1080 physicalDisplayHeight=2340 density={3.0} cutoutSpec={M 0,0 H -9.333333333333333 V 27 H 9.333333333333333 V 0 H 0 Z @dp} rotation={0} scale={1.0} physicalPixelDisplaySizeRatio={1.0}}} sideOverrides={}}, mRoundedCorners=RoundedCorners{[RoundedCorner{position=TopLeft, radius=102, center=Point(102, 102)}, RoundedCorner{position=TopRight, radius=102, center=Point(978, 102)}, RoundedCorner{position=BottomRight, radius=102, center=Point(978, 2238)}, RoundedCorner{position=BottomLeft, radius=102, center=Point(102, 2238)}]}  mRoundedCornerFrame=Rect(0, 0 - 1080, 2340), mPrivacyIndicatorBounds=PrivacyIndicatorBounds {static bounds=Rect(948, 0 - 1080, 81) rotation=0}, mDisplayShape=DisplayShape{ spec=-311912193 displayWidth=1080 displayHeight=2340 physicalPixelDisplaySizeRatio=1.0 rotation=0 offsetX=0 offsetY=0 scale=1.0}, mSources= { InsetsSource: {f0970001 mType=navigationBars mFrame=[0,2196][1080,2340] mVisible=true mFlags= mSideHint=BOTTOM mBoundingRects=null}, InsetsSource: {f0970004 mType=systemGestures mFrame=[0,0][0,0] mVisible=true mFlags= mSideHint=NONE mBoundingRects=null}, InsetsSource: {f0970005 mType=mandatorySystemGestures mFrame=[0,2196][1080,2340] mVisible=true mFlags= mSideHint=BOTTOM mBoundingRects=null}, InsetsSource: {f0970006 mType=tappableElement mFrame=[0,2196][1080,2340] mVisible=true mFlags= mSideHint=BOTTOM mBoundingRects=null}, InsetsSource: {f0970024 mType=systemGestures mFrame=[0,0][0,0] mVisible=true mFlags= mSideHint=NONE mBoundingRects=null}, InsetsSource: {3 mType=ime mFrame=[0,1446][1080,2340] mVisible=true mFlags= mSideHint=BOTTOM mBoundingRects=null}, InsetsSource: {27 mType=displayCutout mFrame=[0,0][1080,81] mVisible=true mFlags= mSideHint=TOP mBoundingRects=null}, InsetsSource: {4a9d0000 mType=statusBars mFrame=[0,0][1080,81] mVisible=true mFlags= mSideHint=TOP mBoundingRects=null}, InsetsSource: {4a9d0005 mType=mandatorySystemGestures mFrame=[0,0][1080,117] mVisible=true mFlags= mSideHint=TOP mBoundingRects=null}, InsetsSource: {4a9d0006 mType=tappableElement mFrame=[0,0][1080,81] mVisible=true mFlags= mSideHint=TOP mBoundingRects=null} }
05-31 02:46:40.976  5534  5534 I HBD     : c update cached prediction status : false 
05-31 02:46:40.976  5534 16178 I HBD     : u updated Sub Types. Turkish 
05-31 02:46:40.976  3645  3645 I HoneySpace.SearchUI: onPrepare
05-31 02:46:40.976  3645  3645 I HoneySpace.SearchUI: onPrepare - ime task
05-31 02:46:40.977  2407  3679 I InputMethodManagerService: isInputMethodShown: isShown=true
05-31 02:46:40.977 27747 27747 I MultiDex: VM with version 2.1.0 has multidex support
05-31 02:46:40.977 27747 27747 I MultiDex: Installing application
05-31 02:46:40.977 27747 27747 I MultiDex: VM has multidex support, MultiDex support library is disabled.
05-31 02:46:40.977  3645  3645 I InsetsController: controlAnimationUncheckedInner: Added types=ime, animType=0, host=com.sec.android.app.launcher/com.sec.android.app.launcher.activities.LauncherActivity, from=android.view.InsetsController.controlAnimationUnchecked:1608 android.view.InsetsController.applyAnimation:2416 android.view.InsetsController.applyAnimation:2343 
05-31 02:46:40.978  2407  2860 D SecContentProvider: query(), uri = 15 selection = isClipboardAllowedAsUser
05-31 02:46:40.978  2407  2860 D SecContentProvider: called from android.uid.honeyboard:10181
05-31 02:46:40.978  2407  2860 D RestrictionPolicy: isClipboardAllowed : true
05-31 02:46:40.978  2407  2860 D SecContentProvider: SemKnoxPolicyContract.RestrictionPolicy.CLIPBOARD_ALLOWED_AS_USER return = true
05-31 02:46:40.978  5534 27761 I HBD     : b InputMethodSubtype is set as local:tr 
05-31 02:46:40.978  5534  5534 I HBD     : b updateConfig: [LanguageItem] Turkish / [KeyboardViewTypeItem] 0 / [KeyboardInputTypeItem] mainType(0), subType(0) / [CurrentLanguageInputTypeItem] mainType(0), subType(0) / [KeyboardInputRangeItem] 1 / [SelectedLanguageItem] 1 / [TextOrNullInputClassItem] true / [NumberKeyFirstLineItem] true / [SpaceRowStyleCmItem] true / [SpaceRowStylePeriodItem] true / [SpaceRowStyleEmailURLPeriodItem] true /  
05-31 02:46:40.978  5534  5534 I HBD     : b updateConfig: [SpaceRowStyleEmailURLDotComItem] true / [SpaceRowStyleEmailURLPeriodItem] true / [SpaceRowStyleJapaneseArrowItem] true / [SpaceRowStyleJapanesePeriodItem] true / [TouchAndHoldSpaceBarTypeItem] cursor_control / [VoiceInputTypeItem] 1 / [DensityItem] 3.0 / [DisplayWidthItem] 1080 / [DisplayHeightItem] 2115 / [MainTextLabelItem] 1 / [LanguageSwitchingUsingSpaceBarItem] true /  
05-31 02:46:40.979  5534  5534 I HBD     : b updateConfig: [VoiceEnabledItem] true / [EditorEnterActionItem] -1 /  
05-31 02:46:40.979  3645  3645 I HoneySpace.HoneySpaceManagerContainer: getWindowBounds, key = (com.sec.android.app.launcher.Launcher, 0)
05-31 02:46:40.979  3645  3645 I HoneySpace.WindowBounds: immersiveNavigation? false
05-31 02:46:40.979  3645  3645 I HoneySpace.WindowBounds: onApplyWindowInsets, Insets{left=0, top=81, right=0, bottom=144} -> Insets{left=0, top=81, right=0, bottom=144}
05-31 02:46:40.979  5534  5534 I HBD     : c update cached prediction status : false 
05-31 02:46:40.979  3645  3645 I HoneySpace.WindowBounds: opposite = WindowInsets{
05-31 02:46:40.979  3645  3645 I HoneySpace.WindowBounds:     statusBars=Insets{left=0, top=81, right=0, bottom=0} max=Insets{left=0, top=81, right=0, bottom=0} vis=true boundingRects=[Rect(0, 0 - 1080, 81)] maxBoundingRects=[Rect(0, 0 - 1080, 81)]
05-31 02:46:40.979  3645  3645 I HoneySpace.WindowBounds:     navigationBars=Insets{left=0, top=0, right=0, bottom=144} max=Insets{left=0, top=0, right=0, bottom=144} vis=true boundingRects=[Rect(0, 2196 - 1080, 2340)] maxBoundingRects=[Rect(0, 2196 - 1080, 2340)]
05-31 02:46:40.979  3645  3645 I HoneySpace.WindowBounds:     captionBar=null max=null vis=false boundingRects=null maxBoundingRects=null
05-31 02:46:40.979  3645  3645 I HoneySpace.WindowBounds:     ime=Insets{left=0, top=0, right=0, bottom=894} max=null vis=true boundingRects=[Rect(0, 1446 - 1080, 2340)] maxBoundingRects=null
05-31 02:46:40.979  3645  3645 I HoneySpace.WindowBounds:     systemGestures=Insets{left=0, top=117, right=0, bottom=144} max=Insets{left=0, top=117, right=0, bottom=144} vis=true boundingRects=[Rect(0, 0 - 1080, 117), Rect(0, 2196 - 1080, 2340)] maxBoundingRects=[Rect(0, 0 - 1080, 117), Rect(0, 2196 - 1080, 2340)]
05-31 02:46:40.979  3645  3645 I HoneySpace.WindowBounds:     mandatorySystemGestures=Insets{left=0, top=117, right=0, bottom=144} max=Insets{left=0, top=117, right=0, bottom=144} vis=true boundingRects=[Rect(0, 0 - 1080, 117), Rect(0, 2196 - 1080, 2340)] maxBoundingRects=[Rect(0, 0 - 1080, 117), Rect(0, 2196 - 1080, 2340)]
05-31 02:46:40.979  3645  3645 I HoneySpace.WindowBounds:     tappableElement=Insets{left=0, top=81, right=0, bottom=144} max=Insets{left=0, top=81, right=0, bottom=144} vis=true boundingRects=[Rect(0, 0 - 1080, 81), Rect(0, 2196 - 1080, 2340)] maxBoundingRects=[Rect(0, 0 - 1080, 81), Rect(0, 2196 - 1080, 2340)]
05-31 02:46:40.979  3645  3645 I HoneySpace.WindowBounds:     displayCutout=Insets{left=0, top=81, right=0, bottom=0} max=Insets{left=0, top=81, right=0, bottom=0} vis=true boundingRects=[Rect(0, 0 - 1080, 81)] maxBoundingRects=[Rect(0, 0 - 1080, 81)]
05-31 02:46:40.979  3645  3645 I HoneySpace.WindowBounds:     windowDecor=null max=null vis=false boundingRects=null maxBoundingRects=null
05-31 02:46:40.979  3645  3645 I HoneySpace.WindowBounds:     systemOverlays=null max=null vis=false boundingRects=null maxBoundingRects=null
05-31 02:46:40.979  3645  3645 I HoneySpace.WindowBounds:     cutout=DisplayCutout{insets=Rect(0, 81 - 0, 0) waterfall=Insets{left=0, top=0, right=0, bottom=0} boundingRect={Bounds=[Rect(0, 0 - 0, 0), Rect(512, 0 - 568, 81), Rect(0, 0 - 0, 0), Rect(0, 0 - 0, 0)]} cutoutPathParserInfo={CutoutPathParserInfo{displayWidth=1080 displayHeight=2340 physicalDisplayWidth=1080 physicalDisplayHeight=2340 density={3.0} cutoutSpec={M 0,0 H -9.333333333333333 V 27 H 9.333333333333333 V 0 H 0 Z @dp} rotation={0} scale={1.0} physicalPixelDisplaySizeRatio={1.0}}} sideOverrides={}}
05-31 02:46:40.979  3645  3645 I HoneySpace.WindowBounds:     
05-31 02:46:40.979  3645  3645 I HoneySpace.WindowBounds:     roundedCorners=RoundedCorners{[RoundedCorner{position=TopLeft, radius=102, center=Point(102, 102)}, RoundedCorner{position=TopRight, radius=102, center=Point(978, 102)}, RoundedCorner{position=BottomRight, radius=102, center=Point(978, 2238)}, RoundedCorner{position=BottomLeft, radius=102, center=Point(102, 2238)}]}
05-31 02:46:40.979  3645  3645 I HoneySpace.WindowBounds:     privacyIndicatorBounds=PrivacyIndicatorBounds {static bounds=Rect(948, 0 - 1080, 81) rotation=0}
05-31 02:46:40.979  3645  3645 I HoneySpace.WindowBounds:     displayShape=DisplayShape{ spec=-311912193 displayWidth=1080 displayHeight=2340 physicalPixelDisplaySizeRatio=1.0 rotation=0 offsetX=0 offsetY=0 scale=1.0}
05-31 02:46:40.979  3645  3645 I HoneySpace.WindowBounds:     forceConsumingTypes=
05-31 02:46:40.979  3645  3645 I HoneySpace.WindowBounds:     forceConsumingOpaqueCaptionBar=false
05-31 02:46:40.979  3645  3645 I HoneySpace.WindowBounds:     suppressScrimTypes=
05-31 02:46:40.979  3645  3645 I HoneySpace.WindowBounds:     compatInsetsTypes=statusBars navigationBars captionBar displayCutout systemOverlays
05-31 02:46:40.979  3645  3645 I HoneySpace.WindowBounds:     compatIgnoreVisibility=false
05-31 02:46:40.979  3645  3645 I HoneySpace.WindowBounds:     systemWindowInsetsConsumed=false
05-31 02:46:40.979  3645  3645 I HoneySpace.WindowBounds:     stableInsetsConsumed=false
05-31 02:46:40.979  3645  3645 I HoneySpace.WindowBounds:     displayCutoutConsumed=false
05-31 02:46:40.979  3645  3645 I HoneySpace.WindowBounds:     
05-31 02:46:40.979  3645  3645 I HoneySpace.WindowBounds:     frameWidth=1080
05-31 02:46:40.979  3645  3645 I HoneySpace.WindowBounds:     frameHeight=2340}
05-31 02:46:40.979  3645  3645 I HoneySpace.WindowBounds: needToUpdate? false
05-31 02:46:40.979  5534  5534 I HBD     : b updateMultiTapTimeValue 
05-31 02:46:40.979  5534  5534 I HBD     : b getMultiTapTimeoutValue 
05-31 02:46:40.979  5534  5534 I HBD     : b getSingleVowelMultiTapTimeoutValue 
05-31 02:46:40.979  5534  5534 I HBD     : a [AiWriter] determineTranslateLanguage
05-31 02:46:40.979  5534  5534 I HBD     : a [AiWriter] chat translation null isTranslationClosed : false lang :  restarting : true hash : 522830646 is from translation : false
05-31 02:46:40.979  2407  2407 I InputMethodManagerService: subtype state: oldSubtype = android.view.inputmethod.InputMethodSubtype@420000 newSubtype = android.view.inputmethod.InputMethodSubtype@420000 force = false, intent received : false
05-31 02:46:40.980  5534 27762 I HBD     : a [HBIC] requestCursorUpdates 2 
05-31 02:46:40.980  3645  3645 I HoneySpace.SearchUI: updateInsets Insets{left=0, top=81, right=0, bottom=144}
05-31 02:46:40.980  3645  3645 I HoneySpace.SearchUI: insetsListener keyboardHeight : 1 0 750 true Insets{left=0, top=81, right=0, bottom=144}
05-31 02:46:40.980  5534  5534 I HBD     : MultiModalSwitcher onStartInputView 
05-31 02:46:40.981  5534  5534 I HBD     : HoneyBoardService [PF_OP][onStartInputView]  12 ms 
05-31 02:46:40.981  3645  3645 I HoneySpace.SearchUI: updateInsets Insets{left=0, top=81, right=0, bottom=144}
05-31 02:46:40.982  3645  3645 I BLASTBufferQueue_Java: update, w= 1080 h= 2340 mName = VRI[LauncherActivity]@3363efb mNativeObject= 0xb400007277b9e900 sc.mNativeObject= 0xb400007307979410 format= -2 caller= android.view.ViewRootImpl.updateBlastSurfaceIfNeeded:3574 android.view.ViewRootImpl.relayoutWindow:11685 android.view.ViewRootImpl.performTraversals:4804 android.view.ViewRootImpl.doTraversal:3924 android.view.ViewRootImpl$TraversalRunnable.run:12903 android.view.Choreographer$CallbackRecord.run:1901 
05-31 02:46:40.982  5534  5534 I HBD     : o0 EBD si S 0 
05-31 02:46:40.982  3645  3645 I VRI[LauncherActivity]@3363efb: Relayout returned: old=(0,0,1080,2340) new=(0,0,1080,2340) relayoutAsync=true req=(1080,2340)0 dur=0 res=0x0 s={true 0xb4000072f7960440} ch=false seqId=0
05-31 02:46:40.982  5534  5534 I InputMethod: showSoftInput(): flags=1
05-31 02:46:40.982  2407  3679 I InputMethodManagerService: isAccessoryKeyboard 0
05-31 02:46:40.982  5534  5534 I HBD     : HoneyBoardService onEvaluateInputViewShown: true 
05-31 02:46:40.982  2407  5632 I WindowManager: Relayout Window{75ca107 u0 com.sec.android.app.launcher/com.sec.android.app.launcher.activities.LauncherActivity}: viewVisibility=0 req=1080x2340 ty=1 d0
05-31 02:46:40.982  3645  3645 I HoneySpace.SearchUI: onStart
05-31 02:46:40.982  2407  5759 I InputMethodManagerService: isAccessoryKeyboard 0
05-31 02:46:40.983  5534  5534 I HBD     : HoneyBoardService onEvaluateInputViewShown: true 
05-31 02:46:40.983  5534  5534 I InputMethodService: startViews: mShowInputRequested=true, mInputViewStarted=true, mCandidatesViewStarted= false
05-31 02:46:40.983  2407  5632 D SurfaceComposerClient: setCornerRadius ## 75ca107 com.sec.android.app.launcher/com.sec.android.app.launcher.activities.LauncherActivity#127 cornerRadius=0.000000
05-31 02:46:40.983  3645  3645 I VRI[LauncherActivity]@3363efb: registerCallbackForPendingTransactions
05-31 02:46:40.983  5534  5534 I HBD     : HoneyBoardService onWindowShown 
05-31 02:46:40.983  2407  5632 D SurfaceComposerClient: setCornerRadius ## 75ca107 com.sec.android.app.launcher/com.sec.android.app.launcher.activities.LauncherActivity#127 cornerRadius=0.000000
05-31 02:46:40.984  3645  3645 W RemoteInputConnectionImpl: requestCursorUpdates on inactive InputConnection
05-31 02:46:40.984  5534  5534 I HBD     : e onWindowShown : true 
05-31 02:46:40.984  2407  3314 V InputMethodManagerService: IME window vis: 3 active: 1 visible: 2 displayId: 0
05-31 02:46:40.984  5534  5534 I HBD     : HoneyBoardService [PF_OP][onWindowShown]  0 ms 
05-31 02:46:40.984  2407  3314 D InputMethodManagerService: isImeSwitcherDisabledPackage : false
05-31 02:46:40.984  3645  5981 I VRI[LauncherActivity]@3363efb: mWNT: t=0xb400007447ab4410 mBlastBufferQueue=0xb400007277b9e900 fn= 94 HdrRenderState mRenderHdrSdrRatio=1.0 caller= android.view.SyncRtSurfaceTransactionApplier.applyTransaction:100 android.view.SyncRtSurfaceTransactionApplier.lambda$scheduleApply$0:73 android.view.SyncRtSurfaceTransactionApplier.$r8$lambda$afI4fXg3U3-nBZQEDQMiNy-B06s:0 
05-31 02:46:40.984  3645  5981 I VRI[LauncherActivity]@3363efb: mWNT: t=0xb400007447ac5dd0 mBlastBufferQueue=0xb400007277b9e900 fn= 94 HdrRenderState mRenderHdrSdrRatio=1.0 caller= android.view.ViewRootImpl$10.onFrameDraw:6536 android.view.ViewRootImpl$4.onFrameDraw:2489 android.view.ThreadedRenderer$1.onFrameDraw:718 
05-31 02:46:40.984  5534  5534 I HBD     : HoneyBoardService [IMI] onStartInput - caller pid : 3645 , caller uid : 10135 
05-31 02:46:40.984  5534  5534 I HBD     : k updateConfigs 
05-31 02:46:40.984  5534  5534 I HBD     : k isEnabledNightMode : false 
05-31 02:46:40.985  5534  5534 I HBD     : a IC have been binding, RemoteInputConnection{idHash=#6705a0b} 
05-31 02:46:40.985  5534  5534 I HBD     : h [EditorInputType]setPrivateImeOptionsToTable privateImeOptions ( null )
05-31 02:46:40.985  5534  5534 I HBD     : b incognitoMode : false 
05-31 02:46:40.985  2407  5632 I WindowManager: Relayout hash=75ca107, pid=0, syncId=-1: mAttrs={(0,0)(fillxfill) sim={adjust=nothing forwardNavigation} layoutInDisplayCutoutMode=always ty=BASE_APPLICATION fmt=TRANSPARENT wanim=0x1030306
05-31 02:46:40.985  2407  5632 I WindowManager:   fl=81910100
05-31 02:46:40.985  2407  5632 I WindowManager:   pfl=10008840
05-31 02:46:40.985  2407  5632 I WindowManager:   bhv=2
05-31 02:46:40.985  2407  5632 I WindowManager:   fitSides=0
05-31 02:46:40.985  2407  5632 I WindowManager:   frameRateBoostOnTouch=true
05-31 02:46:40.985  2407  5632 I WindowManager:   dvrrWindowFrameRateHint=true screenDimDuration=40000 naviIconColor=0}
05-31 02:46:40.985  3211  3211 D NavigationBar: setImeWindowStatus displayId=0 vis=1 backDisposition=0 showImeSwitcher=false isImeVisible=false
05-31 02:46:40.985  3211  3211 D Navbar.Store: handleEvent(0) OnNavBarIconHintChanged(iconHint=0) [Module] NavigationBar
05-31 02:46:40.985  3211  3211 D Navbar.Store: --[Band]SETUPWIZARD_PACK_SET_NAVBAR_ICON_HINT
05-31 02:46:40.985  3211  3211 D Navbar.Store: --[Band]VIS_PACK_REEVAULATE_NAVBAR
05-31 02:46:40.985  3211  3211 D Navbar.Store: ----apply(0) NavBarStoreAction$ReevaluateNavBar
05-31 02:46:40.986  5534  5534 I HBD     : h getDefaultInputRange : UNKNOWN 
05-31 02:46:40.986  5534  5534 I HBD     : h getDefaultInputRange : UNKNOWN 
05-31 02:46:40.986  5534  5534 I HBD     : h getDefaultInputRange : UNKNOWN 
05-31 02:46:40.986  3211  3211 D NavBarView: disableBack=false (isBackDismissIme=false, handlingGestures=false, disabledFlagBack=false, isBottomGesture=false, isImeRenderingNavButtons=false)
05-31 02:46:40.986  3211  3211 D Navbar.Store: handleEvent(0) OnUpdateSysUiStateFlag(noArguments=true) [Module] SamsungNavigationBarView
05-31 02:46:40.986  3211  3211 D Navbar.Store: --[Band]GESTURE_PACK_UPDATE_SYSTEMUI_STATE_FLAG
05-31 02:46:40.986  3211  3211 D Navbar.Store: --[Band] (afterAction) GESTURE_PACK_UPDATE_SYSTEMUI_STATE_FLAG
05-31 02:46:40.987  5534 27762 I HBD     : a requestCursorUpdates returned  false ,  7
05-31 02:46:40.987  3645 26737 I HoneySpace.SystemUiRepository: systemUiFlags: awake
05-31 02:46:40.988  3211  3211 D NavBarStateManager: NavBarStates(0) canUseNavBarBackgroundFrame: false
05-31 02:46:40.988  5534  5534 I HBD     : c update cached prediction status : false 
05-31 02:46:40.988  5534  5534 I HBD     : h getDefaultInputRange : UNKNOWN 
05-31 02:46:40.988  5534  5534 I HBD     : a currentState : 0 
05-31 02:46:40.988  3211  3211 D NavigationBarControllerImpl: setNavigationBarShortcut requestClass : com.android.wm.shell.controlpanel.activity.FlexPanelActivity, remoteViews : null, position : 0, priority : 11
05-31 02:46:40.989  3211  3211 D RemoteViewPack: OnSetRemoteView RemoteViewShortcut(requestClass=com.android.wm.shell.controlpanel.activity.FlexPanelActivity, remoteViews=null, position=0, priority=11)
05-31 02:46:40.989  5534  5534 I HBD     : a [UpdatePolicy] [post] a: 0 cl: 4325376 kit: [0/0] vt: 0 ir: 1 
05-31 02:46:40.989  3211  3211 D NavBarStateManager: NavBarStates(0) isGameMode: false
05-31 02:46:40.991  3645  5982 I VRI[LauncherActivity]@3363efb: mWNT: t=0xb400007447aa3310 mBlastBufferQueue=0xb400007277b9e900 fn= 95 HdrRenderState mRenderHdrSdrRatio=1.0 caller= android.view.SyncRtSurfaceTransactionApplier.applyTransaction:100 android.view.SyncRtSurfaceTransactionApplier.lambda$scheduleApply$0:73 android.view.SyncRtSurfaceTransactionApplier.$r8$lambda$afI4fXg3U3-nBZQEDQMiNy-B06s:0 
05-31 02:46:40.991  3645  3874 I HoneySpace.TaskbarEventTracker: invokeEvent() called with: event = SystemUiStateChanged(stateFlags=268435456)
05-31 02:46:40.993  5534  5534 I HBD     : a [NRIC] resetNoResponseState 
05-31 02:46:40.993 27747 27747 I FirebaseApp: Device unlocked: initializing all Firebase APIs for app [DEFAULT]
05-31 02:46:40.993  5534  5534 I HBD     : c update cached prediction status : false 
05-31 02:46:40.993  5534  5534 W HBD     : d switchToDefaultBoard : ai_writing is not bound 
05-31 02:46:40.994  5534  5534 I HBD     : HoneyBoardService [PF_OP][onStartInput]  10 ms 
05-31 02:46:40.994  5534  5534 I HBD     : HoneyBoardService onStartInputView : restarting=true, client=com.sec.android.app.launcher, pid=3645 
05-31 02:46:40.994  5534  5534 I HBD     : h [EditorInputType]setPrivateImeOptionsToTable privateImeOptions ( null )
05-31 02:46:40.994  5534  5534 I HBD     : b incognitoMode : false 
05-31 02:46:40.994  5534  5534 I HBD     : h getDefaultInputRange : UNKNOWN 
05-31 02:46:40.994  5534  5534 I HBD     : h getDefaultInputRange : UNKNOWN 
05-31 02:46:40.994  5534  5534 I HBD     : h getDefaultInputRange : UNKNOWN 
05-31 02:46:40.995  5534  5534 I HBD     : HoneyBoardService onStartInputViewInternal: inputType=0x1, imeOptions=0x10000003, initialSelStart=0, initialSelEnd=0 
05-31 02:46:40.995  5534  5534 I HBD     : f applyThemesPolicy 
05-31 02:46:40.995  5534  5534 I HBD     : e mIsGalaxyTheme = false mIsDexDesktopDisplay : false IsRequiredDarkTypeTheme = false night mode : false mIsEnabledHighContrast = false mIsOpenThemeForHoneyBoardInstalled = false mIsWallpaperThemeInstalled = false mIsThemeParkTheme = false
05-31 02:46:40.995  5534  5534 I HBD     : f ThemeIndex By PolicyInternal theme index :  285212672 Açık renk
05-31 02:46:40.995  5534  5534 I HBD     : f update KeyboardTheme themeIndex : 0x 11000000  theme :  Açık renk
05-31 02:46:40.995  5534  5534 I HBD     : a set Theme convertedIndex : 2 
05-31 02:46:40.995  1661  1661 I SurfaceFlinger: RequestedLayer [Surface(name=f0344b5 InputMethod)/@0[...]tion-leash of insets_animation#38954] hidden!! flag  from(0) --> to(1)
05-31 02:46:40.995  1661  1661 E SurfaceFlinger: alpha changed 0.000 -> 1.000 - Surface(name=f0344b5 InputMethod)/@0x81226bb - animation-leash of insets_animation#38954
05-31 02:46:40.997  3645  5981 I VRI[LauncherActivity]@3363efb: mWNT: t=0xb400007447aa3310 mBlastBufferQueue=0xb400007277b9e900 fn= 96 HdrRenderState mRenderHdrSdrRatio=1.0 caller= android.view.SyncRtSurfaceTransactionApplier.applyTransaction:100 android.view.SyncRtSurfaceTransactionApplier.lambda$scheduleApply$0:73 android.view.SyncRtSurfaceTransactionApplier.$r8$lambda$afI4fXg3U3-nBZQEDQMiNy-B06s:0 
05-31 02:46:40.997  3211  3211 D NavBarStateManager: NavBarStates(0) canUseNavBarBackgroundFrame: false
05-31 02:46:40.997  5534  5534 I HBD     : a onThemeChanged: currTheme = 2, nextTheme = 2 
05-31 02:46:40.997  5534  5534 I HBD     : e onUpdate: mThemeStyle = 2 
05-31 02:46:40.999  5534  5534 I HBD     : c updatePredictionStatus : 1, editorOpt 
05-31 02:46:40.999  5534  5534 I HBD     : c updateForEditorClass isPredictionOn = false 
05-31 02:46:41.000  5534  5534 I HBD     : o0 EBD ssu s 0 
05-31 02:46:41.000  5534  5534 I HBD     : a [UpdatePolicy] [post] a: 1 cl: 4325376 kit: [0/0] vt: 0 ir: 1 
05-31 02:46:41.001  2407  3797 D KNOX_MDM_SettingsProvider: isChangeAllowed() : name = enabled_input_methods
05-31 02:46:41.001  2407  3797 D KNOX_MDM_SettingsProvider: edmUri: content://com.sec.knox.provider/RestrictionPolicy3
05-31 02:46:41.001  2407  3797 D KNOX_MDM_SettingsProvider: projectionArgs: isSettingsChangesAllowed
05-31 02:46:41.001  2407  3797 D KNOX_MDM_SettingsProvider: selectionArgs: false
05-31 02:46:41.001  2407  3797 D KNOX_MDM_SettingsProvider: selectionArgs: 10181
05-31 02:46:41.001  2407  3797 D SecContentProvider: query(), uri = 17 selection = isSettingsChangesAllowed
05-31 02:46:41.001  2407  3797 D SecContentProvider: called from android.uid.honeyboard:10181
05-31 02:46:41.001  2407  3797 D RestrictionPolicy: isSettingsChangesAllowedAsUser, userId 0 : true
05-31 02:46:41.001  2407  3797 D KNOX_MDM_SettingsProvider: ret = 1
05-31 02:46:41.001  2407  3797 D KNOX_MDM_SettingsProvider: isChangeAllowed() : name = default_input_method
05-31 02:46:41.001  2407  3797 D KNOX_MDM_SettingsProvider: edmUri: content://com.sec.knox.provider/RestrictionPolicy3
05-31 02:46:41.001  2407  3797 D KNOX_MDM_SettingsProvider: projectionArgs: isSettingsChangesAllowed
05-31 02:46:41.001  2407  3797 D KNOX_MDM_SettingsProvider: selectionArgs: false
05-31 02:46:41.001  2407  3797 D KNOX_MDM_SettingsProvider: selectionArgs: 10181
05-31 02:46:41.001  2407  3797 D SecContentProvider: query(), uri = 17 selection = isSettingsChangesAllowed
05-31 02:46:41.001  2407  3797 D SecContentProvider: called from android.uid.honeyboard:10181
05-31 02:46:41.001  5534  5534 I HBD     : c update cached prediction status : false 
05-31 02:46:41.001  2407  3797 D RestrictionPolicy: isSettingsChangesAllowedAsUser, userId 0 : true
05-31 02:46:41.001  2407  3797 D KNOX_MDM_SettingsProvider: ret = 1
05-31 02:46:41.002  5534 16178 I HBD     : u updated Sub Types. Turkish 
05-31 02:46:41.004  2407  5758 D SecContentProvider: query(), uri = 15 selection = isClipboardAllowedAsUser
05-31 02:46:41.004  2407  5758 D SecContentProvider: called from android.uid.honeyboard:10181
05-31 02:46:41.004  2407  5758 D RestrictionPolicy: isClipboardAllowed : true
05-31 02:46:41.004  2407  5758 D SecContentProvider: SemKnoxPolicyContract.RestrictionPolicy.CLIPBOARD_ALLOWED_AS_USER return = true
05-31 02:46:41.004  5534  5534 I HBD     : b updateConfig: [LanguageItem] Turkish / [KeyboardViewTypeItem] 0 / [KeyboardInputTypeItem] mainType(0), subType(0) / [CurrentLanguageInputTypeItem] mainType(0), subType(0) / [KeyboardInputRangeItem] 1 / [SelectedLanguageItem] 1 / [TextOrNullInputClassItem] true / [NumberKeyFirstLineItem] true / [SpaceRowStyleCmItem] true / [SpaceRowStylePeriodItem] true / [SpaceRowStyleEmailURLPeriodItem] true /  
05-31 02:46:41.004  5534  5534 I HBD     : b updateConfig: [SpaceRowStyleEmailURLDotComItem] true / [SpaceRowStyleEmailURLPeriodItem] true / [SpaceRowStyleJapaneseArrowItem] true / [SpaceRowStyleJapanesePeriodItem] true / [TouchAndHoldSpaceBarTypeItem] cursor_control / [VoiceInputTypeItem] 1 / [DensityItem] 3.0 / [DisplayWidthItem] 1080 / [DisplayHeightItem] 2115 / [MainTextLabelItem] 1 / [LanguageSwitchingUsingSpaceBarItem] true /  
05-31 02:46:41.005  5534  5534 I HBD     : b updateConfig: [VoiceEnabledItem] true / [EditorEnterActionItem] -1 /  
05-31 02:46:41.005  3645  5982 I VRI[LauncherActivity]@3363efb: mWNT: t=0xb400007447af5e10 mBlastBufferQueue=0xb400007277b9e900 fn= 97 HdrRenderState mRenderHdrSdrRatio=1.0 caller= android.view.SyncRtSurfaceTransactionApplier.applyTransaction:100 android.view.SyncRtSurfaceTransactionApplier.lambda$scheduleApply$0:73 android.view.SyncRtSurfaceTransactionApplier.$r8$lambda$afI4fXg3U3-nBZQEDQMiNy-B06s:0 
05-31 02:46:41.006  2407  5759 V InputMethodManagerService: IME window vis: 3 active: 1 visible: 2 displayId: 0
05-31 02:46:41.006  2407  5759 D InputMethodManagerService: isImeSwitcherDisabledPackage : false
05-31 02:46:41.006  5534 27764 I HBD     : b InputMethodSubtype is set as local:tr 
05-31 02:46:41.007  2407  5759 D InputMethodManagerService: shouldShowImeSwitcherLocked : checking vis : 3
05-31 02:46:41.007  2407  2407 I InputMethodManagerService: subtype state: oldSubtype = android.view.inputmethod.InputMethodSubtype@420000 newSubtype = android.view.inputmethod.InputMethodSubtype@420000 force = false, intent received : false
05-31 02:46:41.008  5534  5534 I HBD     : c update cached prediction status : false 
05-31 02:46:41.008  5534  5534 I HBD     : b updateMultiTapTimeValue 
05-31 02:46:41.008  5534  5534 I HBD     : b getMultiTapTimeoutValue 
05-31 02:46:41.008  5534  5534 I HBD     : b getSingleVowelMultiTapTimeoutValue 
05-31 02:46:41.008  5534  5534 I HBD     : a [AiWriter] determineTranslateLanguage
05-31 02:46:41.008  5534 27767 I HBD     : a [HBIC] requestCursorUpdates 2 
05-31 02:46:41.008  5534  5534 I HBD     : a [AiWriter] chat translation null isTranslationClosed : false lang :  restarting : true hash : 522830646 is from translation : false
05-31 02:46:41.009  3211  3211 D NavigationBar: setImeWindowStatus displayId=0 vis=3 backDisposition=0 showImeSwitcher=false isImeVisible=true
05-31 02:46:41.009  3211  3211 D Navbar.Store: handleEvent(0) OnNavBarIconHintChanged(iconHint=3) [Module] NavigationBar
05-31 02:46:41.009  5534 27767 I HBD     : a requestCursorUpdates returned  true ,  1
05-31 02:46:41.009  3211  3211 D Navbar.Store: --[Band]SETUPWIZARD_PACK_SET_NAVBAR_ICON_HINT
05-31 02:46:41.009  3211  3211 D Navbar.Store: --[Band]VIS_PACK_REEVAULATE_NAVBAR
05-31 02:46:41.009  3211  3211 D Navbar.Store: ----apply(0) NavBarStoreAction$ReevaluateNavBar
05-31 02:46:41.009  5534  5534 I HBD     : MultiModalSwitcher onStartInputView 
05-31 02:46:41.010  3211  3211 D NavBarView: disableBack=false (isBackDismissIme=true, handlingGestures=false, disabledFlagBack=false, isBottomGesture=false, isImeRenderingNavButtons=false)
05-31 02:46:41.010  3211  3211 D NavBarStateManager: NavBarStates(0) canShowKeyboardButtonForRotation(0): true
05-31 02:46:41.010  5534  5534 I HBD     : HoneyBoardService [PF_OP][onStartInputView]  16 ms 
05-31 02:46:41.010  3211  3211 D Navbar.Store: handleEvent(0) OnUpdateSysUiStateFlag(noArguments=true) [Module] SamsungNavigationBarView
05-31 02:46:41.010  3211  3211 D Navbar.Store: --[Band]GESTURE_PACK_UPDATE_SYSTEMUI_STATE_FLAG
05-31 02:46:41.010  3211  3211 D Navbar.Store: --[Band] (afterAction) GESTURE_PACK_UPDATE_SYSTEMUI_STATE_FLAG
05-31 02:46:41.010  5534  5534 I HBD     : o0 EBD si S 0 
05-31 02:46:41.011  5534  5534 I InputMethod: showSoftInput(): flags=1
05-31 02:46:41.011  2407  5632 I InputMethodManagerService: isAccessoryKeyboard 0
05-31 02:46:41.011  3645 25777 I HoneySpace.SystemUiRepository: systemUiFlags: ime_visible|awake|back_dismiss_ime
05-31 02:46:41.011  5534  5534 I HBD     : HoneyBoardService onEvaluateInputViewShown: true 
05-31 02:46:41.011  3645  3874 I HoneySpace.TaskbarEventTracker: invokeEvent() called with: event = SystemUiStateChanged(stateFlags=68988174336)
05-31 02:46:41.012  2407  3314 I InputMethodManagerService: isAccessoryKeyboard 0
05-31 02:46:41.012  1661  1661 I SurfaceFlinger: RequestedLayer [Surface(name=f0344b5 InputMethod)/@0[...]tion-leash of insets_animation#38954] hidden!! flag  from(1) --> to(0)
05-31 02:46:41.012  5534  5534 I HBD     : HoneyBoardService onEvaluateInputViewShown: true 
05-31 02:46:41.012  5534  5534 I InputMethodService: startViews: mShowInputRequested=true, mInputViewStarted=true, mCandidatesViewStarted= false
05-31 02:46:41.012  3645 25777 I HoneySpace.SearchDataManager: dispatchWorker: worker=0 stat=0
05-31 02:46:41.012  3645 25777 I ResultDataManager: Results: keys=SUGGESTED_APPS, SUGGESTED_TAG, SUGGESTED_DIRECTORY, HISTORY_KEYWORD
05-31 02:46:41.014  5534  5534 I HBD     : HoneyBoardService onWindowShown 
05-31 02:46:41.014  5534  5534 I HBD     : e onWindowShown : true 
