05-31 02:46:40.735  5534  5534 I HBD     : c update cached prediction status : false 
05-31 02:46:40.735  5534  5534 I HBD     : b [AiWriter] setContact : com.sec.android.app.launcher
05-31 02:46:40.736  5534  5534 I HBD     : HoneyBoardService [PF_OP][onStartInput]  5 ms 
05-31 02:46:40.736  5534  8628 I ScsApi@Feature: checkFeature() : FEATURE_SPEECH_RECOGNITION, sdk : 4.0.20
05-31 02:46:40.736  5534  8628 I ScsApi@FeatureHolder: setStatus() : FEATURE_SPEECH_RECOGNITION : 0
05-31 02:46:40.736  5534  8628 W ScsApi@ExpiringData@136991415: langpackConfig return current value : PT0.005S
05-31 02:46:40.736  5534  5534 I InputMethod: showSoftInput(): flags=1
05-31 02:46:40.736  5534 23170 I ScsApi@Feature: checkFeature() : FEATURE_SPEECH_RECOGNITION, sdk : 4.0.20
05-31 02:46:40.736  5534 23170 I ScsApi@FeatureHolder: setStatus() : FEATURE_SPEECH_RECOGNITION : 0
05-31 02:46:40.736  5534 23170 W ScsApi@ExpiringData@136991415: langpackConfig return current value : PT0.005S
05-31 02:46:40.737  2407  2860 I InputMethodManagerService: isAccessoryKeyboard 0
05-31 02:46:40.737  5534  5534 I HBD     : HoneyBoardService onEvaluateInputViewShown: true 
05-31 02:46:40.737  3645  3645 I HoneySpace.WallpaperBlurView: apply(): progress = 2.0, radius = 250, preset = PresetConfigure(blurRadius=250, id=132, alphaScaleFactor=765.0)
05-31 02:46:40.738  2407  2860 I InputMethodManagerService: isAccessoryKeyboard 0
05-31 02:46:40.738  5534  5534 I HBD     : HoneyBoardService onEvaluateInputViewShown: true 
05-31 02:46:40.739  5534  5534 I HBD     : HoneyBoardService onStartInputView : restarting=false, client=com.sec.android.app.launcher, pid=3645 
05-31 02:46:40.740  5534  5534 I HBD     : h [EditorInputType]setPrivateImeOptionsToTable privateImeOptions ( null )
05-31 02:46:40.740  5534  5534 I HBD     : b incognitoMode : false 
05-31 02:46:40.740  2407  3074 D BackgroundInstallControlService: Package event received: 0
05-31 02:46:40.741  5534  5534 I HBD     : h getDefaultInputRange : UNKNOWN 
05-31 02:46:40.741  5534  5534 I HBD     : h getDefaultInputRange : UNKNOWN 
05-31 02:46:40.741  5534  5534 I HBD     : h getDefaultInputRange : UNKNOWN 
05-31 02:46:40.741  5534  5534 I HBD     : HoneyBoardService onStartInputViewInternal: inputType=0x90001, imeOptions=0x10000003, initialSelStart=0, initialSelEnd=0 
05-31 02:46:40.741  5534  5534 I HBD     : f applyThemesPolicy 
05-31 02:46:40.744  5534  6996 I SemDvfsHyPerManager: acquire hyper - SKBD_RE_ENTER_SHOW/5534@1, type = -999
05-31 02:46:40.745  3645  3645 I HoneySpace.WallpaperBlurView: apply(): progress = 2.0, radius = 250, preset = PresetConfigure(blurRadius=250, id=132, alphaScaleFactor=765.0)
05-31 02:46:40.745  5534  5534 I HBD     : e mIsGalaxyTheme = false mIsDexDesktopDisplay : false IsRequiredDarkTypeTheme = false night mode : false mIsEnabledHighContrast = false mIsOpenThemeForHoneyBoardInstalled = false mIsWallpaperThemeInstalled = false mIsThemeParkTheme = false
05-31 02:46:40.746  5534  8628 I HBD     : VoiceLanguageListProvider HoneyVoice isSupportedLocale is false, so return 0
05-31 02:46:40.747  1555  1586 I HYPER-HAL: [RequestManager.cpp]acquire(): Acquired ID : 15320881  [5534 / 1]    HINT : KBD_APP_RE_ENTER_VIEW    list : [TIMEOUT / 400] 
05-31 02:46:40.747  5534  5534 I HBD     : f ThemeIndex By PolicyInternal theme index :  285212672 Açık renk
05-31 02:46:40.747  5534  5534 I HBD     : f update KeyboardTheme themeIndex : 0x 11000000  theme :  Açık renk
05-31 02:46:40.748  5534  5534 I HBD     : a set Theme convertedIndex : 2 
05-31 02:46:40.748  5534  5534 I HBD     : a onThemeChanged: currTheme = 2, nextTheme = 2 
05-31 02:46:40.749  5534 23170 I HBD     : VoiceLanguageListProvider HoneyVoice isSupportedLocale is false, so return 0
05-31 02:46:40.749  5534  5534 I HBD     : e onUpdate: mThemeStyle = 2 
05-31 02:46:40.749  5534  5534 I HBD     : c updatePredictionStatus : 1, editorOpt 
05-31 02:46:40.749  5534  5534 I HBD     : c updateForEditorClass isPredictionOn = false 
05-31 02:46:40.749  3645 21280 W SearchView: seslSetSviEnabled: not supported system locale
05-31 02:46:40.751  3645  3645 I InputMethodManager: startInputInner - IInputMethodManagerGlobalInvoker.startInputOrWindowGainedFocus
05-31 02:46:40.752  5534  5534 I HBD     : o0 EBD ssu s 0 
05-31 02:46:40.753  5534  5534 I HBD     : a [UpdatePolicy] [post] a: 1 cl: 4325376 kit: [0/0] vt: 0 ir: 1 
05-31 02:46:40.756  5534  5534 I HBD     : c update cached prediction status : false 
05-31 02:46:40.756  2407  2860 D KNOX_MDM_SettingsProvider: isChangeAllowed() : name = enabled_input_methods
05-31 02:46:40.757  2407  2860 D KNOX_MDM_SettingsProvider: edmUri: content://com.sec.knox.provider/RestrictionPolicy3
05-31 02:46:40.757  2407  2860 D KNOX_MDM_SettingsProvider: projectionArgs: isSettingsChangesAllowed
05-31 02:46:40.757  2407  2860 D KNOX_MDM_SettingsProvider: selectionArgs: false
05-31 02:46:40.757  2407  2860 D KNOX_MDM_SettingsProvider: selectionArgs: 10181
05-31 02:46:40.757  2407  2941 V InputMethodManagerService: startInputOrWindowGainedFocusInternalLocked: reason=APP_CALLED_RESTART_INPUT_API client=android.os.BinderProxy@1ae97be inputContext=com.android.internal.inputmethod.IRemoteInputConnection$Stub$Proxy@3477200 editorInfo=android.view.inputmethod.EditorInfo@627ba39 startInputFlags=VIEW_HAS_FOCUS|IS_TEXT_EDITOR softInputMode=STATE_UNSPECIFIED|ADJUST_NOTHING windowFlags=#81910100 unverifiedTargetSdkVersion=36 bindingController=com.android.server.inputmethod.InputMethodBindingController@dadeaaf imeDispatcher=android.window.ImeOnBackInvokedDispatcher@abdd87e cs=ClientState{d1252a8 mUid=10135 mPid=3645 mSelfReportedDisplayId=0} imeRequestedVisible=true
05-31 02:46:40.757  2407  2941 V InputMethodManagerService: startInputOrWindowGainedFocusInternalLocked: reason=APP_CALLED_RESTART_INPUT_API clientState=d1252a8 editorInfo=android.view.inputmethod.EditorInfo@627ba39 startInputFlags=VIEW_HAS_FOCUS|IS_TEXT_EDITOR softInputMode=STATE_UNSPECIFIED|ADJUST_NOTHING windowFlags=#81910100 sameWindowFocused=true
05-31 02:46:40.757  3645  3645 I HoneySpace.WallpaperBlurView: apply(): progress = 2.0, radius = 250, preset = PresetConfigure(blurRadius=250, id=132, alphaScaleFactor=765.0)
05-31 02:46:40.757  2407  2941 V InputMethodManagerService: setWindowStateInner, windowToken=android.os.BinderProxy@be39b46, state=ImeTargetWindowState{ imeToken null imeFocusChanged false hasEditorFocused true requestedImeVisible true imeDisplayId 0 softInputModeState STATE_UNSPECIFIED|ADJUST_NOTHING isStartInputByGainFocus false}
05-31 02:46:40.758  2407  2941 V InputMethodManagerService: Window already focused, ignoring focus gain of: com.android.internal.inputmethod.IInputMethodClient$Stub$Proxy@a3fc1df editorInfo=android.view.inputmethod.EditorInfo@627ba39, token=android.os.BinderProxy@be39b46, startInputReason=APP_CALLED_RESTART_INPUT_API
05-31 02:46:40.758  2407  2941 D SemInputMethodManagerServiceUtil: restorePreviousUsedInputMethod : failed to return the previous ime becuase the stored info is null or do not need restore
05-31 02:46:40.758  2407  2860 D SecContentProvider: query(), uri = 17 selection = isSettingsChangesAllowed
05-31 02:46:40.758  2407  2860 D SecContentProvider: called from android.uid.honeyboard:10181
05-31 02:46:40.758  2407  2941 V InputMethodManagerService: semComputeImeDisplayIdForTarget: displayToShowIme=0
05-31 02:46:40.759  2407  2860 D RestrictionPolicy: isSettingsChangesAllowedAsUser, userId 0 : true
05-31 02:46:40.759  2407  2860 D KNOX_MDM_SettingsProvider: ret = 1
05-31 02:46:40.759  2407  2941 V InputMethodManagerService: Creating new accessibility sessions for client ClientState{d1252a8 mUid=10135 mPid=3645 mSelfReportedDisplayId=0}
05-31 02:46:40.760  2407  2860 D KNOX_MDM_SettingsProvider: isChangeAllowed() : name = default_input_method
05-31 02:46:40.760  2407  2860 D KNOX_MDM_SettingsProvider: edmUri: content://com.sec.knox.provider/RestrictionPolicy3
05-31 02:46:40.760  2407  2860 D KNOX_MDM_SettingsProvider: projectionArgs: isSettingsChangesAllowed
05-31 02:46:40.760  2407  2941 D InputMethodManagerService: isImeSwitcherDisabledPackage : false
05-31 02:46:40.760  2407  2860 D KNOX_MDM_SettingsProvider: selectionArgs: false
05-31 02:46:40.760  2407  2860 D KNOX_MDM_SettingsProvider: selectionArgs: 10181
05-31 02:46:40.760  2407  2860 D SecContentProvider: query(), uri = 17 selection = isSettingsChangesAllowed
05-31 02:46:40.760  2407  2941 D InputMethodManagerService: shouldShowImeSwitcherLocked : checking vis : 3
05-31 02:46:40.760  2407  2860 D SecContentProvider: called from android.uid.honeyboard:10181
05-31 02:46:40.760  2407  2860 D RestrictionPolicy: isSettingsChangesAllowedAsUser, userId 0 : true
05-31 02:46:40.760  2407  2860 D KNOX_MDM_SettingsProvider: ret = 1
05-31 02:46:40.760  2407  2487 I GestureDetector: handleMessage TAP
05-31 02:46:40.760  2407  2941 D InputMethodManagerService: checkDisplayOfStartInputAndUpdateKeyboard: displayId=0, mFocusedDisplayId=0
05-31 02:46:40.761  2407  2941 I ImeTracker: com.sec.android.app.launcher:6bdd2951: onRequestShow at ORIGIN_SERVER reason ATTACH_NEW_INPUT fromUser false
05-31 02:46:40.761  5534 16178 I HBD     : u updated Sub Types. Turkish 
05-31 02:46:40.761  2407  2941 V InputMethodManagerService: Client requesting input be shown
05-31 02:46:40.761  2407  2941 D InputMethodManagerService: ACCESS_CONTROL_ENABLED = false, ACCESS_CONTROL_KEYBOARD_BLOCK = true
05-31 02:46:40.761  2407  2941 V InputMethodManagerService: setWindowStateInner, windowToken=android.os.BinderProxy@be39b46, state=ImeTargetWindowState{ imeToken android.os.Binder@25afe8a imeFocusChanged false hasEditorFocused true requestedImeVisible true imeDisplayId 0 softInputModeState STATE_UNSPECIFIED|ADJUST_NOTHING isStartInputByGainFocus false}
05-31 02:46:40.762  2407  2941 V InputMethodManagerService: Calling com.android.server.inputmethod.IInputMethodInvoker@85ebece.showSoftInput(android.os.BinderProxy@be39b46, 1, null) for reason: SHOW_SOFT_INPUT
05-31 02:46:40.762  3645 26737 W SearchView: seslSetSviEnabled: not supported system locale
05-31 02:46:40.762  1476  1476 D Zygote  : Forked child process 27725
05-31 02:46:40.763  2407  2496 I ActivityManager: Start proc 27725:com.samsung.android.samsungpassautofill/u0a194 for service {com.samsung.android.samsungpassautofill/com.samsung.android.samsungpassautofill.AutofillServiceMain}
05-31 02:46:40.763  2407  2496 I ActivityManager: ProcessObserver broadcast disabled
05-31 02:46:40.763  2407  2941 I InputMethodManagerService: attachNewInputLocked: showCurrentInputInternal, softInputModeState=STATE_UNSPECIFIED|ADJUST_NOTHING|IS_FORWARD_NAVIGATION
05-31 02:46:40.763  2407  2941 D InputTransport: Input channel constructed: 'ClientS', fd=1159
05-31 02:46:40.763  2407  2941 D InputTransport: Input channel destroyed: 'ClientS', fd=1159
05-31 02:46:40.763  5534 27724 I HBD     : b InputMethodSubtype is set as local:tr 
05-31 02:46:40.764  3645  3645 I HoneySpace.WallpaperBlurView: apply(): progress = 2.0, radius = 250, preset = PresetConfigure(blurRadius=250, id=132, alphaScaleFactor=765.0)
05-31 02:46:40.765  2407  2407 I InputMethodManagerService: subtype state: oldSubtype = android.view.inputmethod.InputMethodSubtype@420000 newSubtype = android.view.inputmethod.InputMethodSubtype@420000 force = false, intent received : false
05-31 02:46:40.766  3645  3645 I InputMethodManager: startInputInner - IInputMethodManagerGlobalInvoker.startInputOrWindowGainedFocus
05-31 02:46:40.767  2407  2407 I GestureDetector: handleMessage TAP
05-31 02:46:40.768  2407  2941 V InputMethodManagerService: startInputOrWindowGainedFocusInternalLocked: reason=APP_CALLED_RESTART_INPUT_API client=android.os.BinderProxy@1ae97be inputContext=com.android.internal.inputmethod.IRemoteInputConnection$Stub$Proxy@5f27956 editorInfo=android.view.inputmethod.EditorInfo@7ba0dd7 startInputFlags=VIEW_HAS_FOCUS|IS_TEXT_EDITOR softInputMode=STATE_UNSPECIFIED|ADJUST_NOTHING windowFlags=#81910100 unverifiedTargetSdkVersion=36 bindingController=com.android.server.inputmethod.InputMethodBindingController@dadeaaf imeDispatcher=android.window.ImeOnBackInvokedDispatcher@5b996c4 cs=ClientState{d1252a8 mUid=10135 mPid=3645 mSelfReportedDisplayId=0} imeRequestedVisible=true
05-31 02:46:40.768  2407  2941 V InputMethodManagerService: startInputOrWindowGainedFocusInternalLocked: reason=APP_CALLED_RESTART_INPUT_API clientState=d1252a8 editorInfo=android.view.inputmethod.EditorInfo@7ba0dd7 startInputFlags=VIEW_HAS_FOCUS|IS_TEXT_EDITOR softInputMode=STATE_UNSPECIFIED|ADJUST_NOTHING windowFlags=#81910100 sameWindowFocused=true
05-31 02:46:40.768  2407  2941 V InputMethodManagerService: setWindowStateInner, windowToken=android.os.BinderProxy@be39b46, state=ImeTargetWindowState{ imeToken null imeFocusChanged false hasEditorFocused true requestedImeVisible true imeDisplayId 0 softInputModeState STATE_UNSPECIFIED|ADJUST_NOTHING isStartInputByGainFocus false}
05-31 02:46:40.768  2407  2941 V InputMethodManagerService: Window already focused, ignoring focus gain of: com.android.internal.inputmethod.IInputMethodClient$Stub$Proxy@b8d19ad editorInfo=android.view.inputmethod.EditorInfo@7ba0dd7, token=android.os.BinderProxy@be39b46, startInputReason=APP_CALLED_RESTART_INPUT_API
05-31 02:46:40.768  2407  2941 D SemInputMethodManagerServiceUtil: restorePreviousUsedInputMethod : failed to return the previous ime becuase the stored info is null or do not need restore
05-31 02:46:40.768  2407  2941 V InputMethodManagerService: semComputeImeDisplayIdForTarget: displayToShowIme=0
05-31 02:46:40.768  2407  2941 V InputMethodManagerService: Creating new accessibility sessions for client ClientState{d1252a8 mUid=10135 mPid=3645 mSelfReportedDisplayId=0}
05-31 02:46:40.768  2407  2941 D InputMethodManagerService: isImeSwitcherDisabledPackage : false
05-31 02:46:40.768  2407  2941 D InputMethodManagerService: shouldShowImeSwitcherLocked : checking vis : 3
05-31 02:46:40.769  2407  2941 D InputMethodManagerService: checkDisplayOfStartInputAndUpdateKeyboard: displayId=0, mFocusedDisplayId=0
05-31 02:46:40.769  2407  3679 D SecContentProvider: query(), uri = 15 selection = isClipboardAllowedAsUser
05-31 02:46:40.769  2407  3679 D SecContentProvider: called from android.uid.honeyboard:10181
05-31 02:46:40.769  2407  2941 I ImeTracker: com.sec.android.app.launcher:fa4233f7: onRequestShow at ORIGIN_SERVER reason ATTACH_NEW_INPUT fromUser false
05-31 02:46:40.769  2407  2941 V InputMethodManagerService: Client requesting input be shown
05-31 02:46:40.769  2407  2941 D InputMethodManagerService: ACCESS_CONTROL_ENABLED = false, ACCESS_CONTROL_KEYBOARD_BLOCK = true
05-31 02:46:40.769  2407  3679 D RestrictionPolicy: isClipboardAllowed : true
05-31 02:46:40.769  2407  3679 D SecContentProvider: SemKnoxPolicyContract.RestrictionPolicy.CLIPBOARD_ALLOWED_AS_USER return = true
05-31 02:46:40.769  2407  2941 V InputMethodManagerService: setWindowStateInner, windowToken=android.os.BinderProxy@be39b46, state=ImeTargetWindowState{ imeToken android.os.Binder@a1b5b30 imeFocusChanged false hasEditorFocused true requestedImeVisible true imeDisplayId 0 softInputModeState STATE_UNSPECIFIED|ADJUST_NOTHING isStartInputByGainFocus false}
05-31 02:46:40.769  2407  2941 V InputMethodManagerService: Calling com.android.server.inputmethod.IInputMethodInvoker@85ebece.showSoftInput(android.os.BinderProxy@be39b46, 1, null) for reason: SHOW_SOFT_INPUT
05-31 02:46:40.769  2407  2941 I InputMethodManagerService: attachNewInputLocked: showCurrentInputInternal, softInputModeState=STATE_UNSPECIFIED|ADJUST_NOTHING|IS_FORWARD_NAVIGATION
05-31 02:46:40.769  2407  2941 D InputTransport: Input channel constructed: 'ClientS', fd=1159
05-31 02:46:40.769  2407  2941 D InputTransport: Input channel destroyed: 'ClientS', fd=1159
05-31 02:46:40.769  3645  3645 I HoneySpace.WallpaperBlurView: apply(): progress = 2.0, radius = 250, preset = PresetConfigure(blurRadius=250, id=132, alphaScaleFactor=765.0)
05-31 02:46:40.771  5534  5534 I HBD     : b [SKE_TAM] Changed false
05-31 02:46:40.771  5534  5534 I HBD     : c update cached prediction status : false 
05-31 02:46:40.771  5534  5534 I HBD     : b updateMultiTapTimeValue 
05-31 02:46:40.771  5534  5534 I HBD     : b getMultiTapTimeoutValue 
05-31 02:46:40.772  5534  5534 I HBD     : b getSingleVowelMultiTapTimeoutValue 
05-31 02:46:40.772  5534  5534 I HBD     : a [AiWriter] determineTranslateLanguage
05-31 02:46:40.772  5534  5534 I HBD     : a [AiWriter] chat translation null isTranslationClosed : false lang :  restarting : false hash : 522830646 is from translation : false
05-31 02:46:40.774  5534 27728 I HBD     : a [HBIC] requestCursorUpdates 2 
05-31 02:46:40.775  3645  3645 W RemoteInputConnectionImpl: requestCursorUpdates on inactive InputConnection
05-31 02:46:40.775  5534 27728 I HBD     : a requestCursorUpdates returned  false ,  1
05-31 02:46:40.777  5534 27726 I HBD     : a refresh(), mParameterMode,  0
05-31 02:46:40.778  5534 27726 I HBD     : a [AiWriter] setContact : com.sec.android.app.launcher
05-31 02:46:40.778  3645  3645 I HoneySpace.WallpaperBlurView: apply(): progress = 2.0, radius = 250, preset = PresetConfigure(blurRadius=250, id=132, alphaScaleFactor=765.0)
05-31 02:46:40.782  5534  5534 I HBD     : a onBind 
05-31 02:46:40.784  5534  5534 I HBD     : b updateConfig: [LanguageItem] Turkish / [KeyboardViewTypeItem] 0 / [KeyboardInputTypeItem] mainType(0), subType(0) / [CurrentLanguageInputTypeItem] mainType(0), subType(0) / [KeyboardInputRangeItem] 1 / [SelectedLanguageItem] 1 / [TextOrNullInputClassItem] true / [NumberKeyFirstLineItem] true / [SpaceRowStyleCmItem] true / [SpaceRowStylePeriodItem] true / [SpaceRowStyleEmailURLPeriodItem] true /  
05-31 02:46:40.784  2407  2993 D WifiStaIfaceHidlImpl: getCachedScanData is not implemented by HIDL
05-31 02:46:40.784  5534  5534 I HBD     : b updateConfig: [SpaceRowStyleEmailURLDotComItem] true / [SpaceRowStyleEmailURLPeriodItem] true / [SpaceRowStyleJapaneseArrowItem] true / [SpaceRowStyleJapanesePeriodItem] true / [TouchAndHoldSpaceBarTypeItem] cursor_control / [VoiceInputTypeItem] 1 / [DensityItem] 3.0 / [DisplayWidthItem] 1080 / [DisplayHeightItem] 2115 / [MainTextLabelItem] 1 / [LanguageSwitchingUsingSpaceBarItem] true /  
05-31 02:46:40.786  5534  5534 I HBD     : b updateConfig: [VoiceEnabledItem] true / [EditorEnterActionItem] -1 /  
05-31 02:46:40.787  3645  3645 I HoneySpace.WallpaperBlurView: apply(): progress = 2.0, radius = 250, preset = PresetConfigure(blurRadius=250, id=132, alphaScaleFactor=765.0)
05-31 02:46:40.787  5534  5534 I HBD     : f updateKeyboardViewHolder: INVALIDATE 
05-31 02:46:40.787  2407 28612 D SemWifiUsabilityStatsMonitor: onWifiUsabilityStats - seqNum 48720, isSameBssidAndFreq true
05-31 02:46:40.790  2407  3097 E SemWifiLinkQualityMonitor: Too old or invalid TMI: currentTime=1780184800790 lastDateWindow=1780032838000
05-31 02:46:40.791 27725 27725 I ungpassautofill: Using CollectorTypeCMC GC.
05-31 02:46:40.795  3645  3645 I HoneySpace.WallpaperBlurView: apply(): progress = 2.0, radius = 250, preset = PresetConfigure(blurRadius=250, id=132, alphaScaleFactor=765.0)
05-31 02:46:40.801  2407  3679 D SecContentProvider: query(), uri = 15 selection = isClipboardAllowedAsUser
05-31 02:46:40.801  2407  3679 D SecContentProvider: called from android.uid.honeyboard:10181
05-31 02:46:40.801  2407  3679 D RestrictionPolicy: isClipboardAllowed : true
05-31 02:46:40.801  2407  3679 D SecContentProvider: SemKnoxPolicyContract.RestrictionPolicy.CLIPBOARD_ALLOWED_AS_USER return = true
05-31 02:46:40.803  3645  3645 I HoneySpace.WallpaperBlurView: apply(): progress = 2.0, radius = 250, preset = PresetConfigure(blurRadius=250, id=132, alphaScaleFactor=765.0)
05-31 02:46:40.804  5534  5534 I HBD     : d [BoardScrapManager] sendBoardScrap 
05-31 02:46:40.805  5534  5534 I HBD     : r2 updateChangedBoard - [LC:false][TC:false][RC:false][RB:false] 
05-31 02:46:40.806  5534  5534 I HBD     : c update cached prediction status : false 
05-31 02:46:40.806  5534  5534 I HBD     : f updateCurrentEngine,  4325376 ,  SWIFTKEY
05-31 02:46:40.806  5534  5534 I HBD     : b [SKE_TAM] Changed false
05-31 02:46:40.807  5534  5534 I HBD     : b [SKE_TAM] custom = false , useEngine = true
05-31 02:46:40.808  5534  5534 I HBD     : b [SKE_TAM] Changed false
05-31 02:46:40.808  5534  5534 I HBD     : a refresh(), mParameterMode,  0
05-31 02:46:40.809  5534  5534 I HBD     : c [PF_EN] updateChangedBoard() 3 
05-31 02:46:40.811  3645  3645 I HoneySpace.WallpaperBlurView: apply(): progress = 2.0, radius = 250, preset = PresetConfigure(blurRadius=250, id=132, alphaScaleFactor=765.0)
05-31 02:46:40.814  5534  5534 I HBD     : c TMST - update statistics 
05-31 02:46:40.814  5077  5114 V OsAgent : broadcastSystemEvent - 7
05-31 02:46:40.815  5534  5534 I HBD     : e [PF_OP][updateKeyboardViewHolder]  29 ms 
05-31 02:46:40.820  3645  3645 I HoneySpace.WallpaperBlurView: apply(): progress = 2.0, radius = 250, preset = PresetConfigure(blurRadius=250, id=132, alphaScaleFactor=765.0)
05-31 02:46:40.828  3645  3645 I HoneySpace.WallpaperBlurView: apply(): progress = 2.0, radius = 250, preset = PresetConfigure(blurRadius=250, id=132, alphaScaleFactor=765.0)
05-31 02:46:40.829  5534  5534 I HBD     : MultiModalSwitcher onStartInputView 
05-31 02:46:40.834  5534  5534 I HBD     : HoneyBoardService [PF_OP][onStartInputView]  96 ms 
05-31 02:46:40.835  2407  5632 V InputMethodManagerService: IME window vis: 3 active: 1 visible: 2 displayId: 0
05-31 02:46:40.835  2407  5632 D InputMethodManagerService: isImeSwitcherDisabledPackage : false
05-31 02:46:40.835  2407  5632 D InputMethodManagerService: shouldShowImeSwitcherLocked : checking vis : 3
05-31 02:46:40.836  2407  5632 I InputMethodManagerService: setImeWindowStatus: vis=3, backDisposition=0
05-31 02:46:40.837  3645  3645 I HoneySpace.WallpaperBlurView: apply(): progress = 2.0, radius = 250, preset = PresetConfigure(blurRadius=250, id=132, alphaScaleFactor=765.0)
05-31 02:46:40.837  3211  3211 D NavigationBar: setImeWindowStatus displayId=0 vis=3 backDisposition=0 showImeSwitcher=false isImeVisible=true
05-31 02:46:40.837  3211  3211 D Navbar.Store: handleEvent(0) OnNavBarIconHintChanged(iconHint=3) [Module] NavigationBar
05-31 02:46:40.837  3211  3211 D Navbar.Store: --[Band]SETUPWIZARD_PACK_SET_NAVBAR_ICON_HINT
05-31 02:46:40.837  3211  3211 D Navbar.Store: --[Band]VIS_PACK_REEVAULATE_NAVBAR
05-31 02:46:40.837  3211  3211 D Navbar.Store: ----apply(0) NavBarStoreAction$ReevaluateNavBar
05-31 02:46:40.838  2407 27742 D SemInputDeviceManager: setProperty: (0) CMD,GRIP_DATA,1,18,24,7,1446,24,1821
05-31 02:46:40.838  5534  5534 I HBD     : HoneyBoardService onWindowShown 
05-31 02:46:40.839  5534  5534 I HBD     : e onWindowShown : true 
05-31 02:46:40.839  5534  5534 I HBD     : HoneyBoardService [PF_OP][onWindowShown]  1 ms 
05-31 02:46:40.840  2407  2937 D SemInputDevice:TSP: SetPropertyTask: CMD,set_grip_data,1,18,24,7,1446,24,1821 [05-31 02:46:40.838]
05-31 02:46:40.840  5534  5534 I HBD     : o0 EBD si S 0 
05-31 02:46:40.841  2407 27742 D TspStateManager: wrote command: cmd=1,18,24,7,1446,24,1821, type=1
05-31 02:46:40.842  3211  3211 D NavBarView: disableBack=false (isBackDismissIme=true, handlingGestures=false, disabledFlagBack=false, isBottomGesture=false, isImeRenderingNavButtons=false)
05-31 02:46:40.842  2407 27741 I SemInputMotionHelper: setMotionControl: ALL: 11, client=com.samsung.android.hardware.secinputdev.SemInputDeviceManager, ret=-1
05-31 02:46:40.842  2407 27741 D SemInputDeviceManager: setProperty: (100) CMD,SIP,1
05-31 02:46:40.842  3211  3211 D NavBarStateManager: NavBarStates(0) canShowKeyboardButtonForRotation(0): true
05-31 02:46:40.842  3211  3211 D Navbar.Store: handleEvent(0) OnUpdateSysUiStateFlag(noArguments=true) [Module] SamsungNavigationBarView
05-31 02:46:40.842  3211  3211 D Navbar.Store: --[Band]GESTURE_PACK_UPDATE_SYSTEMUI_STATE_FLAG
05-31 02:46:40.842  3211  3211 D Navbar.Store: --[Band] (afterAction) GESTURE_PACK_UPDATE_SYSTEMUI_STATE_FLAG
05-31 02:46:40.842  2407 27741 I SemInputCommandService: setPropertyAllTouch: SIP,1 retDefault=1 retExtra=-2
05-31 02:46:40.842  2407 27741 D TspStateManager: wrote command: cmd=1, type=5
05-31 02:46:40.844  1607  1607 I sysinput:Touch: writeInformation:249, OK
05-31 02:46:40.845  2407  2937 D SysinputHAL_V1_3(V1_2): runTspCmdNoRead(TSP(1)): set_grip_data,1,18,24,7,1446,24,1821 ret=0
05-31 02:46:40.845  2407  2937 D SemInputDevice:TSP: SetPropertyTask: CMD,set_sip_mode,1 [05-31 02:46:40.842]
05-31 02:46:40.845  3211  3211 D NavBarStateManager: NavBarStates(0) canUseNavBarBackgroundFrame: false
05-31 02:46:40.846  3645 26737 I HoneySpace.SystemUiRepository: systemUiFlags: ime_visible|awake|back_dismiss_ime
05-31 02:46:40.847  3211  3211 D NavigationBarControllerImpl: setNavigationBarShortcut requestClass : com.android.wm.shell.controlpanel.activity.FlexPanelActivity, remoteViews : null, position : 0, priority : 11
05-31 02:46:40.847  2407  2860 D CoreBackPreview: Window{75ca107 u0 com.sec.android.app.launcher/com.sec.android.app.launcher.activities.LauncherActivity}: Setting back callback OnBackInvokedCallbackInfo{mCallback=android.window.IOnBackInvokedCallback$Stub$Proxy@7836048, mPriority=0, mIsAnimationCallback=true, mOverrideBehavior=0}
05-31 02:46:40.846  5770  5770 I SemDvfsHyPerManager: acquire hyper - BaseTABoost/5770@24, type = -999
05-31 02:46:40.847  3211  3211 D RemoteViewPack: OnSetRemoteView RemoteViewShortcut(requestClass=com.android.wm.shell.controlpanel.activity.FlexPanelActivity, remoteViews=null, position=0, priority=11)
05-31 02:46:40.847  1607  1607 I sysinput:Touch: writeInformation:249, OK
05-31 02:46:40.847  3645  3645 I HoneySpace.WallpaperBlurView: apply(): progress = 2.0, radius = 250, preset = PresetConfigure(blurRadius=250, id=132, alphaScaleFactor=765.0)
05-31 02:46:40.847  1555  1586 I HYPER-HAL: [RequestManager.cpp]acquire(): Acquired ID : 16788139  [5770 / 24]    HINT :      list : [TABoost / 1] 
05-31 02:46:40.847  2407  2937 D SysinputHAL_V1_3(V1_2): runTspCmdNoRead(TSP(1)): set_sip_mode,1 ret=0
05-31 02:46:40.848  3211  3211 D NavBarStateManager: NavBarStates(0) isGameMode: false
05-31 02:46:40.848  3645  3874 I HoneySpace.TaskbarEventTracker: invokeEvent() called with: event = SystemUiStateChanged(stateFlags=68988174336)
05-31 02:46:40.853  3645  3645 I HoneySpace.WallpaperBlurView: apply(): progress = 2.0, radius = 250, preset = PresetConfigure(blurRadius=250, id=132, alphaScaleFactor=765.0)
05-31 02:46:40.861 27725 27725 I SamsungAnalytics605079: Tracker start:6.05.079
05-31 02:46:40.861 27725 27725 I DIAGMON_SDK[605079]: DiagMonAgent type: 2
05-31 02:46:40.861 27725 27725 I DIAGMON_SDK[605079][r7xeailczv] : generated SR object
05-31 02:46:40.862  3645  3645 I HoneySpace.WallpaperBlurView: apply(): progress = 2.0, radius = 250, preset = PresetConfigure(blurRadius=250, id=132, alphaScaleFactor=765.0)
05-31 02:46:40.863  2407  2860 I ActivityManager: Changes in 10194 19 to 6, 0 to 128
05-31 02:46:40.864  2407  3074 D BackgroundInstallControlService: Package event received: 0
05-31 02:46:40.867  2407  3074 D BackgroundInstallControlService: Package event received: 0
05-31 02:46:40.870  3645  3645 I HoneySpace.WallpaperBlurView: apply(): progress = 2.0, radius = 250, preset = PresetConfigure(blurRadius=250, id=132, alphaScaleFactor=765.0)
05-31 02:46:40.876 27725 27744 E ashmem  : Pinning is deprecated since Android Q. Please use trim or other methods.
05-31 02:46:40.878  3645  3645 I HoneySpace.WallpaperBlurView: apply(): progress = 2.0, radius = 250, preset = PresetConfigure(blurRadius=250, id=132, alphaScaleFactor=765.0)
05-31 02:46:40.881  1476  1476 D Zygote  : Forked child process 27747
05-31 02:46:40.882  2407  2496 I ActivityManager: Start proc 27747:com.samsung.android.samsungpass/u0a110 for content provider {com.samsung.android.samsungpass/com.samsung.android.samsungpass.passservice.provider.SamsungPassProvider}
05-31 02:46:40.882  2407  2496 I ActivityManager: ProcessObserver broadcast disabled
05-31 02:46:40.886  2407  3679 D SecContentProvider: query(), uri = 15 selection = isClipboardAllowedAsUser
05-31 02:46:40.886  2407  3679 D SecContentProvider: called from android.uid.honeyboard:10181
05-31 02:46:40.886  2407  3679 D RestrictionPolicy: isClipboardAllowed : true
05-31 02:46:40.886  2407  3679 D SecContentProvider: SemKnoxPolicyContract.RestrictionPolicy.CLIPBOARD_ALLOWED_AS_USER return = true
05-31 02:46:40.887  3645  3645 I HoneySpace.WallpaperBlurView: apply(): progress = 2.0, radius = 250, preset = PresetConfigure(blurRadius=250, id=132, alphaScaleFactor=765.0)
05-31 02:46:40.889  2407  2860 D SecContentProvider: query(), uri = 15 selection = isClipboardAllowedAsUser
05-31 02:46:40.890  2407  2860 D SecContentProvider: called from android.uid.honeyboard:10181
05-31 02:46:40.890  2407  2860 D RestrictionPolicy: isClipboardAllowed : true
05-31 02:46:40.890  2407  2860 D SecContentProvider: SemKnoxPolicyContract.RestrictionPolicy.CLIPBOARD_ALLOWED_AS_USER return = true
05-31 02:46:40.893  1548 27270 I sensors-hal: handle_sns_std_sensor_event:311, [SSC_LIGHT] P: 5(5),m:7,c:27,b:53,c0:464,l:5,f(r):67,u(bl):100,j:3
05-31 02:46:40.893  2407  2860 D SecContentProvider: query(), uri = 15 selection = isClipboardAllowedAsUser
05-31 02:46:40.893  2407  2860 D SecContentProvider: called from android.uid.honeyboard:10181
05-31 02:46:40.893  2407  2860 D RestrictionPolicy: isClipboardAllowed : true
05-31 02:46:40.893  2407  2860 D SecContentProvider: SemKnoxPolicyContract.RestrictionPolicy.CLIPBOARD_ALLOWED_AS_USER return = true
05-31 02:46:40.895  2407  2860 D SecContentProvider: query(), uri = 15 selection = isClipboardAllowedAsUser
05-31 02:46:40.895  2407  2860 D SecContentProvider: called from android.uid.honeyboard:10181
05-31 02:46:40.895  2407  2860 D RestrictionPolicy: isClipboardAllowed : true
05-31 02:46:40.895  2407  2860 D SecContentProvider: SemKnoxPolicyContract.RestrictionPolicy.CLIPBOARD_ALLOWED_AS_USER return = true
05-31 02:46:40.895  3645  3645 I HoneySpace.WallpaperBlurView: apply(): progress = 2.0, radius = 250, preset = PresetConfigure(blurRadius=250, id=132, alphaScaleFactor=765.0)
05-31 02:46:40.896  2407  2860 D SecContentProvider: query(), uri = 15 selection = isClipboardAllowedAsUser
05-31 02:46:40.896  2407  2860 D SecContentProvider: called from android.uid.honeyboard:10181
05-31 02:46:40.896  2407  2860 D RestrictionPolicy: isClipboardAllowed : true
05-31 02:46:40.896  2407  2860 D SecContentProvider: SemKnoxPolicyContract.RestrictionPolicy.CLIPBOARD_ALLOWED_AS_USER return = true
05-31 02:46:40.898  2407  2860 D SecContentProvider: query(), uri = 15 selection = isClipboardAllowedAsUser
05-31 02:46:40.898  2407  2860 D SecContentProvider: called from android.uid.honeyboard:10181
05-31 02:46:40.898  2407  2860 D RestrictionPolicy: isClipboardAllowed : true
05-31 02:46:40.898  2407  2860 D SecContentProvider: SemKnoxPolicyContract.RestrictionPolicy.CLIPBOARD_ALLOWED_AS_USER return = true
05-31 02:46:40.901  2407  2860 D SecContentProvider: query(), uri = 15 selection = isClipboardAllowedAsUser
05-31 02:46:40.901  2407  2860 D SecContentProvider: called from android.uid.honeyboard:10181
05-31 02:46:40.901  2407  2860 D RestrictionPolicy: isClipboardAllowed : true
05-31 02:46:40.901  2407  2860 D SecContentProvider: SemKnoxPolicyContract.RestrictionPolicy.CLIPBOARD_ALLOWED_AS_USER return = true
05-31 02:46:40.903  2407  2860 D SecContentProvider: query(), uri = 15 selection = isClipboardAllowedAsUser
05-31 02:46:40.903  2407  2860 D SecContentProvider: called from android.uid.honeyboard:10181
05-31 02:46:40.903  2407  2860 D RestrictionPolicy: isClipboardAllowed : true
05-31 02:46:40.903  2407  2860 D SecContentProvider: SemKnoxPolicyContract.RestrictionPolicy.CLIPBOARD_ALLOWED_AS_USER return = true
05-31 02:46:40.904  3645  3645 I HoneySpace.WallpaperBlurView: apply(): progress = 2.0, radius = 250, preset = PresetConfigure(blurRadius=250, id=132, alphaScaleFactor=765.0)
05-31 02:46:40.905  2407  2860 I WindowManager: Relayout Window{f0344b5 u0 InputMethod}: viewVisibility=0 req=1080x2259 ty=2011 d0
05-31 02:46:40.906  1661  1803 I SurfaceFlinger: id=38956 createSurf, flag=44004, InputMethod$_5534#38956
05-31 02:46:40.907  2407  2860 D WindowManager: makeSurface duration=2 name=InputMethod$_5534
05-31 02:46:40.908  2407  2860 D SurfaceComposerClient: setCornerRadius ## 75ca107 com.sec.android.app.launcher/com.sec.android.app.launcher.activities.LauncherActivity#127 cornerRadius=0.000000
05-31 02:46:40.908  2407  2860 I WindowManager: Cancelling animation restarting=true, leash=Surface(name=Surface(name=2e1e847 NavigationBar0)/@0xba5d569 - animation-leash of insets_animation)/@0xbc0d477
05-31 02:46:40.908  2407  2860 I WindowManager: Reparenting to original parent: Surface(name=WindowToken{d207786 type=2019 android.os.BinderProxy@6cfe7c8})/@0x4d80bee, destroy=false, surface=Surface(name=2e1e847 NavigationBar0)/@0xba5d569
05-31 02:46:40.908  2407  2860 I WindowManager: Reparenting to leash, surface=Surface(name=2e1e847 NavigationBar0)/@0xba5d569, leashParent=Surface(name=WindowToken{d207786 type=2019 android.os.BinderProxy@6cfe7c8})/@0x4d80bee
05-31 02:46:40.908  1661  1802 I SurfaceFlinger: id=38957 createSurf, flag=24000, Surface(name=2e1e847 NavigationBar0)/@0xba5d569 - animation-leash of insets_animation#38957
05-31 02:46:40.909  2407  2860 D WindowManager: makeSurface duration=1 leash=Surface(name=Surface(name=2e1e847 NavigationBar0)/@0xba5d569 - animation-leash of insets_animation)/@0xa37b28c
05-31 02:46:40.910  2407  2860 D InsetsSourceProvider: updateControlForTarget: control=InsetsSourceControl: {f0970001 mType=navigationBars initiallyVisible mSurfacePosition=Point(0, 2196) mInsetsHint=Insets{left=0, top=0, right=0, bottom=144}}, target=PermanentControlTarget, from=com.android.server.wm.InsetsStateController.onControlTargetChanged:83 com.android.server.wm.InsetsPolicy.updateBarControlTarget:225 com.android.server.wm.DisplayPolicy.updateSystemBarAttributes:262 com.android.server.wm.DisplayPolicy.finishPostLayoutPolicyLw:17 com.android.server.wm.RootWindowContainer.applySurfaceChangesTransaction$1:195 
05-31 02:46:40.910  2407  2860 D WindowManager: updateSystemBarAttributes: displayId=0, focusedCanBeNavColorWin=false, win=Window{75ca107 u0 com.sec.android.app.launcher/com.sec.android.app.launcher.activities.LauncherActivity}, navColorWin=Window{f0344b5 u0 InputMethod}, caller=com.android.server.wm.DisplayPolicy.finishPostLayoutPolicyLw:17 com.android.server.wm.RootWindowContainer.applySurfaceChangesTransaction$1:195 com.android.server.wm.RootWindowContainer.performSurfacePlacementNoTrace:59 
05-31 02:46:40.910  2407  2860 D WindowManager: updateSystemBarAttributes, bhv=2, apr=16, statusBarAprRegions=[AppearanceRegion{ bounds=[0,0][1080,2340]}], requestedVisibilities=-1
05-31 02:46:40.910  2407  2860 D SurfaceComposerClient: setCornerRadius ## 75ca107 com.sec.android.app.launcher/com.sec.android.app.launcher.activities.LauncherActivity#127 cornerRadius=0.000000
05-31 02:46:40.911  2407  2860 I WindowManager: Relayout hash=f0344b5, pid=5534, syncId=-1: mAttrs={(0,0)(fillxfill) gr=BOTTOM CENTER_VERTICAL sim={adjust=pan} ty=INPUT_METHOD fmt=TRANSPARENT wanim=0x7f1401fe preferredMinDisplayRefreshRate=60.0 receive insets ignoring z-order
05-31 02:46:40.911  2407  2860 I WindowManager:   fl=81800108
05-31 02:46:40.911  2407  2860 I WindowManager:   pfl=14000000
05-31 02:46:40.911  2407  2860 I WindowManager:   vsysui=10
05-31 02:46:40.911  2407  2860 I WindowManager:   apr=10
05-31 02:46:40.911  2407  2860 I WindowManager:   bhv=1
05-31 02:46:40.911  2407  2860 I WindowManager:   fitTypes=3
05-31 02:46:40.911  2407  2860 I WindowManager:   fitSides=7
05-31 02:46:40.911  2407  2860 I WindowManager:   fitIgnoreVis
05-31 02:46:40.911  2407  2860 I WindowManager:   frameRateBoostOnTouch=true
05-31 02:46:40.911  2407  2860 I WindowManager:   dvrrWindowFrameRateHint=true
05-31 02:46:40.911  2407  2860 I WindowManager:  dimAmount=0.18 dimDuration=150 naviIconColor=0}
05-31 02:46:40.912  1661  1661 I SurfaceFlinger: [InputMethod$_5534#38956] attach to parent LayerHierarchy{RequestedLayerState{f0344b5 InputMethod#34503 parentId=38954} 1 children}
05-31 02:46:40.912  1661  1661 I SurfaceFlinger: [Surface(name=2e1e847 NavigationBar0)/@0xba5d569 - animation-leash of insets_animation#38957] attach to parent LayerHierarchy{RequestedLayerState{WindowToken{d207786 type=2019 android.os.BinderProxy@6cfe7c8}#90 parentId=34} 2 children}
05-31 02:46:40.912  3645  3645 I HoneySpace.WallpaperBlurView: apply(): progress = 2.0, radius = 250, preset = PresetConfigure(blurRadius=250, id=132, alphaScaleFactor=765.0)
05-31 02:46:40.912  3211  3312 D WindowManagerShell: onKeepClearAreasChanged: restricted={}, unrestricted={Rect(0, 1446 - 1080, 2196)}
05-31 02:46:40.914  5534  5534 W libc    : Access denied finding property "vendor.display.enable_optimal_refresh_rate"
05-31 02:46:40.914  3211  3211 D NavigationBar: onSystemBarAttributesChanged() -  displayId:0, appearance:16, packageName: com.sec.android.app.launcher (APPEARANCE_LIGHT_NAVIGATION_BARS ), navbarColorManagedByIme:true
05-31 02:46:40.915  5534  5534 I BufferQueueProducer: [](id:159e00000098,api:0,p:932483056,c:5534) setDequeueTimeout:2077252342
05-31 02:46:40.915 27747 27747 I oid.samsungpass: Using CollectorTypeCMC GC.
05-31 02:46:40.915  3211  3211 D SamsungLightBarControlHelper: updateNavigationBar (BLACK button) isLightOpaque:false, hasLightNavigationBarFlag:true, packageName:com.sec.android.app.launcher, DirectReplying:false, NavBarColorMangedByIme:true, ForceDarkForScrim:false, ForceLightForScrim:false, QsCustomizing:false, QsExpanded:false
05-31 02:46:40.915  5534  5534 I BLASTBufferQueue_Java: new BLASTBufferQueue, mName= VRI[InputMethod]@8fb48d mNativeObject= 0xb400007277a06fa0 caller= android.view.ViewRootImpl.updateBlastSurfaceIfNeeded:3585 android.view.ViewRootImpl.relayoutWindow:11685 android.view.ViewRootImpl.performTraversals:4804 android.view.ViewRootImpl.doTraversal:3924 android.view.ViewRootImpl$TraversalRunnable.run:12903 android.view.Choreographer$CallbackRecord.run:1901 android.view.Choreographer$CallbackRecord.run:1910 android.view.Choreographer.doCallbacks:1367 android.view.Choreographer.doFrame:1292 android.view.Choreographer$FrameDisplayEventReceiver.run:1870 
05-31 02:46:40.915  5534  5534 I BLASTBufferQueue_Java: update, w= 1080 h= 2259 mName = VRI[InputMethod]@8fb48d mNativeObject= 0xb400007277a06fa0 sc.mNativeObject= 0xb400007307927510 format= -2 caller= android.view.ViewRootImpl.updateBlastSurfaceIfNeeded:3590 android.view.ViewRootImpl.relayoutWindow:11685 android.view.ViewRootImpl.performTraversals:4804 android.view.ViewRootImpl.doTraversal:3924 android.view.ViewRootImpl$TraversalRunnable.run:12903 android.view.Choreographer$CallbackRecord.run:1901 
05-31 02:46:40.916  5534  5534 W libc    : Access denied finding property "vendor.display.enable_optimal_refresh_rate"
05-31 02:46:40.916  5534  5534 I VRI[InputMethod]@8fb48d: Relayout returned: old=(0,81,1080,2340) new=(0,81,1080,2340) relayoutAsync=false req=(1080,2259)0 dur=9 res=0x3 s={true 0xb4000072f79fd950} ch=true seqId=6
05-31 02:46:40.919  5534  5534 I VRI[InputMethod]@8fb48d: Creating new active sync group VRI[InputMethod]@8fb48d#8
05-31 02:46:40.919  2407  2860 D WindowManager: setInsetsWindow Window{f0344b5 u0 InputMethod}, contentInsets=Rect(0, 1365 - 0, 0) -> Rect(0, 1365 - 0, 0), visibleInsets=Rect(0, 1365 - 0, 0) -> Rect(0, 1365 - 0, 0), touchableRegion=SkRegion((0,1365,1080,2115)) -> SkRegion((0,1365,1080,2115)), touchableInsets 3 -> 3
05-31 02:46:40.919  2407  2860 D SurfaceComposerClient: setCornerRadius ## 75ca107 com.sec.android.app.launcher/com.sec.android.app.launcher.activities.LauncherActivity#127 cornerRadius=0.000000
05-31 02:46:40.920  1661  1661 I SurfaceFlinger: [LayerHierarchy{RequestedLayerState{2e1e847 NavigationBar0#91 parentId=38957} 1 children}] reparent to LayerHierarchy{RequestedLayerState{Surface(name=2e1e847 NavigationBar0)/@0xba5d569 - animation-leash of insets_animation#38957 parentId=90} 1 children}
05-31 02:46:40.920  1661  1661 I SurfaceFlinger: [LayerHierarchy{RequestedLayerState{Surface(name=2e1e847 NavigationBar0)/@0xba5d569 - animation-leash of insets_animation#38950} no children}] reparent to OffscreenRoot
05-31 02:46:40.920  1661  1661 I SurfaceFlinger: [LayerHierarchy{RequestedLayerState{Surface(name=2e1e847 NavigationBar0)/@0xba5d569 - animation-leash of insets_animation#38950} no children}] RelativeParent to null
05-31 02:46:40.920  2407  2860 D SurfaceComposerClient: setCornerRadius ## 75ca107 com.sec.android.app.launcher/com.sec.android.app.launcher.activities.LauncherActivity#127 cornerRadius=0.000000
05-31 02:46:40.920  3645  3645 I HoneySpace.WallpaperBlurView: apply(): progress = 2.0, radius = 250, preset = PresetConfigure(blurRadius=250, id=132, alphaScaleFactor=765.0)
05-31 02:46:40.926  1661  1803 I SurfaceFlinger: id=38950 Removed Surface(name=2e1e847 NavigationBar0)/@0xba5d569 - animation-leash of insets_animation#38950 (179)
05-31 02:46:40.926  2407  2489 I InsetsController: onStateChanged: host=PermanentControlTarget, from=com.android.server.wm.InsetsPolicy$ControlTarget.run:18, state=InsetsState: {mDisplayFrame=Rect(0, 0 - 1080, 2340), mDisplayCutout=DisplayCutout{insets=Rect(0, 81 - 0, 0) waterfall=Insets{left=0, top=0, right=0, bottom=0} boundingRect={Bounds=[Rect(0, 0 - 0, 0), Rect(512, 0 - 568, 81), Rect(0, 0 - 0, 0), Rect(0, 0 - 0, 0)]} cutoutPathParserInfo={CutoutPathParserInfo{displayWidth=1080 displayHeight=2340 physicalDisplayWidth=1080 physicalDisplayHeight=2340 density={3.0} cutoutSpec={M 0,0 H -9.333333333333333 V 27 H 9.333333333333333 V 0 H 0 Z @dp} rotation={0} scale={1.0} physicalPixelDisplaySizeRatio={1.0}}} sideOverrides={}}, mRoundedCorners=RoundedCorners{[RoundedCorner{position=TopLeft, radius=102, center=Point(102, 102)}, RoundedCorner{position=TopRight, radius=102, center=Point(978, 102)}, RoundedCorner{position=BottomRight, radius=102, center=Point(978, 2238)}, RoundedCorner{position=BottomLeft, radius=102, center=Point(102, 2238)}]}  mRoundedCornerFrame=Rect(0, 0 - 0, 0), mPrivacyIndicatorBounds=PrivacyIndicatorBounds {static bounds=Rect(948, 0 - 1080, 81) rotation=0}, mDisplayShape=DisplayShape{ spec=-311912193 displayWidth=1080 displayHeight=2340 physicalPixelDisplaySizeRatio=1.0 rotation=0 offsetX=0 offsetY=0 scale=1.0}, mSources= { InsetsSource: {f0970001 mType=navigationBars mFrame=[0,2196][1080,2340] mVisible=true mFlags= mSideHint=BOTTOM mBoundingRects=null}, InsetsSource: {f0970004 mType=systemGestures mFrame=[0,0][0,0] mVisible=true mFlags= mSideHint=NONE mBoundingRects=null}, InsetsSource: {f0970005 mType=mandatorySystemGestures mFrame=[0,2196][1080,2340] mVisible=true mFlags= mSideHint=BOTTOM mBoundingRects=null}, InsetsSource: {f0970006 mType=tappableElement mFrame=[0,2196][1080,2340] mVisible=true mFlags= mSideHint=BOTTOM mBoundingRects=null}, InsetsSource: {f0970024 mType=systemGestures mFrame=[0,0][0,0] mVisible=true mFlags= mSideHint=NONE mBoundingRects=null}, InsetsSource: {3 mType=ime mFrame=[0,0][0,0] mVisible=false mFlags= mSideHint=NONE mBoundingRects=null}, InsetsSource: {27 mType=displayCutout mFrame=[0,0][1080,81] mVisible=true mFlags= mSideHint=TOP mBoundingRects=null}, InsetsSource: {4a9d0000 mType=statusBars mFrame=[0,0][1080,81] mVisible=true mFlags= mSideHint=TOP mBoundingRects=null}, InsetsSource: {4a9d0005 mType=mandatorySystemGestures mFrame=[0,0][1080,117] mVisible=true mFlags= mSideHint=TOP mBoundingRects=null}, InsetsSource: {4a9d0006 mType=tappableElement mFrame=[0,0][1080,81] mVisible=true mFlags= mSideHint=TOP mBoundingRects=null} }
05-31 02:46:40.926  2407  2489 I InsetsSourceConsumer: applyRequestedVisibilityToControl: visible=true, type=navigationBars, host=PermanentControlTarget
05-31 02:46:40.928  1661  1661 I SurfaceFlinger: destroyed Surface(name=2e1e847 NavigationBar0)/@0xba5d569 - animation-leash of insets_animation#38950 form LifecycleManager
05-31 02:46:40.928  1661  1661 I SurfaceFlinger: id=38950 onLayerDestroyed from LayerHierarchyBuilder(RequestedLayerState{Surface(name=2e1e847 NavigationBar0)/@0xba5d569 - animation-leash of insets_animation#38950 !handle})
05-31 02:46:40.929  3645  3645 I HoneySpace.WallpaperBlurView: apply(): progress = 2.0, radius = 250, preset = PresetConfigure(blurRadius=250, id=132, alphaScaleFactor=765.0)
05-31 02:46:40.929  1661  1661 I Layer   : id=38950 Destroyed Surface(name=2e1e847 NavigationBar0)/@0xba5d569 - animation-leash of insets_animation#38950
05-31 02:46:40.935  5534  7738 I VRI[InputMethod]@8fb48d: mWNT: t=0xb4000074479aa790 mBlastBufferQueue=0xb400007277a06fa0 fn= 1 HdrRenderState mRenderHdrSdrRatio=1.0 caller= android.view.ViewRootImpl$12.onFrameDraw:15441 android.view.ThreadedRenderer$1.onFrameDraw:718 <bottom of call stack> 
05-31 02:46:40.935  5534  7738 I VRI[InputMethod]@8fb48d: Setting up sync and frameCommitCallback
05-31 02:46:40.937  3645  3645 I HoneySpace.BackgroundManagerImpl: setProgress: com.honeyspace.sdk.FinderScreen$Normal@c1e81f0, p=1.0, ch=227959805, open=true
05-31 02:46:40.937  3645  3645 I HoneySpace.BackgroundManagerImpl: setProgressToScrimView[ch=227959805]: progress = 1.0, dim = 0.0, currentDimAlpha={177579539=0.0, 227959805=0.0, 258660469=0.0}
05-31 02:46:40.937  3645  3645 I HoneySpace.WallpaperBlurView: apply(): progress = 2.0, radius = 250, preset = PresetConfigure(blurRadius=250, id=132, alphaScaleFactor=765.0)
05-31 02:46:40.937  3645  3645 I HoneySpace.BackgroundManagerImpl: setProgressToBlurView[ch=227959805, st =  com.honeyspace.sdk.FinderScreen$Normal@c1e81f0, progress = 1.0, wb= 2.0]
05-31 02:46:40.937  3645  3645 I HoneySpace.HoneyScreenManagerImpl: gotoScreenWithAnimation shouldOpen doOnEnd: FINDER
05-31 02:46:40.937  3645  3645 I HoneySpace.HoneyScreenManagerImpl: clearScreenCujState not supported screen = FINDER
05-31 02:46:40.937  3645  3645 I HoneySpace.HoneyScreenManagerImpl: Hide APPS
05-31 02:46:40.937  3645  3645 I HoneySpace.ContentsAnimator: end call
05-31 02:46:40.937  3645  3645 I HoneySpace.AppscreenPot: hide
05-31 02:46:40.937  3645  3645 I HoneySpace.AppscreenPot: changeState currentHoneyState: com.honeyspace.sdk.AppScreen$Normal@abf54ae changedState: com.honeyspace.sdk.AppScreen$Normal@abf54ae
05-31 02:46:40.937  3645  3645 I HoneySpace.ApplistFastRecyclerView: setCurrentPage() currentPage: 0, getNextPage: 0
05-31 02:46:40.938  3645  3645 I HoneySpace.PageIndicatorViewModel: updateTargetPage 0
05-31 02:46:40.938  3645  3645 I HoneySpace.SearchHoneyPot: onShown
05-31 02:46:40.938  3645  3645 I HoneySpace.SearchHoneyPot: getAlphaAnimView : false
05-31 02:46:40.938  3645  3645 I HoneySpace.SearchHoneyPot: getAlphaAnimView : false
05-31 02:46:40.938  3645  3645 I HoneySpace.BackgroundManagerImpl: checkAndUpdateBackgroundEffect: com.honeyspace.sdk.FinderScreen$Normal@c1e81f0, ch=227959805, forceApply=true
05-31 02:46:40.938  3645  3645 I HoneySpace.BackgroundManagerImpl: applyCurrentBackgroundEffect
05-31 02:46:40.938  3645  3645 I HoneySpace.WallpaperBlurView: apply(): progress = 2.0, radius = 250, preset = PresetConfigure(blurRadius=250, id=132, alphaScaleFactor=765.0)
05-31 02:46:40.939  3885 23293 I SCS@AiSearch user 0: (SearchProvider) [binder:3885_7] entering in call():  method: init is called from com.sec.android.app.launcher
05-31 02:46:40.939  3645  3645 I HoneySpace.WhiteBgColorUpdater: changeWhiteBgSystemUIColor, com.android.internal.policy.DecorView{5fff451 V.E...... R......D 0,0-1080,2340 aid=0}[LauncherActivity], type = 2, supportWhiteBg = false, forced = false, fromHoneyType = finder, darkStatusBar = 0, darkNavigationBar = false
05-31 02:46:40.939  3885 23293 I SCS@AiSearch user 0: (SearchProvider) [binder:3885_7] leaving from call():  
05-31 02:46:40.939  3645  3645 I HoneySpace.WhiteBgColorChanger: changeStatusBarColor, view = com.android.internal.policy.DecorView{5fff451 V.E...... R......D 0,0-1080,2340 aid=0}[LauncherActivity], isDarkColor = false
05-31 02:46:40.940  3645  3645 I HoneySpace.WhiteBgColorUpdater: changeWhiteBgSystemUIColor, com.android.internal.policy.DecorView{5fff451 V.E...... R......D 0,0-1080,2340 aid=0}[LauncherActivity], type = 3, supportWhiteBg = false, forced = false, fromHoneyType = finder, darkStatusBar = 0, darkNavigationBar = false
05-31 02:46:40.940  3645  3645 I HoneySpace.WhiteBgColorChanger: changeNavigationBarColor, view = com.android.internal.policy.DecorView{5fff451 V.E...... R......D 0,0-1080,2340 aid=0}[LauncherActivity], isDarkColor = false
05-31 02:46:40.939  5077  5114 V OsAgent : broadcastSystemEvent - 7
05-31 02:46:40.940  3645  3645 I HoneySpace.GalaxyStoreDownloadManager: downloadService version is : 3
05-31 02:46:40.941  3645 26739 I SearchEngineAppSuggestion: visTime: changed 1780184800940 1780183365310 21339588
05-31 02:46:40.942  3645 26736 I SearchEngineHotwords: Vis changed: 1780184800940
05-31 02:46:40.944  3645 26736 I ResultDataManager: Results: keys=SUGGESTED_APPS, SUGGESTED_TAG, SUGGESTED_DIRECTORY, HISTORY_KEYWORD
05-31 02:46:40.944  3645 26736 I SearchEngine: query: reTriggered: [emit] 8 HOT_WORDS takes 0 contents=[0]
05-31 02:46:40.949  5534  7740 I BLASTBufferQueue: [VRI[InputMethod]@8fb48d#152](f:0,a:0,s:0) onFrameAvailable the first frame is available
05-31 02:46:40.949  5534  7740 I SurfaceComposerClient: apply transaction with the first frame. layerId: 38956, bufferData(ID: 23768349016677, frameNumber: 1)
05-31 02:46:40.950  1661  2079 I SurfaceFlinger: [InputMethod$_5534#38956] setTransactionState with the first frame. bufferData(ID: 23768349016677, frameNumber: 1)
05-31 02:46:40.950  5534  7740 I VRI[InputMethod]@8fb48d: Received frameCommittedCallback lastAttemptedDrawFrameNum=1 didProduceBuffer=true
05-31 02:46:40.951  2407  3679 D WindowManager: finishDrawingWindow: Window{f0344b5 u0 InputMethod} mDrawState=DRAW_PENDING seqId=6
